Component: ARM Compiler 5.06 update 1 (build 61) Tool: armlink [4d35a8]

==============================================================================

Section Cross References

    main.o(i.File_Processed) refers to _printf_percent.o(.ARM.Collect$$_printf_percent$$00000000) for _printf_percent
    main.o(i.File_Processed) refers to _printf_s.o(.ARM.Collect$$_printf_percent$$00000014) for _printf_s
    main.o(i.File_Processed) refers to _printf_str.o(.text) for _printf_str
    main.o(i.File_Processed) refers to _printf_x.o(.ARM.Collect$$_printf_percent$$0000000C) for _printf_x
    main.o(i.File_Processed) refers to _printf_hex_int.o(.text) for _printf_longlong_hex
    main.o(i.File_Processed) refers to _printf_u.o(.ARM.Collect$$_printf_percent$$0000000A) for _printf_u
    main.o(i.File_Processed) refers to _printf_dec.o(.text) for _printf_int_dec
    main.o(i.File_Processed) refers to _printf_d.o(.ARM.Collect$$_printf_percent$$00000009) for _printf_d
    main.o(i.File_Processed) refers to ff.o(i.f_mount) for f_mount
    main.o(i.File_Processed) refers to ff.o(i.f_open) for f_open
    main.o(i.File_Processed) refers to ff.o(i.f_read) for f_read
    main.o(i.File_Processed) refers to noretval__2printf.o(.text) for __2printf
    main.o(i.File_Processed) refers to strcpy.o(.text) for strcpy
    main.o(i.File_Processed) refers to main.o(i.seconds_to_time) for seconds_to_time
    main.o(i.File_Processed) refers to timer.o(i.TIM6_Trigger_DAC_Init) for TIM6_Trigger_DAC_Init
    main.o(i.File_Processed) refers to main.o(.bss) for FatFs
    main.o(i.File_Processed) refers to main.o(.data) for br
    main.o(i.File_Processed) refers to stm32f4xx_dma.o(i.DMA_GetFlagStatus) for DMA_GetFlagStatus
    main.o(i.File_Processed) refers to stm32f4xx_dma.o(i.DMA_ClearFlag) for DMA_ClearFlag
    main.o(i.File_Processed) refers to stm32f4xx_dma.o(i.DMA_Cmd) for DMA_Cmd
    main.o(i.File_Processed) refers to dma.o(i.DACDMA_Initial) for DACDMA_Initial
    main.o(i.File_Processed) refers to ff.o(i.f_close) for f_close
    main.o(i.Initial_Structure_List) refers to _printf_pad.o(.text) for _printf_pre_padding
    main.o(i.Initial_Structure_List) refers to _printf_percent.o(.ARM.Collect$$_printf_percent$$00000000) for _printf_percent
    main.o(i.Initial_Structure_List) refers to _printf_u.o(.ARM.Collect$$_printf_percent$$0000000A) for _printf_u
    main.o(i.Initial_Structure_List) refers to _printf_s.o(.ARM.Collect$$_printf_percent$$00000014) for _printf_s
    main.o(i.Initial_Structure_List) refers to _printf_dec.o(.text) for _printf_int_dec
    main.o(i.Initial_Structure_List) refers to _printf_str.o(.text) for _printf_str
    main.o(i.Initial_Structure_List) refers to ff.o(i.f_mount) for f_mount
    main.o(i.Initial_Structure_List) refers to ff.o(i.f_opendir) for f_opendir
    main.o(i.Initial_Structure_List) refers to noretval__2printf.o(.text) for __2printf
    main.o(i.Initial_Structure_List) refers to ff.o(i.f_readdir) for f_readdir
    main.o(i.Initial_Structure_List) refers to noretval__2sprintf.o(.text) for __2sprintf
    main.o(i.Initial_Structure_List) refers to ff.o(i.f_closedir) for f_closedir
    main.o(i.Initial_Structure_List) refers to strcpy.o(.text) for strcpy
    main.o(i.Initial_Structure_List) refers to main.o(.bss) for fs
    main.o(i.Initial_Structure_List) refers to main.o(.data) for res
    main.o(i.back_update_strucre_list) refers to _printf_percent.o(.ARM.Collect$$_printf_percent$$00000000) for _printf_percent
    main.o(i.back_update_strucre_list) refers to _printf_s.o(.ARM.Collect$$_printf_percent$$00000014) for _printf_s
    main.o(i.back_update_strucre_list) refers to _printf_str.o(.text) for _printf_str
    main.o(i.back_update_strucre_list) refers to ff.o(i.f_mount) for f_mount
    main.o(i.back_update_strucre_list) refers to ff.o(i.f_opendir) for f_opendir
    main.o(i.back_update_strucre_list) refers to noretval__2printf.o(.text) for __2printf
    main.o(i.back_update_strucre_list) refers to ff.o(i.f_readdir) for f_readdir
    main.o(i.back_update_strucre_list) refers to noretval__2sprintf.o(.text) for __2sprintf
    main.o(i.back_update_strucre_list) refers to strcmpv7m.o(.text) for strcmp
    main.o(i.back_update_strucre_list) refers to ff.o(i.dir_sdi) for dir_sdi
    main.o(i.back_update_strucre_list) refers to strcpy.o(.text) for strcpy
    main.o(i.back_update_strucre_list) refers to ff.o(i.f_closedir) for f_closedir
    main.o(i.back_update_strucre_list) refers to main.o(.bss) for fs
    main.o(i.back_update_strucre_list) refers to main.o(.data) for res
    main.o(i.main) refers to _printf_percent.o(.ARM.Collect$$_printf_percent$$00000000) for _printf_percent
    main.o(i.main) refers to _printf_s.o(.ARM.Collect$$_printf_percent$$00000014) for _printf_s
    main.o(i.main) refers to _printf_str.o(.text) for _printf_str
    main.o(i.main) refers to clock.o(i.System_Initial) for System_Initial
    main.o(i.main) refers to system_stm32f4xx.o(i.SystemCoreClockUpdate) for SystemCoreClockUpdate
[...]
    __alloca_initialize                       - Undefined Weak Reference
    __arm_preinit_                            - Undefined Weak Reference
    __cpp_initialize__aeabi_                  - Undefined Weak Reference
    __cxa_finalize                            - Undefined Weak Reference
    __sigvec_lookup                           - Undefined Weak Reference
    __user_heap_extent                        - Undefined Weak Reference
    _atexit_init                              - Undefined Weak Reference
    _call_atexit_fns                          - Undefined Weak Reference
    _clock_init                               - Undefined Weak Reference
    _fp_trap_init                             - Undefined Weak Reference
    _fp_trap_shutdown                         - Undefined Weak Reference
    _get_lc_collate                           - Undefined Weak Reference
    _get_lc_monetary                          - Undefined Weak Reference
    _get_lc_time                              - Undefined Weak Reference
    _getenv_init                              - Undefined Weak Reference
    _handle_redirection                       - Undefined Weak Reference
    _initio                                   - Undefined Weak Reference
    _mutex_acquire                            - Undefined Weak Reference
    _mutex_free                               - Undefined Weak Reference
    _mutex_release                            - Undefined Weak Reference
    _printf_mbtowc                            - Undefined Weak Reference
    _printf_truncate_signed                   - Undefined Weak Reference
    _printf_truncate_unsigned                 - Undefined Weak Reference
    _rand_init                                - Undefined Weak Reference
    _signal_finish                            - Undefined Weak Reference
    _signal_init                              - Undefined Weak Reference
    _terminateio                              - Undefined Weak Reference
    __Vectors_Size                           0x00000188   Number         0  startup_stm32f407xx.o ABSOLUTE
    __Vectors                                0x08000000   Data           4  startup_stm32f407xx.o(RESET)
    __Vectors_End                            0x08000188   Data           0  startup_stm32f407xx.o(RESET)
    __main                                   0x08000189   Thumb Code     8  __main.o(!!!main)
    __scatterload                            0x08000191   Thumb Code     0  __scatter.o(!!!scatter)
    __scatterload_rt2                        0x08000191   Thumb Code    44  __scatter.o(!!!scatter)
    __scatterload_rt2_thumb_only             0x08000191   Thumb Code     0  __scatter.o(!!!scatter)
    __scatterload_null                       0x0800019f   Thumb Code     0  __scatter.o(!!!scatter)
    __scatterload_copy                       0x080001c5   Thumb Code    26  __scatter_copy.o(!!handler_copy)
    __scatterload_zeroinit                   0x080001e1   Thumb Code    28  __scatter_zi.o(!!handler_zi)
    _printf_f                                0x080001fd   Thumb Code     0  _printf_f.o(.ARM.Collect$$_printf_percent$$00000003)
    _printf_percent                          0x080001fd   Thumb Code     0  _printf_percent.o(.ARM.Collect$$_printf_percent$$00000000)
    _printf_d                                0x08000203   Thumb Code     0  _printf_d.o(.ARM.Collect$$_printf_percent$$00000009)
    _printf_u                                0x08000209   Thumb Code     0  _printf_u.o(.ARM.Collect$$_printf_percent$$0000000A)
    _printf_x                                0x0800020f   Thumb Code     0  _printf_x.o(.ARM.Collect$$_printf_percent$$0000000C)
    _printf_s                                0x08000215   Thumb Code     0  _printf_s.o(.ARM.Collect$$_printf_percent$$00000014)
    _printf_percent_end                      0x0800021b   Thumb Code     0  _printf_percent_end.o(.ARM.Collect$$_printf_percent$$00000017)
    __rt_lib_init                            0x0800021f   Thumb Code     0  libinit.o(.ARM.Collect$$libinit$$00000000)
    __rt_lib_init_fp_1                       0x08000221   Thumb Code     0  libinit2.o(.ARM.Collect$$libinit$$00000001)
    __rt_lib_init_heap_2                     0x08000225   Thumb Code     0  libinit2.o(.ARM.Collect$$libinit$$00000005)
    __rt_lib_init_preinit_1                  0x08000225   Thumb Code     0  libinit2.o(.ARM.Collect$$libinit$$00000004)
    __rt_lib_init_heap_1                     0x0800022d   Thumb Code     0  libinit2.o(.ARM.Collect$$libinit$$0000000A)
    __rt_lib_init_lc_common                  0x0800022d   Thumb Code     0  libinit2.o(.ARM.Collect$$libinit$$0000000F)
    __rt_lib_init_rand_1                     0x0800022d   Thumb Code     0  libinit2.o(.ARM.Collect$$libinit$$0000000E)
    __rt_lib_init_user_alloc_1               0x0800022d   Thumb Code     0  libinit2.o(.ARM.Collect$$libinit$$0000000C)
    __rt_lib_init_lc_collate_1               0x08000233   Thumb Code     0  libinit2.o(.ARM.Collect$$libinit$$00000011)
    __rt_lib_init_lc_ctype_2                 0x08000233   Thumb Code     0  libinit2.o(.ARM.Collect$$libinit$$00000012)
    __rt_lib_init_lc_ctype_1                 0x0800023f   Thumb Code     0  libinit2.o(.ARM.Collect$$libinit$$00000013)
    __rt_lib_init_lc_monetary_1              0x0800023f   Thumb Code     0  libinit2.o(.ARM.Collect$$libinit$$00000015)
    __rt_lib_init_lc_numeric_2               0x0800023f   Thumb Code     0  libinit2.o(.ARM.Collect$$libinit$$00000016)
    __rt_lib_init_alloca_1                   0x08000249   Thumb Code     0  libinit2.o(.ARM.Collect$$libinit$$0000002E)
    __rt_lib_init_argv_1                     0x08000249   Thumb Code     0  libinit2.o(.ARM.Collect$$libinit$$0000002C)
    __rt_lib_init_atexit_1                   0x08000249   Thumb Code     0  libinit2.o(.ARM.Collect$$libinit$$0000001B)
    __rt_lib_init_clock_1                    0x08000249   Thumb Code     0  libinit2.o(.ARM.Collect$$libinit$$00000021)
    __rt_lib_init_cpp_1                      0x08000249   Thumb Code     0  libinit2.o(.ARM.Collect$$libinit$$00000032)
    __rt_lib_init_exceptions_1               0x08000249   Thumb Code     0  libinit2.o(.ARM.Collect$$libinit$$00000030)
    __rt_lib_init_fp_trap_1                  0x08000249   Thumb Code     0  libinit2.o(.ARM.Collect$$libinit$$0000001F)
    __rt_lib_init_getenv_1                   0x08000249   Thumb Code     0  libinit2.o(.ARM.Collect$$libinit$$00000023)
    __rt_lib_init_lc_numeric_1               0x08000249   Thumb Code     0  libinit2.o(.ARM.Collect$$libinit$$00000017)
    __rt_lib_init_lc_time_1                  0x08000249   Thumb Code     0  libinit2.o(.ARM.Collect$$libinit$$00000019)
    __rt_lib_init_return                     0x08000249   Thumb Code     0  libinit2.o(.ARM.Collect$$libinit$$00000033)
    __rt_lib_init_signal_1                   0x08000249   Thumb Code     0  libinit2.o(.ARM.Collect$$libinit$$0000001D)
    __rt_lib_init_stdio_1                    0x08000249   Thumb Code     0  libinit2.o(.ARM.Collect$$libinit$$00000025)
    __rt_lib_shutdown                        0x0800024b   Thumb Code     0  libshutdown.o(.ARM.Collect$$libshutdown$$00000000)
    __rt_lib_shutdown_cpp_1                  0x0800024d   Thumb Code     0  libshutdown2.o(.ARM.Collect$$libshutdown$$00000002)
    __rt_lib_shutdown_fp_trap_1              0x0800024d   Thumb Code     0  libshutdown2.o(.ARM.Collect$$libshutdown$$00000007)
    __rt_lib_shutdown_heap_1                 0x0800024d   Thumb Code     0  libshutdown2.o(.ARM.Collect$$libshutdown$$0000000F)
    __rt_lib_shutdown_return                 0x0800024d   Thumb Code     0  libshutdown2.o(.ARM.Collect$$libshutdown$$00000010)
    __rt_lib_shutdown_signal_1               0x0800024d   Thumb Code     0  libshutdown2.o(.ARM.Collect$$libshutdown$$0000000A)
    __rt_lib_shutdown_stdio_1                0x0800024d   Thumb Code     0  libshutdown2.o(.ARM.Collect$$libshutdown$$00000004)
    __rt_lib_shutdown_user_alloc_1           0x0800024d   Thumb Code     0  libshutdown2.o(.ARM.Collect$$libshutdown$$0000000C)
    __rt_entry                               0x0800024f   Thumb Code     0  __rtentry.o(.ARM.Collect$$rtentry$$00000000)
    __rt_entry_presh_1                       0x0800024f   Thumb Code     0  __rtentry2.o(.ARM.Collect$$rtentry$$00000002)
    __rt_entry_sh                            0x0800024f   Thumb Code     0  __rtentry4.o(.ARM.Collect$$rtentry$$00000004)
    __rt_entry_li                            0x08000255   Thumb Code     0  __rtentry2.o(.ARM.Collect$$rtentry$$0000000A)
    __rt_entry_postsh_1                      0x08000255   Thumb Code     0  __rtentry2.o(.ARM.Collect$$rtentry$$00000009)
    __rt_entry_main                          0x08000259   Thumb Code     0  __rtentry2.o(.ARM.Collect$$rtentry$$0000000D)
    __rt_entry_postli_1                      0x08000259   Thumb Code     0  __rtentry2.o(.ARM.Collect$$rtentry$$0000000C)
    __rt_exit                                0x08000261   Thumb Code     0  rtexit.o(.ARM.Collect$$rtexit$$00000000)
    __rt_exit_ls                             0x08000263   Thumb Code     0  rtexit2.o(.ARM.Collect$$rtexit$$00000003)
    __rt_exit_prels_1                        0x08000263   Thumb Code     0  rtexit2.o(.ARM.Collect$$rtexit$$00000002)
    __rt_exit_exit                           0x08000267   Thumb Code     0  rtexit2.o(.ARM.Collect$$rtexit$$00000004)
    Reset_Handler                            0x0800026d   Thumb Code     8  startup_stm32f407xx.o(.text)
    _maybe_terminate_alloc                   0x0800026d   Thumb Code     0  maybetermalloc1.o(.emb_text)
    NMI_Handler                              0x08000275   Thumb Code     2  startup_stm32f407xx.o(.text)
    HardFault_Handler                        0x08000277   Thumb Code     2  startup_stm32f407xx.o(.text)
    MemManage_Handler                        0x08000279   Thumb Code     2  startup_stm32f407xx.o(.text)
    BusFault_Handler                         0x0800027b   Thumb Code     2  startup_stm32f407xx.o(.text)
    UsageFault_Handler                       0x0800027d   Thumb Code     2  startup_stm32f407xx.o(.text)
    SVC_Handler                              0x0800027f   Thumb Code     2  startup_stm32f407xx.o(.text)
    DebugMon_Handler                         0x08000281   Thumb Code     2  startup_stm32f407xx.o(.text)
    PendSV_Handler                           0x08000283   Thumb Code     2  startup_stm32f407xx.o(.text)
    ADC_IRQHandler                           0x08000287   Thumb Code     0  startup_stm32f407xx.o(.text)
    CAN1_RX0_IRQHandler                      0x08000287   Thumb Code     0  startup_stm32f407xx.o(.text)
    CAN1_RX1_IRQHandler                      0x08000287   Thumb Code     0  startup_stm32f407xx.o(.text)
    CAN1_SCE_IRQHandler                      0x08000287   Thumb Code     0  startup_stm32f407xx.o(.text)
    CAN1_TX_IRQHandler                       0x08000287   Thumb Code     0  startup_stm32f407xx.o(.text)
    CAN2_RX0_IRQHandler                      0x08000287   Thumb Code     0  startup_stm32f407xx.o(.text)
    CAN2_RX1_IRQHandler                      0x08000287   Thumb Code     0  startup_stm32f407xx.o(.text)
    CAN2_SCE_IRQHandler                      0x08000287   Thumb Code     0  startup_stm32f407xx.o(.text)
    CAN2_TX_IRQHandler                       0x08000287   Thumb Code     0  startup_stm32f407xx.o(.text)
    DCMI_IRQHandler                          0x08000287   Thumb Code     0  startup_stm32f407xx.o(.text)
    DMA1_Stream0_IRQHandler                  0x08000287   Thumb Code     0  startup_stm32f407xx.o(.text)
    DMA1_Stream1_IRQHandler                  0x08000287   Thumb Code     0  startup_stm32f407xx.o(.text)
    DMA1_Stream2_IRQHandler                  0x08000287   Thumb Code     0  startup_stm32f407xx.o(.text)
    DMA1_Stream3_IRQHandler                  0x08000287   Thumb Code     0  startup_stm32f407xx.o(.text)
    DMA1_Stream4_IRQHandler                  0x08000287   Thumb Code     0  startup_stm32f407xx.o(.text)
    DMA1_Stream5_IRQHandler                  0x08000287   Thumb Code     0  startup_stm32f407xx.o(.text)
    DMA1_Stream6_IRQHandler                  0x08000287   Thumb Code     0  startup_stm32f407xx.o(.text)
    DMA1_Stream7_IRQHandler                  0x08000287   Thumb Code     0  startup_stm32f407xx.o(.text)
    DMA2_Stream0_IRQHandler                  0x08000287   Thumb Code     0  startup_stm32f407xx.o(.text)
    DMA2_Stream1_IRQHandler                  0x08000287   Thumb Code     0  startup_stm32f407xx.o(.text)
    DMA2_Stream2_IRQHandler                  0x08000287   Thumb Code     0  startup_stm32f407xx.o(.text)
    DMA2_Stream4_IRQHandler                  0x08000287   Thumb Code     0  startup_stm32f407xx.o(.text)
    DMA2_Stream5_IRQHandler                  0x08000287   Thumb Code     0  startup_stm32f407xx.o(.text)
    DMA2_Stream6_IRQHandler                  0x08000287   Thumb Code     0  startup_stm32f407xx.o(.text)
    DMA2_Stream7_IRQHandler                  0x08000287   Thumb Code     0  startup_stm32f407xx.o(.text)
    ETH_IRQHandler                           0x08000287   Thumb Code     0  startup_stm32f407xx.o(.text)
    ETH_WKUP_IRQHandler                      0x08000287   Thumb Code     0  startup_stm32f407xx.o(.text)
    EXTI0_IRQHandler                         0x08000287   Thumb Code     0  startup_stm32f407xx.o(.text)
    EXTI15_10_IRQHandler                     0x08000287   Thumb Code     0  startup_stm32f407xx.o(.text)
    EXTI1_IRQHandler                         0x08000287   Thumb Code     0  startup_stm32f407xx.o(.text)
    EXTI2_IRQHandler                         0x08000287   Thumb Code     0  startup_stm32f407xx.o(.text)
    EXTI9_5_IRQHandler                       0x08000287   Thumb Code     0  startup_stm32f407xx.o(.text)
    FLASH_IRQHandler                         0x08000287   Thumb Code     0  startup_stm32f407xx.o(.text)
    FMC_IRQHandler                           0x08000287   Thumb Code     0  startup_stm32f407xx.o(.text)
    FPU_IRQHandler                           0x08000287   Thumb Code     0  startup_stm32f407xx.o(.text)
    HASH_RNG_IRQHandler                      0x08000287   Thumb Code     0  startup_stm32f407xx.o(.text)
    I2C1_ER_IRQHandler                       0x08000287   Thumb Code     0  startup_stm32f407xx.o(.text)
    I2C1_EV_IRQHandler                       0x08000287   Thumb Code     0  startup_stm32f407xx.o(.text)
    I2C2_ER_IRQHandler                       0x08000287   Thumb Code     0  startup_stm32f407xx.o(.text)
    I2C2_EV_IRQHandler                       0x08000287   Thumb Code     0  startup_stm32f407xx.o(.text)
    I2C3_ER_IRQHandler                       0x08000287   Thumb Code     0  startup_stm32f407xx.o(.text)
    I2C3_EV_IRQHandler                       0x08000287   Thumb Code     0  startup_stm32f407xx.o(.text)
    OTG_FS_IRQHandler                        0x08000287   Thumb Code     0  startup_stm32f407xx.o(.text)
    OTG_FS_WKUP_IRQHandler                   0x08000287   Thumb Code     0  startup_stm32f407xx.o(.text)
    OTG_HS_EP1_IN_IRQHandler                 0x08000287   Thumb Code     0  startup_stm32f407xx.o(.text)
    OTG_HS_EP1_OUT_IRQHandler                0x08000287   Thumb Code     0  startup_stm32f407xx.o(.text)
    OTG_HS_IRQHandler                        0x08000287   Thumb Code     0  startup_stm32f407xx.o(.text)
    OTG_HS_WKUP_IRQHandler                   0x08000287   Thumb Code     0  startup_stm32f407xx.o(.text)
    PVD_IRQHandler                           0x08000287   Thumb Code     0  startup_stm32f407xx.o(.text)
    RCC_IRQHandler                           0x08000287   Thumb Code     0  startup_stm32f407xx.o(.text)
    RTC_Alarm_IRQHandler                     0x08000287   Thumb Code     0  startup_stm32f407xx.o(.text)
    RTC_WKUP_IRQHandler                      0x08000287   Thumb Code     0  startup_stm32f407xx.o(.text)
    SPI1_IRQHandler                          0x08000287   Thumb Code     0  startup_stm32f407xx.o(.text)
    SPI2_IRQHandler                          0x08000287   Thumb Code     0  startup_stm32f407xx.o(.text)
    SPI3_IRQHandler                          0x08000287   Thumb Code     0  startup_stm32f407xx.o(.text)
    TAMP_STAMP_IRQHandler                    0x08000287   Thumb Code     0  startup_stm32f407xx.o(.text)
    TIM1_BRK_TIM9_IRQHandler                 0x08000287   Thumb Code     0  startup_stm32f407xx.o(.text)
    TIM1_CC_IRQHandler                       0x08000287   Thumb Code     0  startup_stm32f407xx.o(.text)
    TIM1_TRG_COM_TIM11_IRQHandler            0x08000287   Thumb Code     0  startup_stm32f407xx.o(.text)
    TIM1_UP_TIM10_IRQHandler                 0x08000287   Thumb Code     0  startup_stm32f407xx.o(.text)
    TIM2_IRQHandler                          0x08000287   Thumb Code     0  startup_stm32f407xx.o(.text)
    TIM3_IRQHandler                          0x08000287   Thumb Code     0  startup_stm32f407xx.o(.text)
    TIM4_IRQHandler                          0x08000287   Thumb Code     0  startup_stm32f407xx.o(.text)
    TIM5_IRQHandler                          0x08000287   Thumb Code     0  startup_stm32f407xx.o(.text)
    TIM6_DAC_IRQHandler                      0x08000287   Thumb Code     0  startup_stm32f407xx.o(.text)
    TIM7_IRQHandler                          0x08000287   Thumb Code     0  startup_stm32f407xx.o(.text)
    TIM8_BRK_TIM12_IRQHandler                0x08000287   Thumb Code     0  startup_stm32f407xx.o(.text)
    TIM8_CC_IRQHandler                       0x08000287   Thumb Code     0  startup_stm32f407xx.o(.text)
    TIM8_TRG_COM_TIM14_IRQHandler            0x08000287   Thumb Code     0  startup_stm32f407xx.o(.text)
    TIM8_UP_TIM13_IRQHandler                 0x08000287   Thumb Code     0  startup_stm32f407xx.o(.text)
    UART4_IRQHandler                         0x08000287   Thumb Code     0  startup_stm32f407xx.o(.text)
    UART5_IRQHandler                         0x08000287   Thumb Code     0  startup_stm32f407xx.o(.text)
    USART1_IRQHandler                        0x08000287   Thumb Code     0  startup_stm32f407xx.o(.text)
    USART2_IRQHandler                        0x08000287   Thumb Code     0  startup_stm32f407xx.o(.text)
    USART3_IRQHandler                        0x08000287   Thumb Code     0  startup_stm32f407xx.o(.text)
    USART6_IRQHandler                        0x08000287   Thumb Code     0  startup_stm32f407xx.o(.text)
    WWDG_IRQHandler                          0x08000287   Thumb Code     0  startup_stm32f407xx.o(.text)
    __user_initial_stackheap                 0x08000289   Thumb Code     0  startup_stm32f407xx.o(.text)
    malloc                                   0x080002ad   Thumb Code    94  h1_alloc.o(.text)
    free                                     0x0800030b   Thumb Code    78  h1_free.o(.text)
    __aeabi_uldivmod                         0x08000359   Thumb Code     0  lludivv7m.o(.text)
    _ll_udiv                                 0x08000359   Thumb Code   238  lludivv7m.o(.text)
    __2printf                                0x08000449   Thumb Code    20  noretval__2printf.o(.text)
    __2sprintf                               0x08000461   Thumb Code    34  noretval__2sprintf.o(.text)
    _printf_pre_padding                      0x08000489   Thumb Code    44  _printf_pad.o(.text)
    _printf_post_padding                     0x080004b5   Thumb Code    34  _printf_pad.o(.text)
    _printf_str                              0x080004d7   Thumb Code    82  _printf_str.o(.text)
    _printf_int_dec                          0x08000529   Thumb Code   104  _printf_dec.o(.text)
    _printf_int_hex                          0x080005a1   Thumb Code    84  _printf_hex_int.o(.text)
    _printf_longlong_hex                     0x080005a1   Thumb Code     0  _printf_hex_int.o(.text)
    __printf                                 0x080005f9   Thumb Code   352  __printf_ss_wp.o(.text)
    atoi                                     0x08000759   Thumb Code    26  atoi.o(.text)
    strchr                                   0x08000773   Thumb Code    20  strchr.o(.text)
    strcpy                                   0x08000787   Thumb Code    72  strcpy.o(.text)
    __aeabi_memcpy                           0x080007cf   Thumb Code     0  rt_memcpy_v6.o(.text)
    __rt_memcpy                              0x080007cf   Thumb Code   138  rt_memcpy_v6.o(.text)
    _memcpy_lastbytes                        0x08000835   Thumb Code     0  rt_memcpy_v6.o(.text)
    __aeabi_memset                           0x08000859   Thumb Code    16  aeabi_memset.o(.text)
    __aeabi_memclr4                          0x08000869   Thumb Code     0  rt_memclr_w.o(.text)
    __aeabi_memclr8                          0x08000869   Thumb Code     0  rt_memclr_w.o(.text)
    __rt_memclr_w                            0x08000869   Thumb Code    78  rt_memclr_w.o(.text)
    _memset_w                                0x0800086d   Thumb Code     0  rt_memclr_w.o(.text)
    strncpy                                  0x080008b7   Thumb Code    86  strncpy.o(.text)
    strcmp                                   0x0800090d   Thumb Code   128  strcmpv7m.o(.text)
    __use_two_region_memory                  0x0800098d   Thumb Code     2  heapauxi.o(.text)
    __rt_heap_escrow                         0x0800098f   Thumb Code     2  heapauxi.o(.text)
    __rt_heap_expand                         0x08000991   Thumb Code     2  heapauxi.o(.text)
    __rt_heap_descriptor                     0x08000995   Thumb Code     8  rt_heap_descriptor_intlibspace.o(.text)
    __aeabi_errno_addr                       0x0800099d   Thumb Code     8  rt_errno_addr_intlibspace.o(.text)
    __errno$intlibspace                      0x0800099d   Thumb Code     0  rt_errno_addr_intlibspace.o(.text)
    __rt_errno_addr$intlibspace              0x0800099d   Thumb Code     0  rt_errno_addr_intlibspace.o(.text)
    __use_no_heap                            0x080009a5   Thumb Code     2  hguard.o(.text)
    __heap$guard                             0x080009a7   Thumb Code     2  hguard.o(.text)
    _terminate_user_alloc                    0x080009a9   Thumb Code     2  init_alloc.o(.text)
    _init_user_alloc                         0x080009ab   Thumb Code     2  init_alloc.o(.text)
    __Heap_Full                              0x080009ad   Thumb Code    34  init_alloc.o(.text)
    __Heap_Broken                            0x080009cf   Thumb Code     6  init_alloc.o(.text)
    _init_alloc                              0x080009d5   Thumb Code    94  init_alloc.o(.text)
    __Heap_Initialize                        0x08000a33   Thumb Code    10  h1_init.o(.text)
    __Heap_DescSize                          0x08000a3d   Thumb Code     4  h1_init.o(.text)
    _printf_int_common                       0x08000a41   Thumb Code   178  _printf_intcommon.o(.text)
    __lib_sel_fp_printf                      0x08000af3   Thumb Code     2  _printf_fp_dec.o(.text)
    _printf_fp_dec_real                      0x08000ca1   Thumb Code   620  _printf_fp_dec.o(.text)
    _printf_char_common                      0x08000f17   Thumb Code    32  _printf_char_common.o(.text)
    _sputc                                   0x08000f3d   Thumb Code    10  _sputc.o(.text)
    _printf_cs_common                        0x08000f47   Thumb Code    20  _printf_char.o(.text)
    _printf_char                             0x08000f5b   Thumb Code    16  _printf_char.o(.text)
    _printf_string                           0x08000f6b   Thumb Code     8  _printf_char.o(.text)
    _printf_char_file                        0x08000f75   Thumb Code    32  _printf_char_file.o(.text)
    strtol                                   0x08000f99   Thumb Code   112  strtol.o(.text)
    __aeabi_memcpy4                          0x08001009   Thumb Code     0  rt_memcpy_w.o(.text)
    __aeabi_memcpy8                          0x08001009   Thumb Code     0  rt_memcpy_w.o(.text)
    __rt_memcpy_w                            0x08001009   Thumb Code   100  rt_memcpy_w.o(.text)
    _memcpy_lastbytes_aligned                0x08001051   Thumb Code     0  rt_memcpy_w.o(.text)
    __aeabi_memclr                           0x0800106d   Thumb Code     0  rt_memclr.o(.text)
    __rt_memclr                              0x0800106d   Thumb Code    68  rt_memclr.o(.text)
    _memset                                  0x08001071   Thumb Code     0  rt_memclr.o(.text)
    __user_libspace                          0x080010b1   Thumb Code     8  libspace.o(.text)
    __user_perproc_libspace                  0x080010b1   Thumb Code     0  libspace.o(.text)
    __user_perthread_libspace                0x080010b1   Thumb Code     0  libspace.o(.text)
    __rt_ctype_table                         0x080010b9   Thumb Code    16  rt_ctype_table.o(.text)
    __rt_locale                              0x080010c9   Thumb Code     8  rt_locale_intlibspace.o(.text)
    __Heap_ProvideMemory                     0x080010d1   Thumb Code    52  h1_extend.o(.text)
    _ll_udiv10                               0x08001105   Thumb Code   138  lludiv10.o(.text)
    _printf_fp_infnan                        0x08001191   Thumb Code   112  _printf_fp_infnan.o(.text)
    _strtoul                                 0x08001211   Thumb Code   158  _strtoul.o(.text)
    _btod_etento                             0x080012b1   Thumb Code   216  bigflt0.o(.text)
    ferror                                   0x0800138d   Thumb Code     8  ferror.o(.text)
    __rt_SIGRTMEM                            0x08001395   Thumb Code    14  defsig_rtmem_outer.o(.text)
    __I$use$semihosting                      0x080013a3   Thumb Code     0  use_no_semi.o(.text)
    __use_no_semihosting_swi                 0x080013a3   Thumb Code     2  use_no_semi.o(.text)
    __semihosting_library_function           0x080013a5   Thumb Code     0  indicate_semi.o(.text)
    __user_setup_stackheap                   0x080013a5   Thumb Code    74  sys_stackheap_outer.o(.text)
    _chval                                   0x080013ef   Thumb Code    28  _chval.o(.text)
    exit                                     0x0800140b   Thumb Code    18  exit.o(.text)
    __sig_exit                               0x0800141d   Thumb Code    10  defsig_exit.o(.text)
    __rt_SIGRTMEM_inner                      0x08001429   Thumb Code    22  defsig_rtmem_inner.o(.text)
    _sys_exit                                0x08001479   Thumb Code     8  sys_exit.o(.text)
    __default_signal_display                 0x08001485   Thumb Code    50  defsig_general.o(.text)
    _ttywrch                                 0x080014b7   Thumb Code    14  sys_wrch.o(.text)
    _btod_d2e                                0x080014c5   Thumb Code    62  btod.o(CL$$btod_d2e)
    _d2e_denorm_low                          0x08001503   Thumb Code    70  btod.o(CL$$btod_d2e_denorm_low)
    _d2e_norm_op1                            0x08001549   Thumb Code    96  btod.o(CL$$btod_d2e_norm_op1)
    __btod_div_common                        0x080015a9   Thumb Code   696  btod.o(CL$$btod_div_common)
    _e2e                                     0x080018e1   Thumb Code   198  btod.o(CL$$btod_e2e)
    _btod_ediv                               0x080019a7   Thumb Code    40  btod.o(CL$$btod_ediv)
    _btod_emul                               0x080019cf   Thumb Code    40  btod.o(CL$$btod_emul)
    __btod_mult_common                       0x080019f7   Thumb Code   580  btod.o(CL$$btod_mult_common)
    DACDMA_Initial                           0x08001f19   Thumb Code   116  dma.o(i.DACDMA_Initial)
    DAC_Channel1_Initial                     0x08001f95   Thumb Code     8  dac.o(i.DAC_Channel1_Initial)
    DAC_Cmd                                  0x08001f9d   Thumb Code    34  stm32f4xx_dac.o(i.DAC_Cmd)
    DAC_DMACmd                               0x08002009   Thumb Code    38  stm32f4xx_dac.o(i.DAC_DMACmd)
    DAC_Init                                 0x08002035   Thumb Code    46  stm32f4xx_dac.o(i.DAC_Init)
    DMA2_Stream3_IRQHandler                  0x08002069   Thumb Code     8  fatfs_sd_sdio.o(i.DMA2_Stream3_IRQHandler)
    DMA_ClearFlag                            0x08002071   Thumb Code    38  stm32f4xx_dma.o(i.DMA_ClearFlag)
    DMA_Cmd                                  0x080020a5   Thumb Code    22  stm32f4xx_dma.o(i.DMA_Cmd)
    DMA_DeInit                               0x080020bd   Thumb Code   324  stm32f4xx_dma.o(i.DMA_DeInit)
    DMA_FlowControllerConfig                 0x08002215   Thumb Code    22  stm32f4xx_dma.o(i.DMA_FlowControllerConfig)
    DMA_GetFlagStatus                        0x0800222d   Thumb Code    54  stm32f4xx_dma.o(i.DMA_GetFlagStatus)
    DMA_ITConfig                             0x08002271   Thumb Code    58  stm32f4xx_dma.o(i.DMA_ITConfig)
    DMA_Init                                 0x080022ad   Thumb Code    82  stm32f4xx_dma.o(i.DMA_Init)
    EXTI3_IRQHandler                         0x08002305   Thumb Code    32  button.o(i.EXTI3_IRQHandler)
    EXTI4_IRQHandler                         0x0800232d   Thumb Code    32  button.o(i.EXTI4_IRQHandler)
    EXTI_ClearITPendingBit                   0x08002355   Thumb Code     6  stm32f4xx_exti.o(i.EXTI_ClearITPendingBit)
    EXTI_GetITStatus                         0x08002361   Thumb Code    20  stm32f4xx_exti.o(i.EXTI_GetITStatus)
    EXTI_Init                                0x08002379   Thumb Code   142  stm32f4xx_exti.o(i.EXTI_Init)
    File_Processed                           0x0800240d   Thumb Code  1998  main.o(i.File_Processed)
    GPIO_Init                                0x08002dad   Thumb Code   144  stm32f4xx_gpio.o(i.GPIO_Init)
    GPIO_PinAFConfig                         0x08002e79   Thumb Code    70  stm32f4xx_gpio.o(i.GPIO_PinAFConfig)
    GPIO_ToggleBits                          0x08002ebf   Thumb Code     8  stm32f4xx_gpio.o(i.GPIO_ToggleBits)
    GPIO_WriteBit                            0x08002ec7   Thumb Code    10  stm32f4xx_gpio.o(i.GPIO_WriteBit)
    Initial_Structure_List                   0x08002ed1   Thumb Code   358  main.o(i.Initial_Structure_List)
    LCD_Clear                                0x080030f1   Thumb Code    16  lcd16x2.o(i.LCD_Clear)
    LCD_Enable                               0x08003101   Thumb Code    38  lcd16x2.o(i.LCD_Enable)
    LCD_Gotoxy                               0x0800312d   Thumb Code    30  lcd16x2.o(i.LCD_Gotoxy)
    LCD_Init                                 0x0800314d   Thumb Code    76  lcd16x2.o(i.LCD_Init)
    LCD_PutChar                              0x0800319d   Thumb Code    32  lcd16x2.o(i.LCD_PutChar)
    LCD_Puts                                 0x080031c1   Thumb Code    22  lcd16x2.o(i.LCD_Puts)
    LCD_Send4Bit                             0x080031d9   Thumb Code    62  lcd16x2.o(i.LCD_Send4Bit)
    LCD_SendCommand                          0x0800321d   Thumb Code    26  lcd16x2.o(i.LCD_SendCommand)
    NVIC_Init                                0x08003239   Thumb Code   106  misc.o(i.NVIC_Init)
    NVIC_PriorityGroupConfig                 0x080032b1   Thumb Code    10  misc.o(i.NVIC_PriorityGroupConfig)
    RCC_AHB1PeriphClockCmd                   0x080032c5   Thumb Code    26  stm32f4xx_rcc.o(i.RCC_AHB1PeriphClockCmd)
    RCC_APB1PeriphClockCmd                   0x080032e5   Thumb Code    26  stm32f4xx_rcc.o(i.RCC_APB1PeriphClockCmd)
    RCC_APB2PeriphClockCmd                   0x08003305   Thumb Code    26  stm32f4xx_rcc.o(i.RCC_APB2PeriphClockCmd)
    RCC_APB2PeriphResetCmd                   0x08003325   Thumb Code    26  stm32f4xx_rcc.o(i.RCC_APB2PeriphResetCmd)
    RCC_DeInit                               0x08003345   Thumb Code    82  stm32f4xx_rcc.o(i.RCC_DeInit)
    RCC_GetClocksFreq                        0x080033a9   Thumb Code   214  stm32f4xx_rcc.o(i.RCC_GetClocksFreq)
    SDIO_ClearITPendingBit                   0x080035ad   Thumb Code     6  stm32f4xx_sdio.o(i.SDIO_ClearITPendingBit)
    SDIO_ClockCmd                            0x080035b9   Thumb Code     6  stm32f4xx_sdio.o(i.SDIO_ClockCmd)
    SDIO_DMACmd                              0x080035c5   Thumb Code     6  stm32f4xx_sdio.o(i.SDIO_DMACmd)
    SDIO_DataConfig                          0x080035d1   Thumb Code    46  stm32f4xx_sdio.o(i.SDIO_DataConfig)
    SDIO_DeInit                              0x08003605   Thumb Code    22  stm32f4xx_sdio.o(i.SDIO_DeInit)
    SDIO_GetCommandResponse                  0x0800361d   Thumb Code     8  stm32f4xx_sdio.o(i.SDIO_GetCommandResponse)
    SDIO_GetFlagStatus                       0x08003629   Thumb Code    20  stm32f4xx_sdio.o(i.SDIO_GetFlagStatus)
    SDIO_GetITStatus                         0x08003641   Thumb Code    20  stm32f4xx_sdio.o(i.SDIO_GetITStatus)
    SDIO_GetPowerState                       0x08003659   Thumb Code    10  stm32f4xx_sdio.o(i.SDIO_GetPowerState)
    SDIO_GetResponse                         0x08003669   Thumb Code    20  stm32f4xx_sdio.o(i.SDIO_GetResponse)
    SDIO_IRQHandler                          0x08003681   Thumb Code     8  fatfs_sd_sdio.o(i.SDIO_IRQHandler)
    SDIO_Init                                0x08003689   Thumb Code    42  stm32f4xx_sdio.o(i.SDIO_Init)
    SDIO_ReadData                            0x080036b9   Thumb Code     6  stm32f4xx_sdio.o(i.SDIO_ReadData)
    SDIO_SendCommand                         0x080036c5   Thumb Code    40  stm32f4xx_sdio.o(i.SDIO_SendCommand)
    SDIO_SetPowerState                       0x080036f1   Thumb Code     6  stm32f4xx_sdio.o(i.SDIO_SetPowerState)
    SD_Detect                                0x080036fd   Thumb Code    22  fatfs_sd_sdio.o(i.SD_Detect)
    SD_EnableWideBusOperation                0x08003715   Thumb Code   140  fatfs_sd_sdio.o(i.SD_EnableWideBusOperation)
    SD_GetCardInfo                           0x080037a9   Thumb Code   780  fatfs_sd_sdio.o(i.SD_GetCardInfo)
    SD_GetState                              0x08003ac5   Thumb Code    38  fatfs_sd_sdio.o(i.SD_GetState)
    SD_GetStatus                             0x08003aeb   Thumb Code    30  fatfs_sd_sdio.o(i.SD_GetStatus)
    SD_Init                                  0x08003b09   Thumb Code   126  fatfs_sd_sdio.o(i.SD_Init)
    SD_InitializeCards                       0x08003b91   Thumb Code   292  fatfs_sd_sdio.o(i.SD_InitializeCards)
    SD_LowLevel_DMA_RxConfig                 0x08003cc9   Thumb Code   136  fatfs_sd_sdio.o(i.SD_LowLevel_DMA_RxConfig)
    SD_LowLevel_DMA_TxConfig                 0x08003d59   Thumb Code   134  fatfs_sd_sdio.o(i.SD_LowLevel_DMA_TxConfig)
    SD_LowLevel_DeInit                       0x08003de9   Thumb Code    72  fatfs_sd_sdio.o(i.SD_LowLevel_DeInit)
    SD_LowLevel_Init                         0x08003e3d   Thumb Code    74  fatfs_sd_sdio.o(i.SD_LowLevel_Init)
    SD_PowerON                               0x08003e95   Thumb Code   400  fatfs_sd_sdio.o(i.SD_PowerON)
    SD_ProcessDMAIRQ                         0x08004035   Thumb Code    32  fatfs_sd_sdio.o(i.SD_ProcessDMAIRQ)
    SD_ProcessIRQSrc                         0x0800405d   Thumb Code   166  fatfs_sd_sdio.o(i.SD_ProcessIRQSrc)
    SD_ReadMultiBlocks                       0x08004111   Thumb Code   228  fatfs_sd_sdio.o(i.SD_ReadMultiBlocks)
    SD_SelectDeselect                        0x08004211   Thumb Code    50  fatfs_sd_sdio.o(i.SD_SelectDeselect)
    SD_SendStatus                            0x08004249   Thumb Code    74  fatfs_sd_sdio.o(i.SD_SendStatus)
    SD_StopTransfer                          0x0800429d   Thumb Code    46  fatfs_sd_sdio.o(i.SD_StopTransfer)
    SD_WaitReadOperation                     0x080042d1   Thumb Code   128  fatfs_sd_sdio.o(i.SD_WaitReadOperation)
    SD_WaitWriteOperation                    0x08004365   Thumb Code   110  fatfs_sd_sdio.o(i.SD_WaitWriteOperation)
    SD_WriteMultiBlocks                      0x080043e9   Thumb Code   320  fatfs_sd_sdio.o(i.SD_WriteMultiBlocks)
    SYSCFG_EXTILineConfig                    0x08004549   Thumb Code    60  stm32f4xx_syscfg.o(i.SYSCFG_EXTILineConfig)
    SysTick32                                0x08004589   Thumb Code    16  delay.o(i.SysTick32)
    SysTick_Handler                          0x0800459d   Thumb Code    12  delay.o(i.SysTick_Handler)
    SysTick_Init                             0x080045ad   Thumb Code    16  delay.o(i.SysTick_Init)
    SystemCoreClockUpdate                    0x080045bd   Thumb Code   170  system_stm32f4xx.o(i.SystemCoreClockUpdate)
    SystemInit                               0x0800467d   Thumb Code    82  system_stm32f4xx.o(i.SystemInit)
    System_Initial                           0x080047bd   Thumb Code     8  clock.o(i.System_Initial)
    TIM6_Trigger_DAC_Init                    0x08004809   Thumb Code    16  timer.o(i.TIM6_Trigger_DAC_Init)
    TIM_Cmd                                  0x08004819   Thumb Code    24  stm32f4xx_tim.o(i.TIM_Cmd)
    TIM_SelectOutputTrigger                  0x08004831   Thumb Code    18  stm32f4xx_tim.o(i.TIM_SelectOutputTrigger)
    TIM_TimeBaseInit                         0x08004845   Thumb Code   104  stm32f4xx_tim.o(i.TIM_TimeBaseInit)
    TIM_TimeBaseStructInit                   0x080048c9   Thumb Code    18  stm32f4xx_tim.o(i.TIM_TimeBaseStructInit)
    TM_FATFS_CheckCardDetectPin              0x080048db   Thumb Code     4  tm_stm32f4_fatfs.o(i.TM_FATFS_CheckCardDetectPin)
    TM_FATFS_SDIO_WriteEnabled               0x080048df   Thumb Code     4  fatfs_sd_sdio.o(i.TM_FATFS_SDIO_WriteEnabled)
    TM_FATFS_SDRAM_disk_initialize           0x080048e3   Thumb Code     4  diskio.o(i.TM_FATFS_SDRAM_disk_initialize)
    TM_FATFS_SDRAM_disk_ioctl                0x080048e7   Thumb Code     6  diskio.o(i.TM_FATFS_SDRAM_disk_ioctl)
    TM_FATFS_SDRAM_disk_read                 0x080048ed   Thumb Code     6  diskio.o(i.TM_FATFS_SDRAM_disk_read)
    TM_FATFS_SDRAM_disk_status               0x080048f3   Thumb Code     4  diskio.o(i.TM_FATFS_SDRAM_disk_status)
    TM_FATFS_SDRAM_disk_write                0x080048f7   Thumb Code     6  diskio.o(i.TM_FATFS_SDRAM_disk_write)
    TM_FATFS_SD_SDIO_disk_initialize         0x080048fd   Thumb Code   136  fatfs_sd_sdio.o(i.TM_FATFS_SD_SDIO_disk_initialize)
    TM_FATFS_SD_SDIO_disk_ioctl              0x08004989   Thumb Code    42  fatfs_sd_sdio.o(i.TM_FATFS_SD_SDIO_disk_ioctl)
    TM_FATFS_SD_SDIO_disk_read               0x080049b5   Thumb Code   164  fatfs_sd_sdio.o(i.TM_FATFS_SD_SDIO_disk_read)
    TM_FATFS_SD_SDIO_disk_status             0x08004a5d   Thumb Code    52  fatfs_sd_sdio.o(i.TM_FATFS_SD_SDIO_disk_status)
    TM_FATFS_SD_SDIO_disk_write              0x08004a95   Thumb Code   172  fatfs_sd_sdio.o(i.TM_FATFS_SD_SDIO_disk_write)
    TM_FATFS_SPI_FLASH_disk_initialize       0x08004b41   Thumb Code     4  diskio.o(i.TM_FATFS_SPI_FLASH_disk_initialize)
    TM_FATFS_SPI_FLASH_disk_ioctl            0x08004b45   Thumb Code     6  diskio.o(i.TM_FATFS_SPI_FLASH_disk_ioctl)
    TM_FATFS_SPI_FLASH_disk_read             0x08004b4b   Thumb Code     6  diskio.o(i.TM_FATFS_SPI_FLASH_disk_read)
    TM_FATFS_SPI_FLASH_disk_status           0x08004b51   Thumb Code     4  diskio.o(i.TM_FATFS_SPI_FLASH_disk_status)
    TM_FATFS_SPI_FLASH_disk_write            0x08004b55   Thumb Code     6  diskio.o(i.TM_FATFS_SPI_FLASH_disk_write)
    TM_FATFS_USB_disk_initialize             0x08004b5b   Thumb Code     4  diskio.o(i.TM_FATFS_USB_disk_initialize)
    TM_FATFS_USB_disk_ioctl                  0x08004b5f   Thumb Code     6  diskio.o(i.TM_FATFS_USB_disk_ioctl)
    TM_FATFS_USB_disk_read                   0x08004b65   Thumb Code     6  diskio.o(i.TM_FATFS_USB_disk_read)
    TM_FATFS_USB_disk_status                 0x08004b6b   Thumb Code     4  diskio.o(i.TM_FATFS_USB_disk_status)
    TM_FATFS_USB_disk_write                  0x08004b6f   Thumb Code     6  diskio.o(i.TM_FATFS_USB_disk_write)
    TM_GPIO_DeInit                           0x08004b75   Thumb Code    66  tm_stm32f4_gpio.o(i.TM_GPIO_DeInit)
    TM_GPIO_GetPortSource                    0x08004bbd   Thumb Code    14  tm_stm32f4_gpio.o(i.TM_GPIO_GetPortSource)
    TM_GPIO_INT_EnableClock                  0x08004bcd   Thumb Code    28  tm_stm32f4_gpio.o(i.TM_GPIO_INT_EnableClock)
    TM_GPIO_INT_Init                         0x08004bed   Thumb Code   170  tm_stm32f4_gpio.o(i.TM_GPIO_INT_Init)
    TM_GPIO_InitAlternate                    0x08004c9d   Thumb Code   110  tm_stm32f4_gpio.o(i.TM_GPIO_InitAlternate)
    TM_GPIO_SetPullResistor                  0x08004d0b   Thumb Code    50  tm_stm32f4_gpio.o(i.TM_GPIO_SetPullResistor)
    UART1_Config                             0x08004d3d   Thumb Code   234  uart.o(i.UART1_Config)
    USART_Cmd                                0x08004e31   Thumb Code    24  stm32f4xx_usart.o(i.USART_Cmd)
    USART_GetFlagStatus                      0x08004e49   Thumb Code    26  stm32f4xx_usart.o(i.USART_GetFlagStatus)
    USART_ITConfig                           0x08004e63   Thumb Code    74  stm32f4xx_usart.o(i.USART_ITConfig)
    USART_Init                               0x08004ead   Thumb Code   204  stm32f4xx_usart.o(i.USART_Init)
    USART_SendData                           0x08004f81   Thumb Code     8  stm32f4xx_usart.o(i.USART_SendData)
    __ARM_fpclassify                         0x08004f89   Thumb Code    48  fpclassify.o(i.__ARM_fpclassify)
    _is_digit                                0x08004fb9   Thumb Code    14  __printf_wp.o(i._is_digit)
    back_update_strucre_list                 0x08004fc9   Thumb Code   404  main.o(i.back_update_strucre_list)
    button_Initial                           0x08005231   Thumb Code    16  button.o(i.button_Initial)
    clust2sect                               0x080053dd   Thumb Code    26  ff.o(i.clust2sect)
    delay_ms                                 0x080057f9   Thumb Code    22  delay.o(i.delay_ms)
    delay_us                                 0x0800580f   Thumb Code    30  delay.o(i.delay_us)
    dir_sdi                                  0x08005c7b   Thumb Code   158  ff.o(i.dir_sdi)
    disk_initialize                          0x08005d19   Thumb Code    34  diskio.o(i.disk_initialize)
    disk_ioctl                               0x08005d41   Thumb Code    44  diskio.o(i.disk_ioctl)
    disk_read                                0x08005d71   Thumb Code    58  diskio.o(i.disk_read)
    disk_status                              0x08005db1   Thumb Code    38  diskio.o(i.disk_status)
    disk_write                               0x08005ddd   Thumb Code    58  diskio.o(i.disk_write)
    f_close                                  0x08005e1d   Thumb Code    32  ff.o(i.f_close)
    f_closedir                               0x08005e3d   Thumb Code    22  ff.o(i.f_closedir)
    f_mount                                  0x08005e55   Thumb Code    86  ff.o(i.f_mount)
    f_open                                   0x08005eb1   Thumb Code   362  ff.o(i.f_open)
    f_opendir                                0x0800601b   Thumb Code   118  ff.o(i.f_opendir)
    f_read                                   0x08006091   Thumb Code   416  ff.o(i.f_read)
    f_readdir                                0x08006231   Thumb Code   100  ff.o(i.f_readdir)
    f_sync                                   0x08006295   Thumb Code   176  ff.o(i.f_sync)
    ff_convert                               0x08006345   Thumb Code    70  unicode.o(i.ff_convert)
    ff_wtoupper                              0x08006391   Thumb Code    46  unicode.o(i.ff_wtoupper)
    fputc                                    0x08006891   Thumb Code    32  uart.o(i.fputc)
    get_fat                                  0x08006969   Thumb Code   242  ff.o(i.get_fat)
    get_fattime                              0x08006a5d   Thumb Code     4  diskio.o(i.get_fattime)
    main                                     0x08006c71   Thumb Code   150  main.o(i.main)
    next_update_strucre_list                 0x08006db9   Thumb Code   468  main.o(i.next_update_strucre_list)
    put_fat                                  0x080070ed   Thumb Code   322  ff.o(i.put_fat)
    seconds_to_time                          0x0800729d   Thumb Code   170  main.o(i.seconds_to_time)
    _get_lc_numeric                          0x080074d9   Thumb Code    44  lc_numeric_c.o(locale$$code)
    _get_lc_ctype                            0x08007505   Thumb Code    44  lc_ctype_c.o(locale$$code)
    __fpl_dretinf                            0x08007531   Thumb Code    12  dretinf.o(x$fpl$dretinf)
    __aeabi_f2d                              0x0800753d   Thumb Code     0  f2d.o(x$fpl$f2d)
    _f2d                                     0x0800753d   Thumb Code    86  f2d.o(x$fpl$f2d)
    __fpl_fnaninf                            0x08007593   Thumb Code   140  fnaninf.o(x$fpl$fnaninf)
    _fp_init                                 0x0800761f   Thumb Code    10  fpinit.o(x$fpl$fpinit)
    __fplib_config_fpu_vfp                   0x08007627   Thumb Code     0  fpinit.o(x$fpl$fpinit)
    __fplib_config_pureend_doubles           0x08007627   Thumb Code     0  fpinit.o(x$fpl$fpinit)
    _printf_fp_dec                           0x08007629   Thumb Code     4  printf1.o(x$fpl$printf1)
    __I$use$fp                               0x0800762c   Number         0  usenofp.o(x$fpl$usenofp)
    AHBPrescTable                            0x08007bcc   Data          16  system_stm32f4xx.o(.constdata)
    APBPrescTable                            0x08007bdc   Data           8  system_stm32f4xx.o(.constdata)
    Region$$Table$$Base                      0x08007ce4   Number         0  anon$$obj.o(Region$$Table)
    Region$$Table$$Limit                     0x08007d04   Number         0  anon$$obj.o(Region$$Table)
    __ctype                                  0x08007d2d   Data           0  lc_ctype_c.o(locale$$data)
    fr                                       0x20000000   Data           1  main.o(.data)
    br                                       0x20000004   Data           4  main.o(.data)
    bw                                       0x20000008   Data           4  main.o(.data)
    Flag_next_song                           0x2000000c   Data           1  main.o(.data)
    Flag_back_song                           0x2000000d   Data           1  main.o(.data)
    number_of_song                           0x2000000e   Data           1  main.o(.data)
    pos_song                                 0x2000000f   Data           1  main.o(.data)
    buffer4                                  0x20000010   Data           4  main.o(.data)
    buffer2                                  0x20000014   Data           2  main.o(.data)
    filename                                 0x20000018   Data           4  main.o(.data)
    width                                    0x2000001c   Data           4  main.o(.data)
    res                                      0x20000020   Data           1  main.o(.data)
    StopCondition                            0x2000002c   Data           4  fatfs_sd_sdio.o(.data)
    TransferError                            0x20000030   Data           1  fatfs_sd_sdio.o(.data)
    TransferEnd                              0x20000034   Data           4  fatfs_sd_sdio.o(.data)
    DMAEndOfTransfer                         0x20000038   Data           4  fatfs_sd_sdio.o(.data)
    FATFS_LowLevelDrivers                    0x20000044   Data         180  diskio.o(.data)
    SysTickCounter                           0x20000108   Data           4  delay.o(.data)
    __stdout                                 0x2000010c   Data           4  uart.o(.data)
    SystemCoreClock                          0x20000110   Data           4  system_stm32f4xx.o(.data)
    FatFs                                    0x20000114   Data         564  main.o(.bss)
    pFile                                    0x20000348   Data         548  main.o(.bss)
    pdir                                     0x2000056c   Data          40  main.o(.bss)
    fno                                      0x20000594   Data          32  main.o(.bss)
    list                                     0x200005b4   Data         765  main.o(.bss)
    test_buff                                0x200008b1   Data         100  main.o(.bss)
    header                                   0x20000918   Data          52  main.o(.bss)
    fs                                       0x2000094c   Data         564  main.o(.bss)
    buff                                     0x20000b80   Data         256  main.o(.bss)
    wavBuffer1                               0x20000c80   Data         512  main.o(.bss)
    wavBuffer2                               0x20000e80   Data         512  main.o(.bss)
    SDCardInfo                               0x200013c8   Data          88  fatfs_sd_sdio.o(.bss)
    SDIO_InitStructure                       0x20001420   Data          24  fatfs_sd_sdio.o(.bss)
    SDIO_CmdInitStructure                    0x20001438   Data          20  fatfs_sd_sdio.o(.bss)
    SDIO_DataInitStructure                   0x2000144c   Data          24  fatfs_sd_sdio.o(.bss)
    __libspace_start                         0x20001488   Data          96  libspace.o(.bss)
    __temporary_stack_top$libspace           0x200014e8   Data           0  libspace.o(.bss)



==============================================================================

Memory Map of the image

  Image Entry point : 0x08000189

  Load Region LR_IROM1 (Base: 0x08000000, Size: 0x00007f44, Max: 0x00080000, ABSOLUTE)

    Execution Region ER_IROM1 (Base: 0x08000000, Size: 0x00007e30, Max: 0x00080000, ABSOLUTE)

    Base Addr    Size         Type   Attr      Idx    E Section Name        Object

    0x08000000   0x00000188   Data   RO         4187    RESET               startup_stm32f407xx.o
    0x08000188   0x00000008   Code   RO         4378  * !!!main             c_w.l(__main.o)
    0x08000190   0x00000034   Code   RO         4692    !!!scatter          c_w.l(__scatter.o)
    0x080001c4   0x0000001a   Code   RO         4694    !!handler_copy      c_w.l(__scatter_copy.o)
    0x080001de   0x00000002   PAD
    0x080001e0   0x0000001c   Code   RO         4696    !!handler_zi        c_w.l(__scatter_zi.o)
    0x080001fc   0x00000000   Code   RO         4357    .ARM.Collect$$_printf_percent$$00000000  c_w.l(_printf_percent.o)
    0x080001fc   0x00000006   Code   RO         4356    .ARM.Collect$$_printf_percent$$00000003  c_w.l(_printf_f.o)
    0x08000202   0x00000006   Code   RO         4354    .ARM.Collect$$_printf_percent$$00000009  c_w.l(_printf_d.o)
    0x08000208   0x00000006   Code   RO         4355    .ARM.Collect$$_printf_percent$$0000000A  c_w.l(_printf_u.o)
    0x0800020e   0x00000006   Code   RO         4353    .ARM.Collect$$_printf_percent$$0000000C  c_w.l(_printf_x.o)
    0x08000214   0x00000006   Code   RO         4352    .ARM.Collect$$_printf_percent$$00000014  c_w.l(_printf_s.o)
    0x0800021a   0x00000004   Code   RO         4445    .ARM.Collect$$_printf_percent$$00000017  c_w.l(_printf_percent_end.o)
    0x0800021e   0x00000002   Code   RO         4631    .ARM.Collect$$libinit$$00000000  c_w.l(libinit.o)
    0x08000220   0x00000004   Code   RO         4454    .ARM.Collect$$libinit$$00000001  c_w.l(libinit2.o)
    0x08000224   0x00000000   Code   RO         4457    .ARM.Collect$$libinit$$00000004  c_w.l(libinit2.o)
    0x08000224   0x00000008   Code   RO         4458    .ARM.Collect$$libinit$$00000005  c_w.l(libinit2.o)
    0x0800022c   0x00000000   Code   RO         4460    .ARM.Collect$$libinit$$0000000A  c_w.l(libinit2.o)
    0x0800022c   0x00000000   Code   RO         4462    .ARM.Collect$$libinit$$0000000C  c_w.l(libinit2.o)
    0x0800022c   0x00000000   Code   RO         4464    .ARM.Collect$$libinit$$0000000E  c_w.l(libinit2.o)
    0x0800022c   0x00000006   Code   RO         4465    .ARM.Collect$$libinit$$0000000F  c_w.l(libinit2.o)
    0x08000232   0x00000000   Code   RO         4467    .ARM.Collect$$libinit$$00000011  c_w.l(libinit2.o)
    0x08000232   0x0000000c   Code   RO         4468    .ARM.Collect$$libinit$$00000012  c_w.l(libinit2.o)
    0x0800023e   0x00000000   Code   RO         4469    .ARM.Collect$$libinit$$00000013  c_w.l(libinit2.o)
    0x0800023e   0x00000000   Code   RO         4471    .ARM.Collect$$libinit$$00000015  c_w.l(libinit2.o)
    0x0800023e   0x0000000a   Code   RO         4472    .ARM.Collect$$libinit$$00000016  c_w.l(libinit2.o)
    0x08000248   0x00000000   Code   RO         4473    .ARM.Collect$$libinit$$00000017  c_w.l(libinit2.o)
    0x08000248   0x00000000   Code   RO         4475    .ARM.Collect$$libinit$$00000019  c_w.l(libinit2.o)
    0x08000248   0x00000000   Code   RO         4477    .ARM.Collect$$libinit$$0000001B  c_w.l(libinit2.o)
    0x08000248   0x00000000   Code   RO         4479    .ARM.Collect$$libinit$$0000001D  c_w.l(libinit2.o)
    0x08000248   0x00000000   Code   RO         4481    .ARM.Collect$$libinit$$0000001F  c_w.l(libinit2.o)
    0x08000248   0x00000000   Code   RO         4483    .ARM.Collect$$libinit$$00000021  c_w.l(libinit2.o)
    0x08000248   0x00000000   Code   RO         4485    .ARM.Collect$$libinit$$00000023  c_w.l(libinit2.o)
    0x08000248   0x00000000   Code   RO         4487    .ARM.Collect$$libinit$$00000025  c_w.l(libinit2.o)
    0x08000248   0x00000000   Code   RO         4491    .ARM.Collect$$libinit$$0000002C  c_w.l(libinit2.o)
    0x08000248   0x00000000   Code   RO         4493    .ARM.Collect$$libinit$$0000002E  c_w.l(libinit2.o)
    0x08000248   0x00000000   Code   RO         4495    .ARM.Collect$$libinit$$00000030  c_w.l(libinit2.o)
    0x08000248   0x00000000   Code   RO         4497    .ARM.Collect$$libinit$$00000032  c_w.l(libinit2.o)
    0x08000248   0x00000002   Code   RO         4498    .ARM.Collect$$libinit$$00000033  c_w.l(libinit2.o)
    0x0800024a   0x00000002   Code   RO         4689    .ARM.Collect$$libshutdown$$00000000  c_w.l(libshutdown.o)
    0x0800024c   0x00000000   Code   RO         4647    .ARM.Collect$$libshutdown$$00000002  c_w.l(libshutdown2.o)
    0x0800024c   0x00000000   Code   RO         4649    .ARM.Collect$$libshutdown$$00000004  c_w.l(libshutdown2.o)
    0x0800024c   0x00000000   Code   RO         4652    .ARM.Collect$$libshutdown$$00000007  c_w.l(libshutdown2.o)
    0x0800024c   0x00000000   Code   RO         4655    .ARM.Collect$$libshutdown$$0000000A  c_w.l(libshutdown2.o)
    0x0800024c   0x00000000   Code   RO         4657    .ARM.Collect$$libshutdown$$0000000C  c_w.l(libshutdown2.o)
    0x0800024c   0x00000000   Code   RO         4660    .ARM.Collect$$libshutdown$$0000000F  c_w.l(libshutdown2.o)
    0x0800024c   0x00000002   Code   RO         4661    .ARM.Collect$$libshutdown$$00000010  c_w.l(libshutdown2.o)
    0x0800024e   0x00000000   Code   RO         4398    .ARM.Collect$$rtentry$$00000000  c_w.l(__rtentry.o)
    0x0800024e   0x00000000   Code   RO         4512    .ARM.Collect$$rtentry$$00000002  c_w.l(__rtentry2.o)
    0x0800024e   0x00000006   Code   RO         4524    .ARM.Collect$$rtentry$$00000004  c_w.l(__rtentry4.o)
    0x08000254   0x00000000   Code   RO         4514    .ARM.Collect$$rtentry$$00000009  c_w.l(__rtentry2.o)
    0x08000254   0x00000004   Code   RO         4515    .ARM.Collect$$rtentry$$0000000A  c_w.l(__rtentry2.o)
    0x08000258   0x00000000   Code   RO         4517    .ARM.Collect$$rtentry$$0000000C  c_w.l(__rtentry2.o)
    0x08000258   0x00000008   Code   RO         4518    .ARM.Collect$$rtentry$$0000000D  c_w.l(__rtentry2.o)
    0x08000260   0x00000002   Code   RO         4634    .ARM.Collect$$rtexit$$00000000  c_w.l(rtexit.o)
    0x08000262   0x00000000   Code   RO         4665    .ARM.Collect$$rtexit$$00000002  c_w.l(rtexit2.o)
    0x08000262   0x00000004   Code   RO         4666    .ARM.Collect$$rtexit$$00000003  c_w.l(rtexit2.o)
    0x08000266   0x00000006   Code   RO         4667    .ARM.Collect$$rtexit$$00000004  c_w.l(rtexit2.o)
    0x0800026c   0x00000000   Code   RO         4537    .emb_text           c_w.l(maybetermalloc1.o)
    0x0800026c   0x00000040   Code   RO         4188    .text               startup_stm32f407xx.o
    0x080002ac   0x0000005e   Code   RO         4235    .text               c_w.l(h1_alloc.o)
    0x0800030a   0x0000004e   Code   RO         4237    .text               c_w.l(h1_free.o)
    0x08000358   0x000000ee   Code   RO         4293    .text               c_w.l(lludivv7m.o)
    0x08000446   0x00000002   PAD
    0x08000448   0x00000018   Code   RO         4299    .text               c_w.l(noretval__2printf.o)
    0x08000460   0x00000028   Code   RO         4301    .text               c_w.l(noretval__2sprintf.o)
    0x08000488   0x0000004e   Code   RO         4305    .text               c_w.l(_printf_pad.o)
    0x080004d6   0x00000052   Code   RO         4307    .text               c_w.l(_printf_str.o)
    0x08000528   0x00000078   Code   RO         4309    .text               c_w.l(_printf_dec.o)
    0x080005a0   0x00000058   Code   RO         4314    .text               c_w.l(_printf_hex_int.o)
    0x080005f8   0x00000160   Code   RO         4347    .text               c_w.l(__printf_ss_wp.o)
    0x08000758   0x0000001a   Code   RO         4358    .text               c_w.l(atoi.o)
    0x08000772   0x00000014   Code   RO         4360    .text               c_w.l(strchr.o)
    0x08000786   0x00000048   Code   RO         4362    .text               c_w.l(strcpy.o)
    0x080007ce   0x0000008a   Code   RO         4366    .text               c_w.l(rt_memcpy_v6.o)
    0x08000858   0x00000010   Code   RO         4368    .text               c_w.l(aeabi_memset.o)
    0x08000868   0x0000004e   Code   RO         4370    .text               c_w.l(rt_memclr_w.o)
    0x080008b6   0x00000056   Code   RO         4372    .text               c_w.l(strncpy.o)
    0x0800090c   0x00000080   Code   RO         4374    .text               c_w.l(strcmpv7m.o)
    0x0800098c   0x00000006   Code   RO         4376    .text               c_w.l(heapauxi.o)
    0x08000992   0x00000002   PAD
    0x08000994   0x00000008   Code   RO         4406    .text               c_w.l(rt_heap_descriptor_intlibspace.o)
    0x0800099c   0x00000008   Code   RO         4411    .text               c_w.l(rt_errno_addr_intlibspace.o)
    0x080009a4   0x00000004   Code   RO         4413    .text               c_w.l(hguard.o)
    0x080009a8   0x0000008a   Code   RO         4415    .text               c_w.l(init_alloc.o)
    0x08000a32   0x0000000e   Code   RO         4419    .text               c_w.l(h1_init.o)
    0x08000a40   0x000000b2   Code   RO         4433    .text               c_w.l(_printf_intcommon.o)
    0x08000af2   0x0000041a   Code   RO         4435    .text               c_w.l(_printf_fp_dec.o)
    0x08000f0c   0x00000030   Code   RO         4437    .text               c_w.l(_printf_char_common.o)
    0x08000f3c   0x0000000a   Code   RO         4439    .text               c_w.l(_sputc.o)
    0x08000f46   0x0000002c   Code   RO         4441    .text               c_w.l(_printf_char.o)
    0x08000f72   0x00000002   PAD
    0x08000f74   0x00000024   Code   RO         4443    .text               c_w.l(_printf_char_file.o)
    0x08000f98   0x00000070   Code   RO         4446    .text               c_w.l(strtol.o)
    0x08001008   0x00000064   Code   RO         4448    .text               c_w.l(rt_memcpy_w.o)
    0x0800106c   0x00000044   Code   RO         4450    .text               c_w.l(rt_memclr.o)
    0x080010b0   0x00000008   Code   RO         4508    .text               c_w.l(libspace.o)
    0x080010b8   0x00000010   Code   RO         4526    .text               c_w.l(rt_ctype_table.o)
    0x080010c8   0x00000008   Code   RO         4533    .text               c_w.l(rt_locale_intlibspace.o)
    0x080010d0   0x00000034   Code   RO         4539    .text               c_w.l(h1_extend.o)
    0x08001104   0x0000008a   Code   RO         4543    .text               c_w.l(lludiv10.o)
    0x0800118e   0x00000002   PAD
    0x08001190   0x00000080   Code   RO         4545    .text               c_w.l(_printf_fp_infnan.o)
    0x08001210   0x0000009e   Code   RO         4549    .text               c_w.l(_strtoul.o)
    0x080012ae   0x00000002   PAD
    0x080012b0   0x000000dc   Code   RO         4551    .text               c_w.l(bigflt0.o)
    0x0800138c   0x00000008   Code   RO         4576    .text               c_w.l(ferror.o)
    0x08001394   0x0000000e   Code   RO         4583    .text               c_w.l(defsig_rtmem_outer.o)
    0x080013a2   0x00000002   Code   RO         4598    .text               c_w.l(use_no_semi.o)
    0x080013a4   0x00000000   Code   RO         4600    .text               c_w.l(indicate_semi.o)
    0x080013a4   0x0000004a   Code   RO         4601    .text               c_w.l(sys_stackheap_outer.o)
    0x080013ee   0x0000001c   Code   RO         4607    .text               c_w.l(_chval.o)
    0x0800140a   0x00000012   Code   RO         4612    .text               c_w.l(exit.o)
    0x0800141c   0x0000000a   Code   RO         4614    .text               c_w.l(defsig_exit.o)
    0x08001426   0x00000002   PAD
    0x08001428   0x00000050   Code   RO         4620    .text               c_w.l(defsig_rtmem_inner.o)
    0x08001478   0x0000000c   Code   RO         4632    .text               c_w.l(sys_exit.o)
    0x08001484   0x00000032   Code   RO         4642    .text               c_w.l(defsig_general.o)
    0x080014b6   0x0000000e   Code   RO         4662    .text               c_w.l(sys_wrch.o)
    0x080014c4   0x0000003e   Code   RO         4554    CL$$btod_d2e        c_w.l(btod.o)
    0x08001502   0x00000046   Code   RO         4556    CL$$btod_d2e_denorm_low  c_w.l(btod.o)
    0x08001548   0x00000060   Code   RO         4555    CL$$btod_d2e_norm_op1  c_w.l(btod.o)
    0x080015a8   0x00000338   Code   RO         4564    CL$$btod_div_common  c_w.l(btod.o)
    0x080018e0   0x000000c6   Code   RO         4561    CL$$btod_e2e        c_w.l(btod.o)
    0x080019a6   0x00000028   Code   RO         4558    CL$$btod_ediv       c_w.l(btod.o)
    0x080019ce   0x00000028   Code   RO         4557    CL$$btod_emul       c_w.l(btod.o)
    0x080019f6   0x00000244   Code   RO         4563    CL$$btod_mult_common  c_w.l(btod.o)
    0x08001c3a   0x00000002   PAD
    0x08001c3c   0x00000030   Code   RO          438    i.CmdError          fatfs_sd_sdio.o
    0x08001c6c   0x00000138   Code   RO          439    i.CmdResp1Error     fatfs_sd_sdio.o
    0x08001da4   0x0000004c   Code   RO          440    i.CmdResp2Error     fatfs_sd_sdio.o
    0x08001df0   0x00000038   Code   RO          441    i.CmdResp3Error     fatfs_sd_sdio.o
    0x08001e28   0x000000a4   Code   RO          442    i.CmdResp6Error     fatfs_sd_sdio.o
    0x08001ecc   0x0000004c   Code   RO          443    i.CmdResp7Error     fatfs_sd_sdio.o
    0x08001f18   0x0000007c   Code   RO         3953    i.DACDMA_Initial    dma.o
    0x08001f94   0x00000008   Code   RO         3869    i.DAC_Channel1_Initial  dac.o
    0x08001f9c   0x00000028   Code   RO         2380    i.DAC_Cmd           stm32f4xx_dac.o
    0x08001fc4   0x00000044   Code   RO         3870    i.DAC_Config        dac.o
    0x08002008   0x0000002c   Code   RO         2381    i.DAC_DMACmd        stm32f4xx_dac.o
    0x08002034   0x00000034   Code   RO         2388    i.DAC_Init          stm32f4xx_dac.o
    0x08002068   0x00000008   Code   RO          444    i.DMA2_Stream3_IRQHandler  fatfs_sd_sdio.o
    0x08002070   0x00000034   Code   RO         1368    i.DMA_ClearFlag     stm32f4xx_dma.o
    0x080020a4   0x00000016   Code   RO         1370    i.DMA_Cmd           stm32f4xx_dma.o
    0x080020ba   0x00000002   PAD
    0x080020bc   0x00000158   Code   RO         1371    i.DMA_DeInit        stm32f4xx_dma.o
    0x08002214   0x00000016   Code   RO         1374    i.DMA_FlowControllerConfig  stm32f4xx_dma.o
    0x0800222a   0x00000002   PAD
    0x0800222c   0x00000044   Code   RO         1379    i.DMA_GetFlagStatus  stm32f4xx_dma.o
    0x08002270   0x0000003a   Code   RO         1381    i.DMA_ITConfig      stm32f4xx_dma.o
    0x080022aa   0x00000002   PAD
    0x080022ac   0x00000058   Code   RO         1382    i.DMA_Init          stm32f4xx_dma.o
    0x08002304   0x00000028   Code   RO         3898    i.EXTI3_IRQHandler  button.o
    0x0800232c   0x00000028   Code   RO         3899    i.EXTI4_IRQHandler  button.o
    0x08002354   0x0000000c   Code   RO         3569    i.EXTI_ClearITPendingBit  stm32f4xx_exti.o
    0x08002360   0x00000018   Code   RO         3573    i.EXTI_GetITStatus  stm32f4xx_exti.o
    0x08002378   0x00000094   Code   RO         3574    i.EXTI_Init         stm32f4xx_exti.o
    0x0800240c   0x00000804   Code   RO            4    i.File_Processed    main.o
    0x08002c10   0x0000019c   Code   RO          445    i.FindSCR           fatfs_sd_sdio.o
    0x08002dac   0x00000090   Code   RO         1501    i.GPIO_Init         stm32f4xx_gpio.o
    0x08002e3c   0x0000003c   Code   RO         4057    i.GPIO_LCD_Init     lcd16x2.o
    0x08002e78   0x00000046   Code   RO         1502    i.GPIO_PinAFConfig  stm32f4xx_gpio.o
    0x08002ebe   0x00000008   Code   RO         1511    i.GPIO_ToggleBits   stm32f4xx_gpio.o
    0x08002ec6   0x0000000a   Code   RO         1513    i.GPIO_WriteBit     stm32f4xx_gpio.o
    0x08002ed0   0x00000220   Code   RO            5    i.Initial_Structure_List  main.o
    0x080030f0   0x00000010   Code   RO         4058    i.LCD_Clear         lcd16x2.o
    0x08003100   0x0000002c   Code   RO         4059    i.LCD_Enable        lcd16x2.o
    0x0800312c   0x0000001e   Code   RO         4060    i.LCD_Gotoxy        lcd16x2.o
    0x0800314a   0x00000002   PAD
    0x0800314c   0x00000050   Code   RO         4061    i.LCD_Init          lcd16x2.o
    0x0800319c   0x00000024   Code   RO         4062    i.LCD_PutChar       lcd16x2.o
    0x080031c0   0x00000016   Code   RO         4063    i.LCD_Puts          lcd16x2.o
    0x080031d6   0x00000002   PAD
    0x080031d8   0x00000044   Code   RO         4064    i.LCD_Send4Bit      lcd16x2.o
    0x0800321c   0x0000001a   Code   RO         4065    i.LCD_SendCommand   lcd16x2.o
    0x08003236   0x00000002   PAD
    0x08003238   0x00000078   Code   RO         2330    i.NVIC_Init         misc.o
    0x080032b0   0x00000014   Code   RO         2331    i.NVIC_PriorityGroupConfig  misc.o
    0x080032c4   0x00000020   Code   RO         1602    i.RCC_AHB1PeriphClockCmd  stm32f4xx_rcc.o
    0x080032e4   0x00000020   Code   RO         1611    i.RCC_APB1PeriphClockCmd  stm32f4xx_rcc.o
    0x08003304   0x00000020   Code   RO         1614    i.RCC_APB2PeriphClockCmd  stm32f4xx_rcc.o
    0x08003324   0x00000020   Code   RO         1616    i.RCC_APB2PeriphResetCmd  stm32f4xx_rcc.o
    0x08003344   0x00000064   Code   RO         1622    i.RCC_DeInit        stm32f4xx_rcc.o
    0x080033a8   0x000000e8   Code   RO         1623    i.RCC_GetClocksFreq  stm32f4xx_rcc.o
    0x08003490   0x0000011c   Code   RO          447    i.SDEnWideBus       fatfs_sd_sdio.o
    0x080035ac   0x0000000c   Code   RO         1942    i.SDIO_ClearITPendingBit  stm32f4xx_sdio.o
    0x080035b8   0x0000000c   Code   RO         1943    i.SDIO_ClockCmd     stm32f4xx_sdio.o
    0x080035c4   0x0000000c   Code   RO         1946    i.SDIO_DMACmd       stm32f4xx_sdio.o
    0x080035d0   0x00000034   Code   RO         1947    i.SDIO_DataConfig   stm32f4xx_sdio.o
    0x08003604   0x00000016   Code   RO         1949    i.SDIO_DeInit       stm32f4xx_sdio.o
    0x0800361a   0x00000002   PAD
    0x0800361c   0x0000000c   Code   RO         1950    i.SDIO_GetCommandResponse  stm32f4xx_sdio.o
    0x08003628   0x00000018   Code   RO         1953    i.SDIO_GetFlagStatus  stm32f4xx_sdio.o
    0x08003640   0x00000018   Code   RO         1954    i.SDIO_GetITStatus  stm32f4xx_sdio.o
    0x08003658   0x00000010   Code   RO         1955    i.SDIO_GetPowerState  stm32f4xx_sdio.o
    0x08003668   0x00000018   Code   RO         1956    i.SDIO_GetResponse  stm32f4xx_sdio.o
    0x08003680   0x00000008   Code   RO          448    i.SDIO_IRQHandler   fatfs_sd_sdio.o
    0x08003688   0x00000030   Code   RO         1958    i.SDIO_Init         stm32f4xx_sdio.o
    0x080036b8   0x0000000c   Code   RO         1959    i.SDIO_ReadData     stm32f4xx_sdio.o
    0x080036c4   0x0000002c   Code   RO         1961    i.SDIO_SendCommand  stm32f4xx_sdio.o
    0x080036f0   0x0000000c   Code   RO         1963    i.SDIO_SetPowerState  stm32f4xx_sdio.o
    0x080036fc   0x00000016   Code   RO          450    i.SD_Detect         fatfs_sd_sdio.o
    0x08003712   0x00000002   PAD
    0x08003714   0x00000094   Code   RO          451    i.SD_EnableWideBusOperation  fatfs_sd_sdio.o
    0x080037a8   0x0000031c   Code   RO          453    i.SD_GetCardInfo    fatfs_sd_sdio.o
    0x08003ac4   0x00000026   Code   RO          455    i.SD_GetState       fatfs_sd_sdio.o
    0x08003aea   0x0000001e   Code   RO          456    i.SD_GetStatus      fatfs_sd_sdio.o
    0x08003b08   0x00000088   Code   RO          459    i.SD_Init           fatfs_sd_sdio.o
    0x08003b90   0x00000138   Code   RO          460    i.SD_InitializeCards  fatfs_sd_sdio.o
    0x08003cc8   0x00000090   Code   RO          461    i.SD_LowLevel_DMA_RxConfig  fatfs_sd_sdio.o
    0x08003d58   0x00000090   Code   RO          462    i.SD_LowLevel_DMA_TxConfig  fatfs_sd_sdio.o
    0x08003de8   0x00000054   Code   RO          463    i.SD_LowLevel_DeInit  fatfs_sd_sdio.o
    0x08003e3c   0x00000058   Code   RO          464    i.SD_LowLevel_Init  fatfs_sd_sdio.o
    0x08003e94   0x000001a0   Code   RO          466    i.SD_PowerON        fatfs_sd_sdio.o
    0x08004034   0x00000028   Code   RO          467    i.SD_ProcessDMAIRQ  fatfs_sd_sdio.o
    0x0800405c   0x000000b4   Code   RO          468    i.SD_ProcessIRQSrc  fatfs_sd_sdio.o
    0x08004110   0x00000100   Code   RO          470    i.SD_ReadMultiBlocks  fatfs_sd_sdio.o
    0x08004210   0x00000038   Code   RO          472    i.SD_SelectDeselect  fatfs_sd_sdio.o
    0x08004248   0x00000054   Code   RO          474    i.SD_SendStatus     fatfs_sd_sdio.o
    0x0800429c   0x00000034   Code   RO          475    i.SD_StopTransfer   fatfs_sd_sdio.o
    0x080042d0   0x00000094   Code   RO          476    i.SD_WaitReadOperation  fatfs_sd_sdio.o
    0x08004364   0x00000084   Code   RO          477    i.SD_WaitWriteOperation  fatfs_sd_sdio.o
    0x080043e8   0x00000160   Code   RO          479    i.SD_WriteMultiBlocks  fatfs_sd_sdio.o
    0x08004548   0x00000040   Code   RO         3637    i.SYSCFG_EXTILineConfig  stm32f4xx_syscfg.o
    0x08004588   0x00000014   Code   RO         3695    i.SysTick32         delay.o
    0x0800459c   0x00000010   Code   RO         3697    i.SysTick_Handler   delay.o
    0x080045ac   0x00000010   Code   RO         3698    i.SysTick_Init      delay.o
    0x080045bc   0x000000c0   Code   RO         4195    i.SystemCoreClockUpdate  system_stm32f4xx.o
    0x0800467c   0x00000064   Code   RO         4196    i.SystemInit        system_stm32f4xx.o
    0x080046e0   0x000000dc   Code   RO         3977    i.System_Configuration  clock.o
    0x080047bc   0x00000008   Code   RO         3978    i.System_Initial    clock.o
    0x080047c4   0x00000044   Code   RO         3840    i.TIM6_Trigger_DAC_Config  timer.o
    0x08004808   0x00000010   Code   RO         3841    i.TIM6_Trigger_DAC_Init  timer.o
    0x08004818   0x00000018   Code   RO         2514    i.TIM_Cmd           stm32f4xx_tim.o
    0x08004830   0x00000012   Code   RO         2572    i.TIM_SelectOutputTrigger  stm32f4xx_tim.o
    0x08004842   0x00000002   PAD
    0x08004844   0x00000084   Code   RO         2586    i.TIM_TimeBaseInit  stm32f4xx_tim.o
    0x080048c8   0x00000012   Code   RO         2587    i.TIM_TimeBaseStructInit  stm32f4xx_tim.o
    0x080048da   0x00000004   Code   RO          231    i.TM_FATFS_CheckCardDetectPin  tm_stm32f4_fatfs.o
    0x080048de   0x00000004   Code   RO          481    i.TM_FATFS_SDIO_WriteEnabled  fatfs_sd_sdio.o
    0x080048e2   0x00000004   Code   RO         1133    i.TM_FATFS_SDRAM_disk_initialize  diskio.o
    0x080048e6   0x00000006   Code   RO         1134    i.TM_FATFS_SDRAM_disk_ioctl  diskio.o
    0x080048ec   0x00000006   Code   RO         1135    i.TM_FATFS_SDRAM_disk_read  diskio.o
    0x080048f2   0x00000004   Code   RO         1136    i.TM_FATFS_SDRAM_disk_status  diskio.o
    0x080048f6   0x00000006   Code   RO         1137    i.TM_FATFS_SDRAM_disk_write  diskio.o
    0x080048fc   0x0000008c   Code   RO          482    i.TM_FATFS_SD_SDIO_disk_initialize  fatfs_sd_sdio.o
    0x08004988   0x0000002a   Code   RO          483    i.TM_FATFS_SD_SDIO_disk_ioctl  fatfs_sd_sdio.o
    0x080049b2   0x00000002   PAD
    0x080049b4   0x000000a8   Code   RO          484    i.TM_FATFS_SD_SDIO_disk_read  fatfs_sd_sdio.o
    0x08004a5c   0x00000038   Code   RO          485    i.TM_FATFS_SD_SDIO_disk_status  fatfs_sd_sdio.o
    0x08004a94   0x000000ac   Code   RO          486    i.TM_FATFS_SD_SDIO_disk_write  fatfs_sd_sdio.o
    0x08004b40   0x00000004   Code   RO         1148    i.TM_FATFS_SPI_FLASH_disk_initialize  diskio.o
    0x08004b44   0x00000006   Code   RO         1149    i.TM_FATFS_SPI_FLASH_disk_ioctl  diskio.o
    0x08004b4a   0x00000006   Code   RO         1150    i.TM_FATFS_SPI_FLASH_disk_read  diskio.o
    0x08004b50   0x00000004   Code   RO         1151    i.TM_FATFS_SPI_FLASH_disk_status  diskio.o
    0x08004b54   0x00000006   Code   RO         1152    i.TM_FATFS_SPI_FLASH_disk_write  diskio.o
    0x08004b5a   0x00000004   Code   RO         1153    i.TM_FATFS_USB_disk_initialize  diskio.o
    0x08004b5e   0x00000006   Code   RO         1154    i.TM_FATFS_USB_disk_ioctl  diskio.o
    0x08004b64   0x00000006   Code   RO         1155    i.TM_FATFS_USB_disk_read  diskio.o
    0x08004b6a   0x00000004   Code   RO         1156    i.TM_FATFS_USB_disk_status  diskio.o
    0x08004b6e   0x00000006   Code   RO         1157    i.TM_FATFS_USB_disk_write  diskio.o
    0x08004b74   0x00000048   Code   RO          313    i.TM_GPIO_DeInit    tm_stm32f4_gpio.o
    0x08004bbc   0x0000000e   Code   RO          316    i.TM_GPIO_GetPortSource  tm_stm32f4_gpio.o
    0x08004bca   0x00000002   PAD
    0x08004bcc   0x00000020   Code   RO          319    i.TM_GPIO_INT_EnableClock  tm_stm32f4_gpio.o
    0x08004bec   0x000000b0   Code   RO          320    i.TM_GPIO_INT_Init  tm_stm32f4_gpio.o
    0x08004c9c   0x0000006e   Code   RO          322    i.TM_GPIO_InitAlternate  tm_stm32f4_gpio.o
    0x08004d0a   0x00000032   Code   RO          328    i.TM_GPIO_SetPullResistor  tm_stm32f4_gpio.o
    0x08004d3c   0x000000f4   Code   RO         3769    i.UART1_Config      uart.o
    0x08004e30   0x00000018   Code   RO         2142    i.USART_Cmd         stm32f4xx_usart.o
    0x08004e48   0x0000001a   Code   RO         2145    i.USART_GetFlagStatus  stm32f4xx_usart.o
    0x08004e62   0x0000004a   Code   RO         2148    i.USART_ITConfig    stm32f4xx_usart.o
    0x08004eac   0x000000d4   Code   RO         2149    i.USART_Init        stm32f4xx_usart.o
    0x08004f80   0x00000008   Code   RO         2159    i.USART_SendData    stm32f4xx_usart.o
    0x08004f88   0x00000030   Code   RO         4596    i.__ARM_fpclassify  m_wm.l(fpclassify.o)
    0x08004fb8   0x0000000e   Code   RO         4342    i._is_digit         c_w.l(__printf_wp.o)
    0x08004fc6   0x00000002   PAD
    0x08004fc8   0x00000268   Code   RO            6    i.back_update_strucre_list  main.o
    0x08005230   0x00000010   Code   RO         3900    i.button_Initial    button.o
    0x08005240   0x0000007c   Code   RO         3901    i.button_Key0_Config  button.o
    0x080052bc   0x0000007c   Code   RO         3902    i.button_Key1_Config  button.o
    0x08005338   0x00000090   Code   RO          751    i.check_fs          ff.o
    0x080053c8   0x00000014   Code   RO          752    i.chk_chr           ff.o
    0x080053dc   0x0000001a   Code   RO          753    i.clust2sect        ff.o
    0x080053f6   0x00000002   PAD
    0x080053f8   0x00000090   Code   RO          754    i.cmp_lfn           ff.o
    0x08005488   0x000000d6   Code   RO          755    i.create_chain      ff.o
    0x0800555e   0x00000002   PAD
    0x08005560   0x00000298   Code   RO          756    i.create_name       ff.o
    0x080057f8   0x00000016   Code   RO         3701    i.delay_ms          delay.o
    0x0800580e   0x0000001e   Code   RO         3702    i.delay_us          delay.o
    0x0800582c   0x0000005c   Code   RO          757    i.dir_alloc         ff.o
    0x08005888   0x000000ea   Code   RO          758    i.dir_find          ff.o
    0x08005972   0x0000010e   Code   RO          759    i.dir_next          ff.o
    0x08005a80   0x000000c4   Code   RO          760    i.dir_read          ff.o
    0x08005b44   0x00000136   Code   RO          761    i.dir_register      ff.o
    0x08005c7a   0x0000009e   Code   RO          763    i.dir_sdi           ff.o
    0x08005d18   0x00000028   Code   RO         1158    i.disk_initialize   diskio.o
    0x08005d40   0x00000030   Code   RO         1159    i.disk_ioctl        diskio.o
    0x08005d70   0x00000040   Code   RO         1160    i.disk_read         diskio.o
    0x08005db0   0x0000002c   Code   RO         1161    i.disk_status       diskio.o
    0x08005ddc   0x00000040   Code   RO         1162    i.disk_write        diskio.o
    0x08005e1c   0x00000020   Code   RO          767    i.f_close           ff.o
    0x08005e3c   0x00000016   Code   RO          768    i.f_closedir        ff.o
    0x08005e52   0x00000002   PAD
    0x08005e54   0x0000005c   Code   RO          778    i.f_mount           ff.o
    0x08005eb0   0x0000016a   Code   RO          779    i.f_open            ff.o
    0x0800601a   0x00000076   Code   RO          780    i.f_opendir         ff.o
    0x08006090   0x000001a0   Code   RO          784    i.f_read            ff.o
    0x08006230   0x00000064   Code   RO          785    i.f_readdir         ff.o
    0x08006294   0x000000b0   Code   RO          789    i.f_sync            ff.o
    0x08006344   0x0000004c   Code   RO         1342    i.ff_convert        unicode.o
    0x08006390   0x00000038   Code   RO         1343    i.ff_wtoupper       unicode.o
    0x080063c8   0x00000398   Code   RO          794    i.find_volume       ff.o
    0x08006760   0x00000080   Code   RO          795    i.fit_lfn           ff.o
    0x080067e0   0x000000ae   Code   RO          796    i.follow_path       ff.o
    0x0800688e   0x00000002   PAD
    0x08006890   0x00000024   Code   RO         3775    i.fputc             uart.o
    0x080068b4   0x000000b4   Code   RO          797    i.gen_numname       ff.o
    0x08006968   0x000000f2   Code   RO          799    i.get_fat           ff.o
    0x08006a5a   0x00000002   PAD
    0x08006a5c   0x00000008   Code   RO         1163    i.get_fattime       diskio.o
    0x08006a64   0x00000102   Code   RO          800    i.get_fileinfo      ff.o
    0x08006b66   0x00000002   PAD
    0x08006b68   0x000000c0   Code   RO          801    i.get_ldnumber      ff.o
    0x08006c28   0x00000020   Code   RO          802    i.ld_clust          ff.o
    0x08006c48   0x00000028   Code   RO         3903    i.led_Config        button.o
    0x08006c70   0x000000c0   Code   RO            7    i.main              main.o
    0x08006d30   0x00000026   Code   RO          803    i.mem_cmp           ff.o
    0x08006d56   0x0000001a   Code   RO          804    i.mem_cpy           ff.o
    0x08006d70   0x00000014   Code   RO          805    i.mem_set           ff.o
    0x08006d84   0x00000034   Code   RO          806    i.move_window       ff.o
    0x08006db8   0x000002c0   Code   RO            8    i.next_update_strucre_list  main.o
    0x08007078   0x00000074   Code   RO          808    i.pick_lfn          ff.o
    0x080070ec   0x00000142   Code   RO          809    i.put_fat           ff.o
    0x0800722e   0x0000006c   Code   RO          811    i.remove_chain      ff.o
    0x0800729a   0x00000002   PAD
    0x0800729c   0x000000bc   Code   RO            9    i.seconds_to_time   main.o
    0x08007358   0x00000010   Code   RO          812    i.st_clust          ff.o
    0x08007368   0x00000020   Code   RO          813    i.sum_sfn           ff.o
    0x08007388   0x000000c8   Code   RO          814    i.sync_fs           ff.o
    0x08007450   0x00000052   Code   RO          815    i.sync_window       ff.o
    0x080074a2   0x00000036   Code   RO          816    i.validate          ff.o
    0x080074d8   0x0000002c   Code   RO         4581    locale$$code        c_w.l(lc_numeric_c.o)
    0x08007504   0x0000002c   Code   RO         4610    locale$$code        c_w.l(lc_ctype_c.o)
    0x08007530   0x0000000c   Code   RO         4501    x$fpl$dretinf       fz_wm.l(dretinf.o)
    0x0800753c   0x00000056   Code   RO         4392    x$fpl$f2d           fz_wm.l(f2d.o)
    0x08007592   0x0000008c   Code   RO         4503    x$fpl$fnaninf       fz_wm.l(fnaninf.o)
    0x0800761e   0x0000000a   Code   RO         4592    x$fpl$fpinit        fz_wm.l(fpinit.o)
    0x08007628   0x00000004   Code   RO         4394    x$fpl$printf1       fz_wm.l(printf1.o)
    0x0800762c   0x00000000   Code   RO         4505    x$fpl$usenofp       fz_wm.l(usenofp.o)
    0x0800762c   0x000000e0   Data   RO          818    .constdata          ff.o
    0x0800770c   0x000004c0   Data   RO         1344    .constdata          unicode.o
    0x08007bcc   0x00000018   Data   RO         4197    .constdata          system_stm32f4xx.o
    0x08007be4   0x00000028   Data   RO         4315    .constdata          c_w.l(_printf_hex_int.o)
    0x08007c0c   0x00000094   Data   RO         4552    .constdata          c_w.l(bigflt0.o)
    0x08007ca0   0x00000042   Data   RO          819    .conststring        ff.o
    0x08007ce2   0x00000002   PAD
    0x08007ce4   0x00000020   Data   RO         4690    Region$$Table       anon$$obj.o
    0x08007d04   0x0000001c   Data   RO         4580    locale$$data        c_w.l(lc_numeric_c.o)
    0x08007d20   0x00000110   Data   RO         4609    locale$$data        c_w.l(lc_ctype_c.o)


    Execution Region RW_IRAM1 (Base: 0x20000000, Size: 0x000036e8, Max: 0x00020000, ABSOLUTE)

    Base Addr    Size         Type   Attr      Idx    E Section Name        Object

    0x20000000   0x00000021   Data   RW           11    .data               main.o
    0x20000021   0x00000003   PAD
    0x20000024   0x00000019   Data   RW          489    .data               fatfs_sd_sdio.o
    0x2000003d   0x00000001   PAD
    0x2000003e   0x00000003   Data   RW          820    .data               ff.o
    0x20000041   0x00000003   PAD
    0x20000044   0x000000b4   Data   RW         1164    .data               diskio.o
    0x200000f8   0x00000010   Data   RW         1655    .data               stm32f4xx_rcc.o
    0x20000108   0x00000004   Data   RW         3703    .data               delay.o
    0x2000010c   0x00000004   Data   RW         3776    .data               uart.o
    0x20000110   0x00000004   Data   RW         4198    .data               system_stm32f4xx.o
    0x20000114   0x00001269   Zero   RW           10    .bss                main.o
    0x2000137d   0x00000001   PAD
    0x2000137e   0x00000016   Zero   RW          329    .bss                tm_stm32f4_gpio.o
    0x20001394   0x00000004   PAD
    0x20001398   0x000000cc   Zero   RW          488    .bss                fatfs_sd_sdio.o
    0x20001464   0x00000024   Zero   RW          817    .bss                ff.o
    0x20001488   0x00000060   Zero   RW         4509    .bss                c_w.l(libspace.o)
    0x200014e8   0x00000200   Zero   RW         4186    HEAP                startup_stm32f407xx.o
    0x200016e8   0x00002000   Zero   RW         4185    STACK               startup_stm32f407xx.o


==============================================================================

Image component sizes


      Code (inc. data)   RO Data    RW Data    ZI Data      Debug   Object Name

       384         30          0          0          0       3455   button.o
       228         16          0          0          0       1429   clock.o
        76          4          0          0          0       1103   dac.o
       104          8          0          4          0       3248   delay.o
       346         32          0        180          0      14157   diskio.o
       124          8          0          0          0       1025   dma.o
      5684        330          0         25        204      39556   fatfs_sd_sdio.o
      6982         82        290          3         36      39436   ff.o
       382         26          0          0          0       5115   lcd16x2.o
      4296       1342          0         33       4713     335746   main.o
       140         24          0          0          0       1719   misc.o
        64         26        392          0       8704        868   startup_stm32f407xx.o
       136         18          0          0          0       2606   stm32f4xx_dac.o
       654         54          0          0          0       6128   stm32f4xx_dma.o
       184         16          0          0          0       2320   stm32f4xx_exti.o
       232          0          0          0          0       3197   stm32f4xx_gpio.o
       460         60          0         16          0       6157   stm32f4xx_rcc.o
       326         68          0          0          0      10245   stm32f4xx_sdio.o
        64          4          0          0          0        704   stm32f4xx_syscfg.o
       192         28          0          0          0       3220   stm32f4xx_tim.o
       344          8          0          0          0       4453   stm32f4xx_usart.o
       292         40         24          4          0       1955   system_stm32f4xx.o
        84          6          0          0          0       1264   timer.o
         4          0          0          0          0       3238   tm_stm32f4_fatfs.o
       454         16          0          0         22       5128   tm_stm32f4_gpio.o
       280         14          0          4          0      29408   uart.o
       132         16       1216          0          0       1999   unicode.o

    ----------------------------------------------------------------------
     22684       2276       1956        276      13684     528879   Object Totals
         0          0         32          0          0          0   (incl. Generated)
        36          0          2          7          5          0   (incl. Padding)

    ----------------------------------------------------------------------

      Code (inc. data)   RO Data    RW Data    ZI Data      Debug   Library Member Name

         8          0          0          0          0         68   __main.o
       352          0          0          0          0         88   __printf_ss_wp.o
        14          0          0          0          0         68   __printf_wp.o
         0          0          0          0          0          0   __rtentry.o
        12          0          0          0          0          0   __rtentry2.o
         6          0          0          0          0          0   __rtentry4.o
        52          8          0          0          0          0   __scatter.o
        26          0          0          0          0          0   __scatter_copy.o
        28          0          0          0          0          0   __scatter_zi.o
        28          0          0          0          0         68   _chval.o
        44          0          0          0          0        108   _printf_char.o
        48          6          0          0          0         96   _printf_char_common.o
        36          4          0          0          0         80   _printf_char_file.o
         6          0          0          0          0          0   _printf_d.o
       120         16          0          0          0         92   _printf_dec.o
         6          0          0          0          0          0   _printf_f.o
      1050          0          0          0          0        216   _printf_fp_dec.o
       128         16          0          0          0         84   _printf_fp_infnan.o
        88          4         40          0          0         88   _printf_hex_int.o
       178          0          0          0          0         88   _printf_intcommon.o
        78          0          0          0          0        108   _printf_pad.o
         0          0          0          0          0          0   _printf_percent.o
         4          0          0          0          0          0   _printf_percent_end.o
         6          0          0          0          0          0   _printf_s.o
        82          0          0          0          0         80   _printf_str.o
         6          0          0          0          0          0   _printf_u.o
         6          0          0          0          0          0   _printf_x.o
        10          0          0          0          0         68   _sputc.o
       158          0          0          0          0         92   _strtoul.o
        16          0          0          0          0         68   aeabi_memset.o
        26          0          0          0          0         80   atoi.o
       220          4        148          0          0         96   bigflt0.o
      1910        128          0          0          0        672   btod.o
        10          0          0          0          0         68   defsig_exit.o
        50          0          0          0          0         88   defsig_general.o
        80         58          0          0          0         76   defsig_rtmem_inner.o
        14          0          0          0          0         80   defsig_rtmem_outer.o
        18          0          0          0          0         80   exit.o
         8          0          0          0          0         68   ferror.o
        94          0          0          0          0         80   h1_alloc.o
        52          0          0          0          0         68   h1_extend.o
        78          0          0          0          0         80   h1_free.o
        14          0          0          0          0         84   h1_init.o
         6          0          0          0          0        152   heapauxi.o
         4          0          0          0          0        136   hguard.o
         0          0          0          0          0          0   indicate_semi.o
       138          0          0          0          0        168   init_alloc.o
        44         10        272          0          0         76   lc_ctype_c.o
        44         10         28          0          0         76   lc_numeric_c.o
         2          0          0          0          0          0   libinit.o
        42          0          0          0          0          0   libinit2.o
         2          0          0          0          0          0   libshutdown.o
         2          0          0          0          0          0   libshutdown2.o
         8          4          0          0         96         68   libspace.o
       138          0          0          0          0         80   lludiv10.o
       238          0          0          0          0        100   lludivv7m.o
         0          0          0          0          0          0   maybetermalloc1.o
        24          4          0          0          0         84   noretval__2printf.o
        40          6          0          0          0         84   noretval__2sprintf.o
        16          4          0          0          0         76   rt_ctype_table.o
         8          4          0          0          0         68   rt_errno_addr_intlibspace.o
         8          4          0          0          0         68   rt_heap_descriptor_intlibspace.o
         8          4          0          0          0         68   rt_locale_intlibspace.o
        68          0          0          0          0         68   rt_memclr.o
        78          0          0          0          0         80   rt_memclr_w.o
       138          0          0          0          0         68   rt_memcpy_v6.o
       100          0          0          0          0         80   rt_memcpy_w.o
         2          0          0          0          0          0   rtexit.o
        10          0          0          0          0          0   rtexit2.o
        20          0          0          0          0         68   strchr.o
       128          0          0          0          0         68   strcmpv7m.o
        72          0          0          0          0         80   strcpy.o
        86          0          0          0          0         76   strncpy.o
       112          0          0          0          0         88   strtol.o
        12          4          0          0          0         68   sys_exit.o
        74          0          0          0          0         80   sys_stackheap_outer.o
        14          0          0          0          0         76   sys_wrch.o
         2          0          0          0          0         68   use_no_semi.o
        12          0          0          0          0        116   dretinf.o
        86          4          0          0          0        132   f2d.o
       140          4          0          0          0        132   fnaninf.o
        10          0          0          0          0        116   fpinit.o
         4          0          0          0          0        116   printf1.o
         0          0          0          0          0          0   usenofp.o
        48          0          0          0          0        124   fpclassify.o

    ----------------------------------------------------------------------
      7176        306        488          0         96       6188   Library Totals
        18          0          0          0          0          0   (incl. Padding)

    ----------------------------------------------------------------------

      Code (inc. data)   RO Data    RW Data    ZI Data      Debug   Library Name

      6858        298        488          0         96       5452   c_w.l
       252          8          0          0          0        612   fz_wm.l
        48          0          0          0          0        124   m_wm.l

    ----------------------------------------------------------------------
      7176        306        488          0         96       6188   Library Totals

    ----------------------------------------------------------------------

==============================================================================


      Code (inc. data)   RO Data    RW Data    ZI Data      Debug   

     29860       2582       2444        276      13780     512643   Grand Totals
     29860       2582       2444        276      13780     512643   ELF Image Totals
     29860       2582       2444        276          0          0   ROM Totals

==============================================================================

    Total RO  Size (Code + RO Data)                32304 (  31.55kB)
    Total RW  Size (RW Data + ZI Data)             14056 (  13.73kB)
    Total ROM Size (Code + RO Data + RW Data)      32580 (  31.82kB)

==============================================================================

