Component: ARM Compiler 5.06 update 1 (build 61) Tool: armlink [4d35a8]

==============================================================================

Section Cross References

    main.o(i.System_Configuration) refers to stm32f4xx_rcc.o(i.RCC_DeInit) for RCC_DeInit
    main.o(i.main) refers to main.o(i.System_Configuration) for System_Configuration
    main.o(i.main) refers to system_stm32f4xx.o(i.SystemCoreClockUpdate) for SystemCoreClockUpdate
    main.o(i.main) refers to delay.o(i.SysTick_Init) for SysTick_Init
    main.o(i.main) refers to uart.o(i.UART1_Config) for UART1_Config
    main.o(i.main) refers to ff.o(i.f_mount) for f_mount
    main.o(i.main) refers to stm32f4xx_gpio.o(i.GPIO_ToggleBits) for GPIO_ToggleBits
    main.o(i.main) refers to ff.o(i.f_open) for f_open
    main.o(i.main) refers to ff.o(i.f_printf) for f_printf
    main.o(i.main) refers to ff.o(i.f_puts) for f_puts
    main.o(i.main) refers to tm_stm32f4_fatfs.o(i.TM_FATFS_DriveSize) for TM_FATFS_DriveSize
    main.o(i.main) refers to ff.o(i.f_close) for f_close
    main.o(i.main) refers to ff.o(i.f_read) for f_read
    main.o(i.main) refers to delay.o(i.delay_ms) for delay_ms
    main.o(i.main) refers to main.o(.bss) for FatFs
    main.o(i.main) refers to main.o(.data) for br
    tm_stm32f4_fatfs.o(i.TM_FATFS_DriveSize) refers to ff.o(i.f_getfree) for f_getfree
    tm_stm32f4_fatfs.o(i.TM_FATFS_GetDriveSize) refers to ff.o(i.f_getfree) for f_getfree
    tm_stm32f4_fatfs.o(i.TM_FATFS_GetDriveSize) refers to dflt_clz.o(x$fpl$dfltu) for __aeabi_ui2d
    tm_stm32f4_fatfs.o(i.TM_FATFS_GetDriveSize) refers to dmul.o(x$fpl$dmul) for __aeabi_dmul
    tm_stm32f4_fatfs.o(i.TM_FATFS_GetDriveSize) refers to dfixu.o(x$fpl$dfixu) for __aeabi_d2uiz
    tm_stm32f4_fatfs.o(i.TM_FATFS_Search) refers to h1_alloc.o(.text) for malloc
    tm_stm32f4_fatfs.o(i.TM_FATFS_Search) refers to strlen.o(.text) for strlen
    tm_stm32f4_fatfs.o(i.TM_FATFS_Search) refers to strcpy.o(.text) for strcpy
    tm_stm32f4_fatfs.o(i.TM_FATFS_Search) refers to tm_stm32f4_fatfs.o(i.scan_files) for scan_files
    tm_stm32f4_fatfs.o(i.TM_FATFS_Search) refers to h1_free.o(.text) for free
    tm_stm32f4_fatfs.o(i.TM_FATFS_TruncateBeginning) refers to ff.o(i.f_lseek) for f_lseek
    tm_stm32f4_fatfs.o(i.TM_FATFS_TruncateBeginning) refers to ff.o(i.f_truncate) for f_truncate
    tm_stm32f4_fatfs.o(i.TM_FATFS_TruncateBeginning) refers to ff.o(i.f_read) for f_read
    tm_stm32f4_fatfs.o(i.TM_FATFS_TruncateBeginning) refers to ff.o(i.f_write) for f_write
    tm_stm32f4_fatfs.o(i.TM_FATFS_USBDriveSize) refers to ff.o(i.f_getfree) for f_getfree
    tm_stm32f4_fatfs.o(i.scan_files) refers to _printf_percent.o(.ARM.Collect$$_printf_percent$$00000000) for _printf_percent
    tm_stm32f4_fatfs.o(i.scan_files) refers to _printf_s.o(.ARM.Collect$$_printf_percent$$00000014) for _printf_s
    tm_stm32f4_fatfs.o(i.scan_files) refers to _printf_str.o(.text) for _printf_str
    tm_stm32f4_fatfs.o(i.scan_files) refers to ff.o(i.f_opendir) for f_opendir
    tm_stm32f4_fatfs.o(i.scan_files) refers to strlen.o(.text) for strlen
    tm_stm32f4_fatfs.o(i.scan_files) refers to noretval__2sprintf.o(.text) for __2sprintf
    tm_stm32f4_fatfs.o(i.scan_files) refers to tm_stm32f4_fatfs.o(i.TM_FATFS_SearchCallback) for TM_FATFS_SearchCallback
    tm_stm32f4_fatfs.o(i.scan_files) refers to ff.o(i.f_readdir) for f_readdir
    tm_stm32f4_fatfs.o(i.scan_files) refers to ff.o(i.f_closedir) for f_closedir
    tm_stm32f4_fatfs.o(i.scan_files) refers to tm_stm32f4_fatfs.o(.bss) for lfn
    ff.o(i.check_fs) refers to ff.o(i.move_window) for move_window
    ff.o(i.cmp_lfn) refers to unicode.o(i.ff_wtoupper) for ff_wtoupper
    ff.o(i.cmp_lfn) refers to ff.o(.constdata) for LfnOfs
    ff.o(i.create_chain) refers to ff.o(i.get_fat) for get_fat
    ff.o(i.create_chain) refers to ff.o(i.put_fat) for put_fat
    ff.o(i.create_name) refers to unicode.o(i.ff_convert) for ff_convert
    ff.o(i.create_name) refers to ff.o(i.chk_chr) for chk_chr
    ff.o(i.create_name) refers to ff.o(i.mem_set) for mem_set
    ff.o(i.create_name) refers to ff.o(.constdata) for ExCvt
    ff.o(i.dir_alloc) refers to ff.o(i.dir_sdi) for dir_sdi
    ff.o(i.dir_alloc) refers to ff.o(i.move_window) for move_window
    ff.o(i.dir_alloc) refers to ff.o(i.dir_next) for dir_next
    ff.o(i.dir_find) refers to ff.o(i.dir_sdi) for dir_sdi
    ff.o(i.dir_find) refers to ff.o(i.move_window) for move_window
    ff.o(i.dir_find) refers to ff.o(i.cmp_lfn) for cmp_lfn
    ff.o(i.dir_find) refers to ff.o(i.sum_sfn) for sum_sfn
    ff.o(i.dir_find) refers to ff.o(i.mem_cmp) for mem_cmp
    ff.o(i.dir_find) refers to ff.o(i.dir_next) for dir_next
    ff.o(i.dir_next) refers to ff.o(i.get_fat) for get_fat
    ff.o(i.dir_next) refers to ff.o(i.create_chain) for create_chain
    ff.o(i.dir_next) refers to ff.o(i.sync_window) for sync_window
    ff.o(i.dir_next) refers to ff.o(i.mem_set) for mem_set
    ff.o(i.dir_next) refers to ff.o(i.clust2sect) for clust2sect
[...]
    ..\\Library\\STM32F4xx_StdPeriph_Driver\\src\\stm32f4xx_sdio.c 0x00000000   Number         0  stm32f4xx_sdio.o ABSOLUTE
    ..\\Library\\STM32F4xx_StdPeriph_Driver\\src\\stm32f4xx_usart.c 0x00000000   Number         0  stm32f4xx_usart.o ABSOLUTE
    ..\\Library\\User_Libraries\\src\\delay.c 0x00000000   Number         0  delay.o ABSOLUTE
    ..\\Library\\User_Libraries\\src\\uart.c 0x00000000   Number         0  uart.o ABSOLUTE
    ..\\Library\\tm_stm32f4_fatfs\\fatfs\\diskio.c 0x00000000   Number         0  diskio.o ABSOLUTE
    ..\\Library\\tm_stm32f4_fatfs\\fatfs\\drivers\\fatfs_sd_sdio.c 0x00000000   Number         0  fatfs_sd_sdio.o ABSOLUTE
    ..\\Library\\tm_stm32f4_fatfs\\fatfs\\tm_stm32f4_gpio.c 0x00000000   Number         0  tm_stm32f4_gpio.o ABSOLUTE
    ..\\Library\\tm_stm32f4_fatfs\\tm_stm32f4_fatfs.c 0x00000000   Number         0  tm_stm32f4_fatfs.o ABSOLUTE
    ..\\User\\main.c                         0x00000000   Number         0  main.o ABSOLUTE
    RTE\Device\STM32F407VETx\startup_stm32f407xx.s 0x00000000   Number         0  startup_stm32f407xx.o ABSOLUTE
    RTE\Device\STM32F407VETx\system_stm32f4xx.c 0x00000000   Number         0  system_stm32f4xx.o ABSOLUTE
    RTE\\Device\\STM32F407VETx\\system_stm32f4xx.c 0x00000000   Number         0  system_stm32f4xx.o ABSOLUTE
    dc.s                                     0x00000000   Number         0  dc.o ABSOLUTE
    RESET                                    0x08000000   Section      392  startup_stm32f407xx.o(RESET)
    !!!main                                  0x08000188   Section        8  __main.o(!!!main)
    !!!scatter                               0x08000190   Section       52  __scatter.o(!!!scatter)
    !!handler_copy                           0x080001c4   Section       26  __scatter_copy.o(!!handler_copy)
    !!handler_zi                             0x080001e0   Section       28  __scatter_zi.o(!!handler_zi)
    .ARM.Collect$$libinit$$00000000          0x080001fc   Section        2  libinit.o(.ARM.Collect$$libinit$$00000000)
    .ARM.Collect$$libinit$$00000001          0x080001fe   Section        4  libinit2.o(.ARM.Collect$$libinit$$00000001)
    .ARM.Collect$$libinit$$00000004          0x08000202   Section        0  libinit2.o(.ARM.Collect$$libinit$$00000004)
    .ARM.Collect$$libinit$$0000000A          0x08000202   Section        0  libinit2.o(.ARM.Collect$$libinit$$0000000A)
    .ARM.Collect$$libinit$$0000000C          0x08000202   Section        0  libinit2.o(.ARM.Collect$$libinit$$0000000C)
    .ARM.Collect$$libinit$$0000000E          0x08000202   Section        0  libinit2.o(.ARM.Collect$$libinit$$0000000E)
    .ARM.Collect$$libinit$$00000011          0x08000202   Section        0  libinit2.o(.ARM.Collect$$libinit$$00000011)
    .ARM.Collect$$libinit$$00000013          0x08000202   Section        0  libinit2.o(.ARM.Collect$$libinit$$00000013)
    .ARM.Collect$$libinit$$00000015          0x08000202   Section        0  libinit2.o(.ARM.Collect$$libinit$$00000015)
    .ARM.Collect$$libinit$$00000017          0x08000202   Section        0  libinit2.o(.ARM.Collect$$libinit$$00000017)
    .ARM.Collect$$libinit$$00000019          0x08000202   Section        0  libinit2.o(.ARM.Collect$$libinit$$00000019)
    .ARM.Collect$$libinit$$0000001B          0x08000202   Section        0  libinit2.o(.ARM.Collect$$libinit$$0000001B)
    .ARM.Collect$$libinit$$0000001D          0x08000202   Section        0  libinit2.o(.ARM.Collect$$libinit$$0000001D)
    .ARM.Collect$$libinit$$0000001F          0x08000202   Section        0  libinit2.o(.ARM.Collect$$libinit$$0000001F)
    .ARM.Collect$$libinit$$00000021          0x08000202   Section        0  libinit2.o(.ARM.Collect$$libinit$$00000021)
    .ARM.Collect$$libinit$$00000023          0x08000202   Section        0  libinit2.o(.ARM.Collect$$libinit$$00000023)
    .ARM.Collect$$libinit$$00000025          0x08000202   Section        0  libinit2.o(.ARM.Collect$$libinit$$00000025)
    .ARM.Collect$$libinit$$0000002C          0x08000202   Section        0  libinit2.o(.ARM.Collect$$libinit$$0000002C)
    .ARM.Collect$$libinit$$0000002E          0x08000202   Section        0  libinit2.o(.ARM.Collect$$libinit$$0000002E)
    .ARM.Collect$$libinit$$00000030          0x08000202   Section        0  libinit2.o(.ARM.Collect$$libinit$$00000030)
    .ARM.Collect$$libinit$$00000032          0x08000202   Section        0  libinit2.o(.ARM.Collect$$libinit$$00000032)
    .ARM.Collect$$libinit$$00000033          0x08000202   Section        2  libinit2.o(.ARM.Collect$$libinit$$00000033)
    .ARM.Collect$$libshutdown$$00000000      0x08000204   Section        2  libshutdown.o(.ARM.Collect$$libshutdown$$00000000)
    .ARM.Collect$$libshutdown$$00000002      0x08000206   Section        0  libshutdown2.o(.ARM.Collect$$libshutdown$$00000002)
    .ARM.Collect$$libshutdown$$00000004      0x08000206   Section        0  libshutdown2.o(.ARM.Collect$$libshutdown$$00000004)
    .ARM.Collect$$libshutdown$$00000007      0x08000206   Section        0  libshutdown2.o(.ARM.Collect$$libshutdown$$00000007)
    .ARM.Collect$$libshutdown$$0000000A      0x08000206   Section        0  libshutdown2.o(.ARM.Collect$$libshutdown$$0000000A)
    .ARM.Collect$$libshutdown$$0000000C      0x08000206   Section        0  libshutdown2.o(.ARM.Collect$$libshutdown$$0000000C)
    .ARM.Collect$$libshutdown$$0000000F      0x08000206   Section        0  libshutdown2.o(.ARM.Collect$$libshutdown$$0000000F)
    .ARM.Collect$$libshutdown$$00000010      0x08000206   Section        2  libshutdown2.o(.ARM.Collect$$libshutdown$$00000010)
    .ARM.Collect$$rtentry$$00000000          0x08000208   Section        0  __rtentry.o(.ARM.Collect$$rtentry$$00000000)
    .ARM.Collect$$rtentry$$00000002          0x08000208   Section        0  __rtentry2.o(.ARM.Collect$$rtentry$$00000002)
    .ARM.Collect$$rtentry$$00000004          0x08000208   Section        6  __rtentry4.o(.ARM.Collect$$rtentry$$00000004)
    .ARM.Collect$$rtentry$$00000009          0x0800020e   Section        0  __rtentry2.o(.ARM.Collect$$rtentry$$00000009)
    .ARM.Collect$$rtentry$$0000000A          0x0800020e   Section        4  __rtentry2.o(.ARM.Collect$$rtentry$$0000000A)
    .ARM.Collect$$rtentry$$0000000C          0x08000212   Section        0  __rtentry2.o(.ARM.Collect$$rtentry$$0000000C)
    .ARM.Collect$$rtentry$$0000000D          0x08000212   Section        8  __rtentry2.o(.ARM.Collect$$rtentry$$0000000D)
    .ARM.Collect$$rtexit$$00000000           0x0800021a   Section        2  rtexit.o(.ARM.Collect$$rtexit$$00000000)
    .ARM.Collect$$rtexit$$00000002           0x0800021c   Section        0  rtexit2.o(.ARM.Collect$$rtexit$$00000002)
    .ARM.Collect$$rtexit$$00000003           0x0800021c   Section        4  rtexit2.o(.ARM.Collect$$rtexit$$00000003)
    .ARM.Collect$$rtexit$$00000004           0x08000220   Section        6  rtexit2.o(.ARM.Collect$$rtexit$$00000004)
    .text                                    0x08000228   Section       64  startup_stm32f407xx.o(.text)
    $v0                                      0x08000228   Number         0  startup_stm32f407xx.o(.text)
    .text                                    0x08000268   Section      238  lludivv7m.o(.text)
    .text                                    0x08000356   Section      138  rt_memcpy_v6.o(.text)
    .text                                    0x080003e0   Section        0  heapauxi.o(.text)
    .text                                    0x080003e6   Section      100  rt_memcpy_w.o(.text)
    .text                                    0x0800044c   Section        8  libspace.o(.text)
    .text                                    0x08000454   Section        2  use_no_semi.o(.text)
    .text                                    0x08000456   Section       74  sys_stackheap_outer.o(.text)
    .text                                    0x08000456   Section        0  indicate_semi.o(.text)
    .text                                    0x080004a0   Section        0  exit.o(.text)
    .text                                    0x080004b4   Section        0  sys_exit.o(.text)
    i.CmdError                               0x080004c0   Section        0  fatfs_sd_sdio.o(i.CmdError)
    CmdError                                 0x080004c1   Thumb Code    44  fatfs_sd_sdio.o(i.CmdError)
    i.CmdResp1Error                          0x080004f0   Section        0  fatfs_sd_sdio.o(i.CmdResp1Error)
    CmdResp1Error                            0x080004f1   Thumb Code   304  fatfs_sd_sdio.o(i.CmdResp1Error)
    i.CmdResp2Error                          0x08000628   Section        0  fatfs_sd_sdio.o(i.CmdResp2Error)
    CmdResp2Error                            0x08000629   Thumb Code    70  fatfs_sd_sdio.o(i.CmdResp2Error)
    i.CmdResp3Error                          0x08000674   Section        0  fatfs_sd_sdio.o(i.CmdResp3Error)
    CmdResp3Error                            0x08000675   Thumb Code    52  fatfs_sd_sdio.o(i.CmdResp3Error)
    i.CmdResp6Error                          0x080006ac   Section        0  fatfs_sd_sdio.o(i.CmdResp6Error)
    CmdResp6Error                            0x080006ad   Thumb Code   158  fatfs_sd_sdio.o(i.CmdResp6Error)
    i.CmdResp7Error                          0x08000750   Section        0  fatfs_sd_sdio.o(i.CmdResp7Error)
    CmdResp7Error                            0x08000751   Thumb Code    72  fatfs_sd_sdio.o(i.CmdResp7Error)
    i.DMA2_Stream3_IRQHandler                0x0800079c   Section        0  fatfs_sd_sdio.o(i.DMA2_Stream3_IRQHandler)
    i.DMA_ClearFlag                          0x080007a4   Section        0  stm32f4xx_dma.o(i.DMA_ClearFlag)
    i.DMA_Cmd                                0x080007d8   Section        0  stm32f4xx_dma.o(i.DMA_Cmd)
    i.DMA_DeInit                             0x080007f0   Section        0  stm32f4xx_dma.o(i.DMA_DeInit)
    i.DMA_FlowControllerConfig               0x08000948   Section        0  stm32f4xx_dma.o(i.DMA_FlowControllerConfig)
    i.DMA_ITConfig                           0x0800095e   Section        0  stm32f4xx_dma.o(i.DMA_ITConfig)
    i.DMA_Init                               0x08000998   Section        0  stm32f4xx_dma.o(i.DMA_Init)
    i.FindSCR                                0x080009f0   Section        0  fatfs_sd_sdio.o(i.FindSCR)
    FindSCR                                  0x080009f1   Thumb Code   396  fatfs_sd_sdio.o(i.FindSCR)
    i.GPIO_Init                              0x08000b8c   Section        0  stm32f4xx_gpio.o(i.GPIO_Init)
    i.GPIO_PinAFConfig                       0x08000c1c   Section        0  stm32f4xx_gpio.o(i.GPIO_PinAFConfig)
    i.GPIO_ToggleBits                        0x08000c62   Section        0  stm32f4xx_gpio.o(i.GPIO_ToggleBits)
    i.NVIC_Init                              0x08000c6c   Section        0  misc.o(i.NVIC_Init)
    i.NVIC_PriorityGroupConfig               0x08000ce4   Section        0  misc.o(i.NVIC_PriorityGroupConfig)
    i.RCC_AHB1PeriphClockCmd                 0x08000cf8   Section        0  stm32f4xx_rcc.o(i.RCC_AHB1PeriphClockCmd)
    i.RCC_APB2PeriphClockCmd                 0x08000d18   Section        0  stm32f4xx_rcc.o(i.RCC_APB2PeriphClockCmd)
    i.RCC_APB2PeriphResetCmd                 0x08000d38   Section        0  stm32f4xx_rcc.o(i.RCC_APB2PeriphResetCmd)
    i.RCC_DeInit                             0x08000d58   Section        0  stm32f4xx_rcc.o(i.RCC_DeInit)
    i.RCC_GetClocksFreq                      0x08000dbc   Section        0  stm32f4xx_rcc.o(i.RCC_GetClocksFreq)
    i.SDEnWideBus                            0x08000ea4   Section        0  fatfs_sd_sdio.o(i.SDEnWideBus)
    SDEnWideBus                              0x08000ea5   Thumb Code   274  fatfs_sd_sdio.o(i.SDEnWideBus)
    i.SDIO_ClearITPendingBit                 0x08000fc0   Section        0  stm32f4xx_sdio.o(i.SDIO_ClearITPendingBit)
    i.SDIO_ClockCmd                          0x08000fcc   Section        0  stm32f4xx_sdio.o(i.SDIO_ClockCmd)
    i.SDIO_DMACmd                            0x08000fd8   Section        0  stm32f4xx_sdio.o(i.SDIO_DMACmd)
    i.SDIO_DataConfig                        0x08000fe4   Section        0  stm32f4xx_sdio.o(i.SDIO_DataConfig)
    i.SDIO_DeInit                            0x08001018   Section        0  stm32f4xx_sdio.o(i.SDIO_DeInit)
    i.SDIO_GetCommandResponse                0x08001030   Section        0  stm32f4xx_sdio.o(i.SDIO_GetCommandResponse)
    i.SDIO_GetFlagStatus                     0x0800103c   Section        0  stm32f4xx_sdio.o(i.SDIO_GetFlagStatus)
    i.SDIO_GetITStatus                       0x08001054   Section        0  stm32f4xx_sdio.o(i.SDIO_GetITStatus)
    i.SDIO_GetPowerState                     0x0800106c   Section        0  stm32f4xx_sdio.o(i.SDIO_GetPowerState)
    i.SDIO_GetResponse                       0x0800107c   Section        0  stm32f4xx_sdio.o(i.SDIO_GetResponse)
    i.SDIO_IRQHandler                        0x08001094   Section        0  fatfs_sd_sdio.o(i.SDIO_IRQHandler)
    i.SDIO_Init                              0x0800109c   Section        0  stm32f4xx_sdio.o(i.SDIO_Init)
    i.SDIO_ReadData                          0x080010cc   Section        0  stm32f4xx_sdio.o(i.SDIO_ReadData)
    i.SDIO_SendCommand                       0x080010d8   Section        0  stm32f4xx_sdio.o(i.SDIO_SendCommand)
    i.SDIO_SetPowerState                     0x08001104   Section        0  stm32f4xx_sdio.o(i.SDIO_SetPowerState)
    i.SD_Detect                              0x08001110   Section        0  fatfs_sd_sdio.o(i.SD_Detect)
    i.SD_EnableWideBusOperation              0x08001128   Section        0  fatfs_sd_sdio.o(i.SD_EnableWideBusOperation)
    i.SD_GetCardInfo                         0x080011bc   Section        0  fatfs_sd_sdio.o(i.SD_GetCardInfo)
    i.SD_GetState                            0x080014d8   Section        0  fatfs_sd_sdio.o(i.SD_GetState)
    i.SD_GetStatus                           0x080014fe   Section        0  fatfs_sd_sdio.o(i.SD_GetStatus)
    i.SD_Init                                0x0800151c   Section        0  fatfs_sd_sdio.o(i.SD_Init)
    i.SD_InitializeCards                     0x080015a4   Section        0  fatfs_sd_sdio.o(i.SD_InitializeCards)
    i.SD_LowLevel_DMA_RxConfig               0x080016dc   Section        0  fatfs_sd_sdio.o(i.SD_LowLevel_DMA_RxConfig)
    i.SD_LowLevel_DMA_TxConfig               0x0800176c   Section        0  fatfs_sd_sdio.o(i.SD_LowLevel_DMA_TxConfig)
    i.SD_LowLevel_DeInit                     0x080017fc   Section        0  fatfs_sd_sdio.o(i.SD_LowLevel_DeInit)
    i.SD_LowLevel_Init                       0x08001850   Section        0  fatfs_sd_sdio.o(i.SD_LowLevel_Init)
    i.SD_PowerON                             0x080018a8   Section        0  fatfs_sd_sdio.o(i.SD_PowerON)
    i.SD_ProcessDMAIRQ                       0x08001a48   Section        0  fatfs_sd_sdio.o(i.SD_ProcessDMAIRQ)
    i.SD_ProcessIRQSrc                       0x08001a70   Section        0  fatfs_sd_sdio.o(i.SD_ProcessIRQSrc)
    i.SD_ReadMultiBlocks                     0x08001b24   Section        0  fatfs_sd_sdio.o(i.SD_ReadMultiBlocks)
    i.SD_SelectDeselect                      0x08001c24   Section        0  fatfs_sd_sdio.o(i.SD_SelectDeselect)
    i.SD_SendStatus                          0x08001c5c   Section        0  fatfs_sd_sdio.o(i.SD_SendStatus)
    i.SD_StopTransfer                        0x08001cb0   Section        0  fatfs_sd_sdio.o(i.SD_StopTransfer)
    i.SD_WaitReadOperation                   0x08001ce4   Section        0  fatfs_sd_sdio.o(i.SD_WaitReadOperation)
    i.SD_WaitWriteOperation                  0x08001d78   Section        0  fatfs_sd_sdio.o(i.SD_WaitWriteOperation)
    i.SD_WriteMultiBlocks                    0x08001dfc   Section        0  fatfs_sd_sdio.o(i.SD_WriteMultiBlocks)
    i.SysTick32                              0x08001f5c   Section        0  delay.o(i.SysTick32)
    i.SysTick_Handler                        0x08001f70   Section        0  delay.o(i.SysTick_Handler)
    i.SysTick_Init                           0x08001f80   Section        0  delay.o(i.SysTick_Init)
    i.SystemCoreClockUpdate                  0x08001f90   Section        0  system_stm32f4xx.o(i.SystemCoreClockUpdate)
    i.SystemInit                             0x08002050   Section        0  system_stm32f4xx.o(i.SystemInit)
    i.System_Configuration                   0x080020b4   Section        0  main.o(i.System_Configuration)
    i.TM_FATFS_CheckCardDetectPin            0x08002190   Section        0  tm_stm32f4_fatfs.o(i.TM_FATFS_CheckCardDetectPin)
    i.TM_FATFS_DriveSize                     0x08002194   Section        0  tm_stm32f4_fatfs.o(i.TM_FATFS_DriveSize)
    i.TM_FATFS_SDIO_WriteEnabled             0x080021d0   Section        0  fatfs_sd_sdio.o(i.TM_FATFS_SDIO_WriteEnabled)
    i.TM_FATFS_SDRAM_disk_initialize         0x080021d4   Section        0  diskio.o(i.TM_FATFS_SDRAM_disk_initialize)
    i.TM_FATFS_SDRAM_disk_ioctl              0x080021d8   Section        0  diskio.o(i.TM_FATFS_SDRAM_disk_ioctl)
    i.TM_FATFS_SDRAM_disk_read               0x080021de   Section        0  diskio.o(i.TM_FATFS_SDRAM_disk_read)
    i.TM_FATFS_SDRAM_disk_status             0x080021e4   Section        0  diskio.o(i.TM_FATFS_SDRAM_disk_status)
    i.TM_FATFS_SDRAM_disk_write              0x080021e8   Section        0  diskio.o(i.TM_FATFS_SDRAM_disk_write)
    i.TM_FATFS_SD_SDIO_disk_initialize       0x080021f0   Section        0  fatfs_sd_sdio.o(i.TM_FATFS_SD_SDIO_disk_initialize)
    i.TM_FATFS_SD_SDIO_disk_ioctl            0x0800227c   Section        0  fatfs_sd_sdio.o(i.TM_FATFS_SD_SDIO_disk_ioctl)
    i.TM_FATFS_SD_SDIO_disk_read             0x080022a8   Section        0  fatfs_sd_sdio.o(i.TM_FATFS_SD_SDIO_disk_read)
    i.TM_FATFS_SD_SDIO_disk_status           0x08002350   Section        0  fatfs_sd_sdio.o(i.TM_FATFS_SD_SDIO_disk_status)
    i.TM_FATFS_SD_SDIO_disk_write            0x08002388   Section        0  fatfs_sd_sdio.o(i.TM_FATFS_SD_SDIO_disk_write)
    i.TM_FATFS_SPI_FLASH_disk_initialize     0x08002434   Section        0  diskio.o(i.TM_FATFS_SPI_FLASH_disk_initialize)
    i.TM_FATFS_SPI_FLASH_disk_ioctl          0x08002438   Section        0  diskio.o(i.TM_FATFS_SPI_FLASH_disk_ioctl)
    i.TM_FATFS_SPI_FLASH_disk_read           0x0800243e   Section        0  diskio.o(i.TM_FATFS_SPI_FLASH_disk_read)
    i.TM_FATFS_SPI_FLASH_disk_status         0x08002444   Section        0  diskio.o(i.TM_FATFS_SPI_FLASH_disk_status)
    i.TM_FATFS_SPI_FLASH_disk_write          0x08002448   Section        0  diskio.o(i.TM_FATFS_SPI_FLASH_disk_write)
    i.TM_FATFS_USB_disk_initialize           0x0800244e   Section        0  diskio.o(i.TM_FATFS_USB_disk_initialize)
    i.TM_FATFS_USB_disk_ioctl                0x08002452   Section        0  diskio.o(i.TM_FATFS_USB_disk_ioctl)
    i.TM_FATFS_USB_disk_read                 0x08002458   Section        0  diskio.o(i.TM_FATFS_USB_disk_read)
    i.TM_FATFS_USB_disk_status               0x0800245e   Section        0  diskio.o(i.TM_FATFS_USB_disk_status)
    i.TM_FATFS_USB_disk_write                0x08002462   Section        0  diskio.o(i.TM_FATFS_USB_disk_write)
    i.TM_GPIO_DeInit                         0x08002468   Section        0  tm_stm32f4_gpio.o(i.TM_GPIO_DeInit)
    i.TM_GPIO_GetPortSource                  0x080024b0   Section        0  tm_stm32f4_gpio.o(i.TM_GPIO_GetPortSource)
    i.TM_GPIO_INT_EnableClock                0x080024c0   Section        0  tm_stm32f4_gpio.o(i.TM_GPIO_INT_EnableClock)
    i.TM_GPIO_INT_Init                       0x080024e0   Section        0  tm_stm32f4_gpio.o(i.TM_GPIO_INT_Init)
    i.TM_GPIO_InitAlternate                  0x08002590   Section        0  tm_stm32f4_gpio.o(i.TM_GPIO_InitAlternate)
    i.TM_GPIO_SetPullResistor                0x080025fe   Section        0  tm_stm32f4_gpio.o(i.TM_GPIO_SetPullResistor)
    i.UART1_Config                           0x08002630   Section        0  uart.o(i.UART1_Config)
    i.USART_Cmd                              0x08002724   Section        0  stm32f4xx_usart.o(i.USART_Cmd)
    i.USART_ITConfig                         0x0800273c   Section        0  stm32f4xx_usart.o(i.USART_ITConfig)
    i.USART_Init                             0x08002788   Section        0  stm32f4xx_usart.o(i.USART_Init)
    i.check_fs                               0x0800285c   Section        0  ff.o(i.check_fs)
    check_fs                                 0x0800285d   Thumb Code   140  ff.o(i.check_fs)
    i.chk_chr                                0x080028ec   Section        0  ff.o(i.chk_chr)
    chk_chr                                  0x080028ed   Thumb Code    20  ff.o(i.chk_chr)
    i.clust2sect                             0x08002900   Section        0  ff.o(i.clust2sect)
    i.cmp_lfn                                0x0800291c   Section        0  ff.o(i.cmp_lfn)
    cmp_lfn                                  0x0800291d   Thumb Code   138  ff.o(i.cmp_lfn)
    i.create_chain                           0x080029ac   Section        0  ff.o(i.create_chain)
    create_chain                             0x080029ad   Thumb Code   214  ff.o(i.create_chain)
    i.create_name                            0x08002a84   Section        0  ff.o(i.create_name)
    create_name                              0x08002a85   Thumb Code   638  ff.o(i.create_name)
    i.delay_ms                               0x08002d1c   Section        0  delay.o(i.delay_ms)
    i.delay_us                               0x08002d32   Section        0  delay.o(i.delay_us)
    i.dir_alloc                              0x08002d50   Section        0  ff.o(i.dir_alloc)
    dir_alloc                                0x08002d51   Thumb Code    92  ff.o(i.dir_alloc)
    i.dir_find                               0x08002dac   Section        0  ff.o(i.dir_find)
    dir_find                                 0x08002dad   Thumb Code   234  ff.o(i.dir_find)
    i.dir_next                               0x08002e96   Section        0  ff.o(i.dir_next)
    dir_next                                 0x08002e97   Thumb Code   270  ff.o(i.dir_next)
    i.dir_register                           0x08002fa4   Section        0  ff.o(i.dir_register)
    dir_register                             0x08002fa5   Thumb Code   310  ff.o(i.dir_register)
    i.dir_sdi                                0x080030da   Section        0  ff.o(i.dir_sdi)
    dir_sdi                                  0x080030db   Thumb Code   158  ff.o(i.dir_sdi)
    i.disk_initialize                        0x08003178   Section        0  diskio.o(i.disk_initialize)
    i.disk_ioctl                             0x080031a0   Section        0  diskio.o(i.disk_ioctl)
    i.disk_read                              0x080031d0   Section        0  diskio.o(i.disk_read)
    i.disk_status                            0x08003210   Section        0  diskio.o(i.disk_status)
    i.disk_write                             0x0800323c   Section        0  diskio.o(i.disk_write)
    i.f_close                                0x0800327c   Section        0  ff.o(i.f_close)
    i.f_getfree                              0x0800329c   Section        0  ff.o(i.f_getfree)
    i.f_mount                                0x080033a0   Section        0  ff.o(i.f_mount)
    i.f_open                                 0x080033fc   Section        0  ff.o(i.f_open)
    i.f_printf                               0x08003566   Section        0  ff.o(i.f_printf)
    i.f_puts                                 0x080037da   Section        0  ff.o(i.f_puts)
    i.f_read                                 0x08003824   Section        0  ff.o(i.f_read)
    i.f_sync                                 0x080039c4   Section        0  ff.o(i.f_sync)
    i.f_write                                0x08003a74   Section        0  ff.o(i.f_write)
    i.ff_convert                             0x08003c4c   Section        0  unicode.o(i.ff_convert)
    i.ff_wtoupper                            0x08003c98   Section        0  unicode.o(i.ff_wtoupper)
    i.find_volume                            0x08003cd0   Section        0  ff.o(i.find_volume)
    find_volume                              0x08003cd1   Thumb Code   904  ff.o(i.find_volume)
    i.fit_lfn                                0x08004068   Section        0  ff.o(i.fit_lfn)
    fit_lfn                                  0x08004069   Thumb Code   122  ff.o(i.fit_lfn)
    i.follow_path                            0x080040e8   Section        0  ff.o(i.follow_path)
    follow_path                              0x080040e9   Thumb Code   174  ff.o(i.follow_path)
    i.gen_numname                            0x08004198   Section        0  ff.o(i.gen_numname)
    gen_numname                              0x08004199   Thumb Code   176  ff.o(i.gen_numname)
    i.get_fat                                0x0800424c   Section        0  ff.o(i.get_fat)
    i.get_fattime                            0x08004340   Section        0  diskio.o(i.get_fattime)
    i.get_ldnumber                           0x08004348   Section        0  ff.o(i.get_ldnumber)
    get_ldnumber                             0x08004349   Thumb Code   182  ff.o(i.get_ldnumber)
    i.ld_clust                               0x08004408   Section        0  ff.o(i.ld_clust)
    ld_clust                                 0x08004409   Thumb Code    32  ff.o(i.ld_clust)
    i.main                                   0x08004428   Section        0  main.o(i.main)
    i.mem_cmp                                0x08004508   Section        0  ff.o(i.mem_cmp)
    mem_cmp                                  0x08004509   Thumb Code    38  ff.o(i.mem_cmp)
    i.mem_cpy                                0x0800452e   Section        0  ff.o(i.mem_cpy)
    mem_cpy                                  0x0800452f   Thumb Code    26  ff.o(i.mem_cpy)
    i.mem_set                                0x08004548   Section        0  ff.o(i.mem_set)
    mem_set                                  0x08004549   Thumb Code    20  ff.o(i.mem_set)
    i.move_window                            0x0800455c   Section        0  ff.o(i.move_window)
    move_window                              0x0800455d   Thumb Code    52  ff.o(i.move_window)
    i.put_fat                                0x08004590   Section        0  ff.o(i.put_fat)
    i.putc_bfd                               0x080046d2   Section        0  ff.o(i.putc_bfd)
    putc_bfd                                 0x080046d3   Thumb Code    78  ff.o(i.putc_bfd)
    i.remove_chain                           0x08004720   Section        0  ff.o(i.remove_chain)
    remove_chain                             0x08004721   Thumb Code   108  ff.o(i.remove_chain)
    i.st_clust                               0x0800478c   Section        0  ff.o(i.st_clust)
    st_clust                                 0x0800478d   Thumb Code    16  ff.o(i.st_clust)
    i.sum_sfn                                0x0800479c   Section        0  ff.o(i.sum_sfn)
    sum_sfn                                  0x0800479d   Thumb Code    32  ff.o(i.sum_sfn)
    i.sync_fs                                0x080047bc   Section        0  ff.o(i.sync_fs)
    sync_fs                                  0x080047bd   Thumb Code   200  ff.o(i.sync_fs)
    i.sync_window                            0x08004884   Section        0  ff.o(i.sync_window)
    sync_window                              0x08004885   Thumb Code    82  ff.o(i.sync_window)
    i.validate                               0x080048d6   Section        0  ff.o(i.validate)
    validate                                 0x080048d7   Thumb Code    54  ff.o(i.validate)
    x$fpl$fpinit                             0x0800490c   Section       10  fpinit.o(x$fpl$fpinit)
    $v0                                      0x0800490c   Number         0  fpinit.o(x$fpl$fpinit)
    .constdata                               0x08004918   Section      224  ff.o(.constdata)
    ExCvt                                    0x08004918   Data         128  ff.o(.constdata)
    LfnOfs                                   0x08004998   Data          13  ff.o(.constdata)
    str                                      0x080049a8   Data          36  ff.o(.constdata)
    vst                                      0x080049cc   Data          22  ff.o(.constdata)
    cst                                      0x080049e2   Data          22  ff.o(.constdata)
    .constdata                               0x080049f8   Section     1216  unicode.o(.constdata)
    Tbl                                      0x080049f8   Data         256  unicode.o(.constdata)
    tbl_lower                                0x08004af8   Data         480  unicode.o(.constdata)
    tbl_upper                                0x08004cd8   Data         480  unicode.o(.constdata)
    .constdata                               0x08004eb8   Section       24  system_stm32f4xx.o(.constdata)
    .conststring                             0x08004ed0   Section       66  ff.o(.conststring)
    .data                                    0x20000000   Section       16  main.o(.data)
    .data                                    0x20000010   Section        3  ff.o(.data)
    Fsid                                     0x20000010   Data           2  ff.o(.data)
    CurrVol                                  0x20000012   Data           1  ff.o(.data)
    .data                                    0x20000014   Section      180  diskio.o(.data)
    .data                                    0x200000c8   Section       25  fatfs_sd_sdio.o(.data)
    CardType                                 0x200000c8   Data           4  fatfs_sd_sdio.o(.data)
    RCA                                      0x200000cc   Data           4  fatfs_sd_sdio.o(.data)
    TM_FATFS_SD_SDIO_Stat                    0x200000e0   Data           1  fatfs_sd_sdio.o(.data)
    .data                                    0x200000e1   Section       16  stm32f4xx_rcc.o(.data)
    APBAHBPrescTable                         0x200000e1   Data          16  stm32f4xx_rcc.o(.data)
    .data                                    0x200000f4   Section        4  delay.o(.data)
    .data                                    0x200000f8   Section        4  system_stm32f4xx.o(.data)
    .bss                                     0x200000fc   Section     1112  main.o(.bss)
    .bss                                     0x20000554   Section       36  ff.o(.bss)
    FatFs                                    0x20000554   Data          36  ff.o(.bss)
    .bss                                     0x20000578   Section       22  tm_stm32f4_gpio.o(.bss)
    GPIO_UsedPins                            0x20000578   Data          22  tm_stm32f4_gpio.o(.bss)
    .bss                                     0x20000590   Section      204  fatfs_sd_sdio.o(.bss)
    CSD_Tab                                  0x20000590   Data          16  fatfs_sd_sdio.o(.bss)
    CID_Tab                                  0x200005a0   Data          16  fatfs_sd_sdio.o(.bss)
    SDSTATUS_Tab                             0x200005b0   Data          16  fatfs_sd_sdio.o(.bss)
    .bss                                     0x2000065c   Section       96  libspace.o(.bss)
    HEAP                                     0x200006c0   Section      512  startup_stm32f407xx.o(HEAP)
    Heap_Mem                                 0x200006c0   Data         512  startup_stm32f407xx.o(HEAP)
    STACK                                    0x200008c0   Section     1024  startup_stm32f407xx.o(STACK)
    Stack_Mem                                0x200008c0   Data        1024  startup_stm32f407xx.o(STACK)
    __initial_sp                             0x20000cc0   Data           0  startup_stm32f407xx.o(STACK)

    Global Symbols

    Symbol Name                              Value     Ov Type        Size  Object(Section)

    BuildAttributes$$THM_ISAv4$E$P$D$K$B$S$7EM$VFPi3$EXTD16$VFPS$VFMA$PE$A:L22UL41UL21$X:L11$S22US41US21$IEEE1$IW$USESV6$~STKCKD$USESV7$~SHL$OTIME$ROPI$EBA8$UX$STANDARDLIB$REQ8$PRES8$EABIv2 0x00000000   Number         0  anon$$obj.o ABSOLUTE
    __ARM_use_no_argv                        0x00000000   Number         0  main.o ABSOLUTE
    __ARM_exceptions_init                     - Undefined Weak Reference
    __alloca_initialize                       - Undefined Weak Reference
    __arm_preinit_                            - Undefined Weak Reference
    __cpp_initialize__aeabi_                  - Undefined Weak Reference
    __cxa_finalize                            - Undefined Weak Reference
    __rt_locale                               - Undefined Weak Reference
    __sigvec_lookup                           - Undefined Weak Reference
    __user_heap_extent                        - Undefined Weak Reference
    _atexit_init                              - Undefined Weak Reference
    _call_atexit_fns                          - Undefined Weak Reference
    _clock_init                               - Undefined Weak Reference
    _fp_trap_init                             - Undefined Weak Reference
    _fp_trap_shutdown                         - Undefined Weak Reference
    _get_lc_collate                           - Undefined Weak Reference
    _get_lc_ctype                             - Undefined Weak Reference
    _get_lc_monetary                          - Undefined Weak Reference
    _get_lc_numeric                           - Undefined Weak Reference
    _get_lc_time                              - Undefined Weak Reference
    _getenv_init                              - Undefined Weak Reference
    _handle_redirection                       - Undefined Weak Reference
    _initio                                   - Undefined Weak Reference
    _mutex_acquire                            - Undefined Weak Reference
    _mutex_free                               - Undefined Weak Reference
    _mutex_release                            - Undefined Weak Reference
    _printf_mbtowc                            - Undefined Weak Reference
    _printf_post_padding                      - Undefined Weak Reference
    _printf_pre_padding                       - Undefined Weak Reference
    _rand_init                                - Undefined Weak Reference
    _signal_finish                            - Undefined Weak Reference
    _signal_init                              - Undefined Weak Reference
    _terminateio                              - Undefined Weak Reference
    __Vectors_Size                           0x00000188   Number         0  startup_stm32f407xx.o ABSOLUTE
    __Vectors                                0x08000000   Data           4  startup_stm32f407xx.o(RESET)
    __Vectors_End                            0x08000188   Data           0  startup_stm32f407xx.o(RESET)
    __main                                   0x08000189   Thumb Code     8  __main.o(!!!main)
    __scatterload                            0x08000191   Thumb Code     0  __scatter.o(!!!scatter)
    __scatterload_rt2                        0x08000191   Thumb Code    44  __scatter.o(!!!scatter)
    __scatterload_rt2_thumb_only             0x08000191   Thumb Code     0  __scatter.o(!!!scatter)
    __scatterload_null                       0x0800019f   Thumb Code     0  __scatter.o(!!!scatter)
    __scatterload_copy                       0x080001c5   Thumb Code    26  __scatter_copy.o(!!handler_copy)
    __scatterload_zeroinit                   0x080001e1   Thumb Code    28  __scatter_zi.o(!!handler_zi)
    __rt_lib_init                            0x080001fd   Thumb Code     0  libinit.o(.ARM.Collect$$libinit$$00000000)
    __rt_lib_init_fp_1                       0x080001ff   Thumb Code     0  libinit2.o(.ARM.Collect$$libinit$$00000001)
    __rt_lib_init_alloca_1                   0x08000203   Thumb Code     0  libinit2.o(.ARM.Collect$$libinit$$0000002E)
    __rt_lib_init_argv_1                     0x08000203   Thumb Code     0  libinit2.o(.ARM.Collect$$libinit$$0000002C)
    __rt_lib_init_atexit_1                   0x08000203   Thumb Code     0  libinit2.o(.ARM.Collect$$libinit$$0000001B)
    __rt_lib_init_clock_1                    0x08000203   Thumb Code     0  libinit2.o(.ARM.Collect$$libinit$$00000021)
    __rt_lib_init_cpp_1                      0x08000203   Thumb Code     0  libinit2.o(.ARM.Collect$$libinit$$00000032)
    __rt_lib_init_exceptions_1               0x08000203   Thumb Code     0  libinit2.o(.ARM.Collect$$libinit$$00000030)
    __rt_lib_init_fp_trap_1                  0x08000203   Thumb Code     0  libinit2.o(.ARM.Collect$$libinit$$0000001F)
    __rt_lib_init_getenv_1                   0x08000203   Thumb Code     0  libinit2.o(.ARM.Collect$$libinit$$00000023)
    __rt_lib_init_heap_1                     0x08000203   Thumb Code     0  libinit2.o(.ARM.Collect$$libinit$$0000000A)
    __rt_lib_init_lc_collate_1               0x08000203   Thumb Code     0  libinit2.o(.ARM.Collect$$libinit$$00000011)
    __rt_lib_init_lc_ctype_1                 0x08000203   Thumb Code     0  libinit2.o(.ARM.Collect$$libinit$$00000013)
    __rt_lib_init_lc_monetary_1              0x08000203   Thumb Code     0  libinit2.o(.ARM.Collect$$libinit$$00000015)
    __rt_lib_init_lc_numeric_1               0x08000203   Thumb Code     0  libinit2.o(.ARM.Collect$$libinit$$00000017)
    __rt_lib_init_lc_time_1                  0x08000203   Thumb Code     0  libinit2.o(.ARM.Collect$$libinit$$00000019)
    __rt_lib_init_preinit_1                  0x08000203   Thumb Code     0  libinit2.o(.ARM.Collect$$libinit$$00000004)
    __rt_lib_init_rand_1                     0x08000203   Thumb Code     0  libinit2.o(.ARM.Collect$$libinit$$0000000E)
    __rt_lib_init_return                     0x08000203   Thumb Code     0  libinit2.o(.ARM.Collect$$libinit$$00000033)
    __rt_lib_init_signal_1                   0x08000203   Thumb Code     0  libinit2.o(.ARM.Collect$$libinit$$0000001D)
    __rt_lib_init_stdio_1                    0x08000203   Thumb Code     0  libinit2.o(.ARM.Collect$$libinit$$00000025)
    __rt_lib_init_user_alloc_1               0x08000203   Thumb Code     0  libinit2.o(.ARM.Collect$$libinit$$0000000C)
    __rt_lib_shutdown                        0x08000205   Thumb Code     0  libshutdown.o(.ARM.Collect$$libshutdown$$00000000)
    __rt_lib_shutdown_cpp_1                  0x08000207   Thumb Code     0  libshutdown2.o(.ARM.Collect$$libshutdown$$00000002)
    __rt_lib_shutdown_fp_trap_1              0x08000207   Thumb Code     0  libshutdown2.o(.ARM.Collect$$libshutdown$$00000007)
    __rt_lib_shutdown_heap_1                 0x08000207   Thumb Code     0  libshutdown2.o(.ARM.Collect$$libshutdown$$0000000F)
    __rt_lib_shutdown_return                 0x08000207   Thumb Code     0  libshutdown2.o(.ARM.Collect$$libshutdown$$00000010)
    __rt_lib_shutdown_signal_1               0x08000207   Thumb Code     0  libshutdown2.o(.ARM.Collect$$libshutdown$$0000000A)
    __rt_lib_shutdown_stdio_1                0x08000207   Thumb Code     0  libshutdown2.o(.ARM.Collect$$libshutdown$$00000004)
    __rt_lib_shutdown_user_alloc_1           0x08000207   Thumb Code     0  libshutdown2.o(.ARM.Collect$$libshutdown$$0000000C)
    __rt_entry                               0x08000209   Thumb Code     0  __rtentry.o(.ARM.Collect$$rtentry$$00000000)
    __rt_entry_presh_1                       0x08000209   Thumb Code     0  __rtentry2.o(.ARM.Collect$$rtentry$$00000002)
    __rt_entry_sh                            0x08000209   Thumb Code     0  __rtentry4.o(.ARM.Collect$$rtentry$$00000004)
    __rt_entry_li                            0x0800020f   Thumb Code     0  __rtentry2.o(.ARM.Collect$$rtentry$$0000000A)
    __rt_entry_postsh_1                      0x0800020f   Thumb Code     0  __rtentry2.o(.ARM.Collect$$rtentry$$00000009)
    __rt_entry_main                          0x08000213   Thumb Code     0  __rtentry2.o(.ARM.Collect$$rtentry$$0000000D)
    __rt_entry_postli_1                      0x08000213   Thumb Code     0  __rtentry2.o(.ARM.Collect$$rtentry$$0000000C)
    __rt_exit                                0x0800021b   Thumb Code     0  rtexit.o(.ARM.Collect$$rtexit$$00000000)
    __rt_exit_ls                             0x0800021d   Thumb Code     0  rtexit2.o(.ARM.Collect$$rtexit$$00000003)
    __rt_exit_prels_1                        0x0800021d   Thumb Code     0  rtexit2.o(.ARM.Collect$$rtexit$$00000002)
    __rt_exit_exit                           0x08000221   Thumb Code     0  rtexit2.o(.ARM.Collect$$rtexit$$00000004)
    Reset_Handler                            0x08000229   Thumb Code     8  startup_stm32f407xx.o(.text)
    NMI_Handler                              0x08000231   Thumb Code     2  startup_stm32f407xx.o(.text)
    HardFault_Handler                        0x08000233   Thumb Code     2  startup_stm32f407xx.o(.text)
    MemManage_Handler                        0x08000235   Thumb Code     2  startup_stm32f407xx.o(.text)
    BusFault_Handler                         0x08000237   Thumb Code     2  startup_stm32f407xx.o(.text)
    UsageFault_Handler                       0x08000239   Thumb Code     2  startup_stm32f407xx.o(.text)
    SVC_Handler                              0x0800023b   Thumb Code     2  startup_stm32f407xx.o(.text)
    DebugMon_Handler                         0x0800023d   Thumb Code     2  startup_stm32f407xx.o(.text)
    PendSV_Handler                           0x0800023f   Thumb Code     2  startup_stm32f407xx.o(.text)
    ADC_IRQHandler                           0x08000243   Thumb Code     0  startup_stm32f407xx.o(.text)
    CAN1_RX0_IRQHandler                      0x08000243   Thumb Code     0  startup_stm32f407xx.o(.text)
    CAN1_RX1_IRQHandler                      0x08000243   Thumb Code     0  startup_stm32f407xx.o(.text)
    CAN1_SCE_IRQHandler                      0x08000243   Thumb Code     0  startup_stm32f407xx.o(.text)
    CAN1_TX_IRQHandler                       0x08000243   Thumb Code     0  startup_stm32f407xx.o(.text)
    CAN2_RX0_IRQHandler                      0x08000243   Thumb Code     0  startup_stm32f407xx.o(.text)
    CAN2_RX1_IRQHandler                      0x08000243   Thumb Code     0  startup_stm32f407xx.o(.text)
    CAN2_SCE_IRQHandler                      0x08000243   Thumb Code     0  startup_stm32f407xx.o(.text)
    CAN2_TX_IRQHandler                       0x08000243   Thumb Code     0  startup_stm32f407xx.o(.text)
    DCMI_IRQHandler                          0x08000243   Thumb Code     0  startup_stm32f407xx.o(.text)
    DMA1_Stream0_IRQHandler                  0x08000243   Thumb Code     0  startup_stm32f407xx.o(.text)
    DMA1_Stream1_IRQHandler                  0x08000243   Thumb Code     0  startup_stm32f407xx.o(.text)
    DMA1_Stream2_IRQHandler                  0x08000243   Thumb Code     0  startup_stm32f407xx.o(.text)
    DMA1_Stream3_IRQHandler                  0x08000243   Thumb Code     0  startup_stm32f407xx.o(.text)
    DMA1_Stream4_IRQHandler                  0x08000243   Thumb Code     0  startup_stm32f407xx.o(.text)
    DMA1_Stream5_IRQHandler                  0x08000243   Thumb Code     0  startup_stm32f407xx.o(.text)
    DMA1_Stream6_IRQHandler                  0x08000243   Thumb Code     0  startup_stm32f407xx.o(.text)
    DMA1_Stream7_IRQHandler                  0x08000243   Thumb Code     0  startup_stm32f407xx.o(.text)
    DMA2_Stream0_IRQHandler                  0x08000243   Thumb Code     0  startup_stm32f407xx.o(.text)
    DMA2_Stream1_IRQHandler                  0x08000243   Thumb Code     0  startup_stm32f407xx.o(.text)
    DMA2_Stream2_IRQHandler                  0x08000243   Thumb Code     0  startup_stm32f407xx.o(.text)
    DMA2_Stream4_IRQHandler                  0x08000243   Thumb Code     0  startup_stm32f407xx.o(.text)
    DMA2_Stream5_IRQHandler                  0x08000243   Thumb Code     0  startup_stm32f407xx.o(.text)
    DMA2_Stream6_IRQHandler                  0x08000243   Thumb Code     0  startup_stm32f407xx.o(.text)
    DMA2_Stream7_IRQHandler                  0x08000243   Thumb Code     0  startup_stm32f407xx.o(.text)
    ETH_IRQHandler                           0x08000243   Thumb Code     0  startup_stm32f407xx.o(.text)
    ETH_WKUP_IRQHandler                      0x08000243   Thumb Code     0  startup_stm32f407xx.o(.text)
    EXTI0_IRQHandler                         0x08000243   Thumb Code     0  startup_stm32f407xx.o(.text)
    EXTI15_10_IRQHandler                     0x08000243   Thumb Code     0  startup_stm32f407xx.o(.text)
    EXTI1_IRQHandler                         0x08000243   Thumb Code     0  startup_stm32f407xx.o(.text)
    EXTI2_IRQHandler                         0x08000243   Thumb Code     0  startup_stm32f407xx.o(.text)
    EXTI3_IRQHandler                         0x08000243   Thumb Code     0  startup_stm32f407xx.o(.text)
    EXTI4_IRQHandler                         0x08000243   Thumb Code     0  startup_stm32f407xx.o(.text)
    EXTI9_5_IRQHandler                       0x08000243   Thumb Code     0  startup_stm32f407xx.o(.text)
    FLASH_IRQHandler                         0x08000243   Thumb Code     0  startup_stm32f407xx.o(.text)
    FMC_IRQHandler                           0x08000243   Thumb Code     0  startup_stm32f407xx.o(.text)
    FPU_IRQHandler                           0x08000243   Thumb Code     0  startup_stm32f407xx.o(.text)
    HASH_RNG_IRQHandler                      0x08000243   Thumb Code     0  startup_stm32f407xx.o(.text)
    I2C1_ER_IRQHandler                       0x08000243   Thumb Code     0  startup_stm32f407xx.o(.text)
    I2C1_EV_IRQHandler                       0x08000243   Thumb Code     0  startup_stm32f407xx.o(.text)
    I2C2_ER_IRQHandler                       0x08000243   Thumb Code     0  startup_stm32f407xx.o(.text)
    I2C2_EV_IRQHandler                       0x08000243   Thumb Code     0  startup_stm32f407xx.o(.text)
    I2C3_ER_IRQHandler                       0x08000243   Thumb Code     0  startup_stm32f407xx.o(.text)
    I2C3_EV_IRQHandler                       0x08000243   Thumb Code     0  startup_stm32f407xx.o(.text)
    OTG_FS_IRQHandler                        0x08000243   Thumb Code     0  startup_stm32f407xx.o(.text)
    OTG_FS_WKUP_IRQHandler                   0x08000243   Thumb Code     0  startup_stm32f407xx.o(.text)
    OTG_HS_EP1_IN_IRQHandler                 0x08000243   Thumb Code     0  startup_stm32f407xx.o(.text)
    OTG_HS_EP1_OUT_IRQHandler                0x08000243   Thumb Code     0  startup_stm32f407xx.o(.text)
    OTG_HS_IRQHandler                        0x08000243   Thumb Code     0  startup_stm32f407xx.o(.text)
    OTG_HS_WKUP_IRQHandler                   0x08000243   Thumb Code     0  startup_stm32f407xx.o(.text)
    PVD_IRQHandler                           0x08000243   Thumb Code     0  startup_stm32f407xx.o(.text)
    RCC_IRQHandler                           0x08000243   Thumb Code     0  startup_stm32f407xx.o(.text)
    RTC_Alarm_IRQHandler                     0x08000243   Thumb Code     0  startup_stm32f407xx.o(.text)
    RTC_WKUP_IRQHandler                      0x08000243   Thumb Code     0  startup_stm32f407xx.o(.text)
    SPI1_IRQHandler                          0x08000243   Thumb Code     0  startup_stm32f407xx.o(.text)
    SPI2_IRQHandler                          0x08000243   Thumb Code     0  startup_stm32f407xx.o(.text)
    SPI3_IRQHandler                          0x08000243   Thumb Code     0  startup_stm32f407xx.o(.text)
    TAMP_STAMP_IRQHandler                    0x08000243   Thumb Code     0  startup_stm32f407xx.o(.text)
    TIM1_BRK_TIM9_IRQHandler                 0x08000243   Thumb Code     0  startup_stm32f407xx.o(.text)
    TIM1_CC_IRQHandler                       0x08000243   Thumb Code     0  startup_stm32f407xx.o(.text)
    TIM1_TRG_COM_TIM11_IRQHandler            0x08000243   Thumb Code     0  startup_stm32f407xx.o(.text)
    TIM1_UP_TIM10_IRQHandler                 0x08000243   Thumb Code     0  startup_stm32f407xx.o(.text)
    TIM2_IRQHandler                          0x08000243   Thumb Code     0  startup_stm32f407xx.o(.text)
    TIM3_IRQHandler                          0x08000243   Thumb Code     0  startup_stm32f407xx.o(.text)
    TIM4_IRQHandler                          0x08000243   Thumb Code     0  startup_stm32f407xx.o(.text)
    TIM5_IRQHandler                          0x08000243   Thumb Code     0  startup_stm32f407xx.o(.text)
    TIM6_DAC_IRQHandler                      0x08000243   Thumb Code     0  startup_stm32f407xx.o(.text)
    TIM7_IRQHandler                          0x08000243   Thumb Code     0  startup_stm32f407xx.o(.text)
    TIM8_BRK_TIM12_IRQHandler                0x08000243   Thumb Code     0  startup_stm32f407xx.o(.text)
    TIM8_CC_IRQHandler                       0x08000243   Thumb Code     0  startup_stm32f407xx.o(.text)
    TIM8_TRG_COM_TIM14_IRQHandler            0x08000243   Thumb Code     0  startup_stm32f407xx.o(.text)
    TIM8_UP_TIM13_IRQHandler                 0x08000243   Thumb Code     0  startup_stm32f407xx.o(.text)
    UART4_IRQHandler                         0x08000243   Thumb Code     0  startup_stm32f407xx.o(.text)
    UART5_IRQHandler                         0x08000243   Thumb Code     0  startup_stm32f407xx.o(.text)
    USART1_IRQHandler                        0x08000243   Thumb Code     0  startup_stm32f407xx.o(.text)
    USART2_IRQHandler                        0x08000243   Thumb Code     0  startup_stm32f407xx.o(.text)
    USART3_IRQHandler                        0x08000243   Thumb Code     0  startup_stm32f407xx.o(.text)
    USART6_IRQHandler                        0x08000243   Thumb Code     0  startup_stm32f407xx.o(.text)
    WWDG_IRQHandler                          0x08000243   Thumb Code     0  startup_stm32f407xx.o(.text)
    __user_initial_stackheap                 0x08000245   Thumb Code     0  startup_stm32f407xx.o(.text)
    __aeabi_uldivmod                         0x08000269   Thumb Code     0  lludivv7m.o(.text)
    _ll_udiv                                 0x08000269   Thumb Code   238  lludivv7m.o(.text)
    __aeabi_memcpy                           0x08000357   Thumb Code     0  rt_memcpy_v6.o(.text)
    __rt_memcpy                              0x08000357   Thumb Code   138  rt_memcpy_v6.o(.text)
    _memcpy_lastbytes                        0x080003bd   Thumb Code     0  rt_memcpy_v6.o(.text)
    __use_two_region_memory                  0x080003e1   Thumb Code     2  heapauxi.o(.text)
    __rt_heap_escrow                         0x080003e3   Thumb Code     2  heapauxi.o(.text)
    __rt_heap_expand                         0x080003e5   Thumb Code     2  heapauxi.o(.text)
    __aeabi_memcpy4                          0x080003e7   Thumb Code     0  rt_memcpy_w.o(.text)
    __aeabi_memcpy8                          0x080003e7   Thumb Code     0  rt_memcpy_w.o(.text)
    __rt_memcpy_w                            0x080003e7   Thumb Code   100  rt_memcpy_w.o(.text)
    _memcpy_lastbytes_aligned                0x0800042f   Thumb Code     0  rt_memcpy_w.o(.text)
    __user_libspace                          0x0800044d   Thumb Code     8  libspace.o(.text)
    __user_perproc_libspace                  0x0800044d   Thumb Code     0  libspace.o(.text)
    __user_perthread_libspace                0x0800044d   Thumb Code     0  libspace.o(.text)
    __I$use$semihosting                      0x08000455   Thumb Code     0  use_no_semi.o(.text)
    __use_no_semihosting_swi                 0x08000455   Thumb Code     2  use_no_semi.o(.text)
    __semihosting_library_function           0x08000457   Thumb Code     0  indicate_semi.o(.text)
    __user_setup_stackheap                   0x08000457   Thumb Code    74  sys_stackheap_outer.o(.text)
    exit                                     0x080004a1   Thumb Code    18  exit.o(.text)
    _sys_exit                                0x080004b5   Thumb Code     8  sys_exit.o(.text)
    DMA2_Stream3_IRQHandler                  0x0800079d   Thumb Code     8  fatfs_sd_sdio.o(i.DMA2_Stream3_IRQHandler)
    DMA_ClearFlag                            0x080007a5   Thumb Code    38  stm32f4xx_dma.o(i.DMA_ClearFlag)
    DMA_Cmd                                  0x080007d9   Thumb Code    22  stm32f4xx_dma.o(i.DMA_Cmd)
    DMA_DeInit                               0x080007f1   Thumb Code   324  stm32f4xx_dma.o(i.DMA_DeInit)
    DMA_FlowControllerConfig                 0x08000949   Thumb Code    22  stm32f4xx_dma.o(i.DMA_FlowControllerConfig)
    DMA_ITConfig                             0x0800095f   Thumb Code    58  stm32f4xx_dma.o(i.DMA_ITConfig)
    DMA_Init                                 0x08000999   Thumb Code    82  stm32f4xx_dma.o(i.DMA_Init)
    GPIO_Init                                0x08000b8d   Thumb Code   144  stm32f4xx_gpio.o(i.GPIO_Init)
    GPIO_PinAFConfig                         0x08000c1d   Thumb Code    70  stm32f4xx_gpio.o(i.GPIO_PinAFConfig)
    GPIO_ToggleBits                          0x08000c63   Thumb Code     8  stm32f4xx_gpio.o(i.GPIO_ToggleBits)
    NVIC_Init                                0x08000c6d   Thumb Code   106  misc.o(i.NVIC_Init)
    NVIC_PriorityGroupConfig                 0x08000ce5   Thumb Code    10  misc.o(i.NVIC_PriorityGroupConfig)
    RCC_AHB1PeriphClockCmd                   0x08000cf9   Thumb Code    26  stm32f4xx_rcc.o(i.RCC_AHB1PeriphClockCmd)
    RCC_APB2PeriphClockCmd                   0x08000d19   Thumb Code    26  stm32f4xx_rcc.o(i.RCC_APB2PeriphClockCmd)
    RCC_APB2PeriphResetCmd                   0x08000d39   Thumb Code    26  stm32f4xx_rcc.o(i.RCC_APB2PeriphResetCmd)
    RCC_DeInit                               0x08000d59   Thumb Code    82  stm32f4xx_rcc.o(i.RCC_DeInit)
    RCC_GetClocksFreq                        0x08000dbd   Thumb Code   214  stm32f4xx_rcc.o(i.RCC_GetClocksFreq)
    SDIO_ClearITPendingBit                   0x08000fc1   Thumb Code     6  stm32f4xx_sdio.o(i.SDIO_ClearITPendingBit)
    SDIO_ClockCmd                            0x08000fcd   Thumb Code     6  stm32f4xx_sdio.o(i.SDIO_ClockCmd)
    SDIO_DMACmd                              0x08000fd9   Thumb Code     6  stm32f4xx_sdio.o(i.SDIO_DMACmd)
    SDIO_DataConfig                          0x08000fe5   Thumb Code    46  stm32f4xx_sdio.o(i.SDIO_DataConfig)
    SDIO_DeInit                              0x08001019   Thumb Code    22  stm32f4xx_sdio.o(i.SDIO_DeInit)
    SDIO_GetCommandResponse                  0x08001031   Thumb Code     8  stm32f4xx_sdio.o(i.SDIO_GetCommandResponse)
    SDIO_GetFlagStatus                       0x0800103d   Thumb Code    20  stm32f4xx_sdio.o(i.SDIO_GetFlagStatus)
    SDIO_GetITStatus                         0x08001055   Thumb Code    20  stm32f4xx_sdio.o(i.SDIO_GetITStatus)
    SDIO_GetPowerState                       0x0800106d   Thumb Code    10  stm32f4xx_sdio.o(i.SDIO_GetPowerState)
    SDIO_GetResponse                         0x0800107d   Thumb Code    20  stm32f4xx_sdio.o(i.SDIO_GetResponse)
    SDIO_IRQHandler                          0x08001095   Thumb Code     8  fatfs_sd_sdio.o(i.SDIO_IRQHandler)
    SDIO_Init                                0x0800109d   Thumb Code    42  stm32f4xx_sdio.o(i.SDIO_Init)
    SDIO_ReadData                            0x080010cd   Thumb Code     6  stm32f4xx_sdio.o(i.SDIO_ReadData)
    SDIO_SendCommand                         0x080010d9   Thumb Code    40  stm32f4xx_sdio.o(i.SDIO_SendCommand)
    SDIO_SetPowerState                       0x08001105   Thumb Code     6  stm32f4xx_sdio.o(i.SDIO_SetPowerState)
    SD_Detect                                0x08001111   Thumb Code    22  fatfs_sd_sdio.o(i.SD_Detect)
    SD_EnableWideBusOperation                0x08001129   Thumb Code   140  fatfs_sd_sdio.o(i.SD_EnableWideBusOperation)
    SD_GetCardInfo                           0x080011bd   Thumb Code   780  fatfs_sd_sdio.o(i.SD_GetCardInfo)
    SD_GetState                              0x080014d9   Thumb Code    38  fatfs_sd_sdio.o(i.SD_GetState)
    SD_GetStatus                             0x080014ff   Thumb Code    30  fatfs_sd_sdio.o(i.SD_GetStatus)
    SD_Init                                  0x0800151d   Thumb Code   126  fatfs_sd_sdio.o(i.SD_Init)
    SD_InitializeCards                       0x080015a5   Thumb Code   292  fatfs_sd_sdio.o(i.SD_InitializeCards)
    SD_LowLevel_DMA_RxConfig                 0x080016dd   Thumb Code   136  fatfs_sd_sdio.o(i.SD_LowLevel_DMA_RxConfig)
    SD_LowLevel_DMA_TxConfig                 0x0800176d   Thumb Code   134  fatfs_sd_sdio.o(i.SD_LowLevel_DMA_TxConfig)
    SD_LowLevel_DeInit                       0x080017fd   Thumb Code    72  fatfs_sd_sdio.o(i.SD_LowLevel_DeInit)
    SD_LowLevel_Init                         0x08001851   Thumb Code    74  fatfs_sd_sdio.o(i.SD_LowLevel_Init)
    SD_PowerON                               0x080018a9   Thumb Code   400  fatfs_sd_sdio.o(i.SD_PowerON)
    SD_ProcessDMAIRQ                         0x08001a49   Thumb Code    32  fatfs_sd_sdio.o(i.SD_ProcessDMAIRQ)
    SD_ProcessIRQSrc                         0x08001a71   Thumb Code   166  fatfs_sd_sdio.o(i.SD_ProcessIRQSrc)
    SD_ReadMultiBlocks                       0x08001b25   Thumb Code   228  fatfs_sd_sdio.o(i.SD_ReadMultiBlocks)
    SD_SelectDeselect                        0x08001c25   Thumb Code    50  fatfs_sd_sdio.o(i.SD_SelectDeselect)
    SD_SendStatus                            0x08001c5d   Thumb Code    74  fatfs_sd_sdio.o(i.SD_SendStatus)
    SD_StopTransfer                          0x08001cb1   Thumb Code    46  fatfs_sd_sdio.o(i.SD_StopTransfer)
    SD_WaitReadOperation                     0x08001ce5   Thumb Code   128  fatfs_sd_sdio.o(i.SD_WaitReadOperation)
    SD_WaitWriteOperation                    0x08001d79   Thumb Code   110  fatfs_sd_sdio.o(i.SD_WaitWriteOperation)
    SD_WriteMultiBlocks                      0x08001dfd   Thumb Code   320  fatfs_sd_sdio.o(i.SD_WriteMultiBlocks)
    SysTick32                                0x08001f5d   Thumb Code    16  delay.o(i.SysTick32)
    SysTick_Handler                          0x08001f71   Thumb Code    12  delay.o(i.SysTick_Handler)
    SysTick_Init                             0x08001f81   Thumb Code    16  delay.o(i.SysTick_Init)
    SystemCoreClockUpdate                    0x08001f91   Thumb Code   170  system_stm32f4xx.o(i.SystemCoreClockUpdate)
    SystemInit                               0x08002051   Thumb Code    82  system_stm32f4xx.o(i.SystemInit)
    System_Configuration                     0x080020b5   Thumb Code   204  main.o(i.System_Configuration)
    TM_FATFS_CheckCardDetectPin              0x08002191   Thumb Code     4  tm_stm32f4_fatfs.o(i.TM_FATFS_CheckCardDetectPin)
    TM_FATFS_DriveSize                       0x08002195   Thumb Code    56  tm_stm32f4_fatfs.o(i.TM_FATFS_DriveSize)
    TM_FATFS_SDIO_WriteEnabled               0x080021d1   Thumb Code     4  fatfs_sd_sdio.o(i.TM_FATFS_SDIO_WriteEnabled)
    TM_FATFS_SDRAM_disk_initialize           0x080021d5   Thumb Code     4  diskio.o(i.TM_FATFS_SDRAM_disk_initialize)
    TM_FATFS_SDRAM_disk_ioctl                0x080021d9   Thumb Code     6  diskio.o(i.TM_FATFS_SDRAM_disk_ioctl)
    TM_FATFS_SDRAM_disk_read                 0x080021df   Thumb Code     6  diskio.o(i.TM_FATFS_SDRAM_disk_read)
    TM_FATFS_SDRAM_disk_status               0x080021e5   Thumb Code     4  diskio.o(i.TM_FATFS_SDRAM_disk_status)
    TM_FATFS_SDRAM_disk_write                0x080021e9   Thumb Code     6  diskio.o(i.TM_FATFS_SDRAM_disk_write)
    TM_FATFS_SD_SDIO_disk_initialize         0x080021f1   Thumb Code   136  fatfs_sd_sdio.o(i.TM_FATFS_SD_SDIO_disk_initialize)
    TM_FATFS_SD_SDIO_disk_ioctl              0x0800227d   Thumb Code    42  fatfs_sd_sdio.o(i.TM_FATFS_SD_SDIO_disk_ioctl)
    TM_FATFS_SD_SDIO_disk_read               0x080022a9   Thumb Code   164  fatfs_sd_sdio.o(i.TM_FATFS_SD_SDIO_disk_read)
    TM_FATFS_SD_SDIO_disk_status             0x08002351   Thumb Code    52  fatfs_sd_sdio.o(i.TM_FATFS_SD_SDIO_disk_status)
    TM_FATFS_SD_SDIO_disk_write              0x08002389   Thumb Code   172  fatfs_sd_sdio.o(i.TM_FATFS_SD_SDIO_disk_write)
    TM_FATFS_SPI_FLASH_disk_initialize       0x08002435   Thumb Code     4  diskio.o(i.TM_FATFS_SPI_FLASH_disk_initialize)
    TM_FATFS_SPI_FLASH_disk_ioctl            0x08002439   Thumb Code     6  diskio.o(i.TM_FATFS_SPI_FLASH_disk_ioctl)
    TM_FATFS_SPI_FLASH_disk_read             0x0800243f   Thumb Code     6  diskio.o(i.TM_FATFS_SPI_FLASH_disk_read)
    TM_FATFS_SPI_FLASH_disk_status           0x08002445   Thumb Code     4  diskio.o(i.TM_FATFS_SPI_FLASH_disk_status)
    TM_FATFS_SPI_FLASH_disk_write            0x08002449   Thumb Code     6  diskio.o(i.TM_FATFS_SPI_FLASH_disk_write)
    TM_FATFS_USB_disk_initialize             0x0800244f   Thumb Code     4  diskio.o(i.TM_FATFS_USB_disk_initialize)
    TM_FATFS_USB_disk_ioctl                  0x08002453   Thumb Code     6  diskio.o(i.TM_FATFS_USB_disk_ioctl)
    TM_FATFS_USB_disk_read                   0x08002459   Thumb Code     6  diskio.o(i.TM_FATFS_USB_disk_read)
    TM_FATFS_USB_disk_status                 0x0800245f   Thumb Code     4  diskio.o(i.TM_FATFS_USB_disk_status)
    TM_FATFS_USB_disk_write                  0x08002463   Thumb Code     6  diskio.o(i.TM_FATFS_USB_disk_write)
    TM_GPIO_DeInit                           0x08002469   Thumb Code    66  tm_stm32f4_gpio.o(i.TM_GPIO_DeInit)
    TM_GPIO_GetPortSource                    0x080024b1   Thumb Code    14  tm_stm32f4_gpio.o(i.TM_GPIO_GetPortSource)
    TM_GPIO_INT_EnableClock                  0x080024c1   Thumb Code    28  tm_stm32f4_gpio.o(i.TM_GPIO_INT_EnableClock)
    TM_GPIO_INT_Init                         0x080024e1   Thumb Code   170  tm_stm32f4_gpio.o(i.TM_GPIO_INT_Init)
    TM_GPIO_InitAlternate                    0x08002591   Thumb Code   110  tm_stm32f4_gpio.o(i.TM_GPIO_InitAlternate)
    TM_GPIO_SetPullResistor                  0x080025ff   Thumb Code    50  tm_stm32f4_gpio.o(i.TM_GPIO_SetPullResistor)
    UART1_Config                             0x08002631   Thumb Code   234  uart.o(i.UART1_Config)
    USART_Cmd                                0x08002725   Thumb Code    24  stm32f4xx_usart.o(i.USART_Cmd)
    USART_ITConfig                           0x0800273d   Thumb Code    74  stm32f4xx_usart.o(i.USART_ITConfig)
    USART_Init                               0x08002789   Thumb Code   204  stm32f4xx_usart.o(i.USART_Init)
    clust2sect                               0x08002901   Thumb Code    26  ff.o(i.clust2sect)
    delay_ms                                 0x08002d1d   Thumb Code    22  delay.o(i.delay_ms)
    delay_us                                 0x08002d33   Thumb Code    30  delay.o(i.delay_us)
    disk_initialize                          0x08003179   Thumb Code    34  diskio.o(i.disk_initialize)
    disk_ioctl                               0x080031a1   Thumb Code    44  diskio.o(i.disk_ioctl)
    disk_read                                0x080031d1   Thumb Code    58  diskio.o(i.disk_read)
    disk_status                              0x08003211   Thumb Code    38  diskio.o(i.disk_status)
    disk_write                               0x0800323d   Thumb Code    58  diskio.o(i.disk_write)
    f_close                                  0x0800327d   Thumb Code    32  ff.o(i.f_close)
    f_getfree                                0x0800329d   Thumb Code   258  ff.o(i.f_getfree)
    f_mount                                  0x080033a1   Thumb Code    86  ff.o(i.f_mount)
    f_open                                   0x080033fd   Thumb Code   362  ff.o(i.f_open)
    f_printf                                 0x08003567   Thumb Code   628  ff.o(i.f_printf)
    f_puts                                   0x080037db   Thumb Code    74  ff.o(i.f_puts)
    f_read                                   0x08003825   Thumb Code   416  ff.o(i.f_read)
    f_sync                                   0x080039c5   Thumb Code   176  ff.o(i.f_sync)
    f_write                                  0x08003a75   Thumb Code   472  ff.o(i.f_write)
    ff_convert                               0x08003c4d   Thumb Code    70  unicode.o(i.ff_convert)
    ff_wtoupper                              0x08003c99   Thumb Code    46  unicode.o(i.ff_wtoupper)
    get_fat                                  0x0800424d   Thumb Code   242  ff.o(i.get_fat)
    get_fattime                              0x08004341   Thumb Code     4  diskio.o(i.get_fattime)
    main                                     0x08004429   Thumb Code   138  main.o(i.main)
    put_fat                                  0x08004591   Thumb Code   322  ff.o(i.put_fat)
    _fp_init                                 0x0800490d   Thumb Code    10  fpinit.o(x$fpl$fpinit)
    __fplib_config_fpu_vfp                   0x08004915   Thumb Code     0  fpinit.o(x$fpl$fpinit)
    __fplib_config_pureend_doubles           0x08004915   Thumb Code     0  fpinit.o(x$fpl$fpinit)
    AHBPrescTable                            0x08004eb8   Data          16  system_stm32f4xx.o(.constdata)
    APBPrescTable                            0x08004ec8   Data           8  system_stm32f4xx.o(.constdata)
    Region$$Table$$Base                      0x08004f14   Number         0  anon$$obj.o(Region$$Table)
    Region$$Table$$Limit                     0x08004f34   Number         0  anon$$obj.o(Region$$Table)
    fr                                       0x20000000   Data           1  main.o(.data)
    Rxbuffer                                 0x20000001   Data           5  main.o(.data)
    br                                       0x20000008   Data           4  main.o(.data)
    bw                                       0x2000000c   Data           4  main.o(.data)
    FATFS_LowLevelDrivers                    0x20000014   Data         180  diskio.o(.data)
    StopCondition                            0x200000d0   Data           4  fatfs_sd_sdio.o(.data)
    TransferError                            0x200000d4   Data           1  fatfs_sd_sdio.o(.data)
    TransferEnd                              0x200000d8   Data           4  fatfs_sd_sdio.o(.data)
    DMAEndOfTransfer                         0x200000dc   Data           4  fatfs_sd_sdio.o(.data)
    SysTickCounter                           0x200000f4   Data           4  delay.o(.data)
    SystemCoreClock                          0x200000f8   Data           4  system_stm32f4xx.o(.data)
    FatFs                                    0x200000fc   Data         564  main.o(.bss)
    fil                                      0x20000330   Data         548  main.o(.bss)
    SDCardInfo                               0x200005c0   Data          88  fatfs_sd_sdio.o(.bss)
    SDIO_InitStructure                       0x20000618   Data          24  fatfs_sd_sdio.o(.bss)
    SDIO_CmdInitStructure                    0x20000630   Data          20  fatfs_sd_sdio.o(.bss)
    SDIO_DataInitStructure                   0x20000644   Data          24  fatfs_sd_sdio.o(.bss)
    __libspace_start                         0x2000065c   Data          96  libspace.o(.bss)
    __temporary_stack_top$libspace           0x200006bc   Data           0  libspace.o(.bss)



==============================================================================

Memory Map of the image

  Image Entry point : 0x08000189

  Load Region LR_IROM1 (Base: 0x08000000, Size: 0x00005030, Max: 0x00080000, ABSOLUTE)

    Execution Region ER_IROM1 (Base: 0x08000000, Size: 0x00004f34, Max: 0x00080000, ABSOLUTE)

    Base Addr    Size         Type   Attr      Idx    E Section Name        Object

    0x08000000   0x00000188   Data   RO         2488    RESET               startup_stm32f407xx.o
    0x08000188   0x00000008   Code   RO         2636  * !!!main             c_w.l(__main.o)
    0x08000190   0x00000034   Code   RO         2875    !!!scatter          c_w.l(__scatter.o)
    0x080001c4   0x0000001a   Code   RO         2877    !!handler_copy      c_w.l(__scatter_copy.o)
    0x080001de   0x00000002   PAD
    0x080001e0   0x0000001c   Code   RO         2879    !!handler_zi        c_w.l(__scatter_zi.o)
    0x080001fc   0x00000002   Code   RO         2814    .ARM.Collect$$libinit$$00000000  c_w.l(libinit.o)
    0x080001fe   0x00000004   Code   RO         2693    .ARM.Collect$$libinit$$00000001  c_w.l(libinit2.o)
    0x08000202   0x00000000   Code   RO         2696    .ARM.Collect$$libinit$$00000004  c_w.l(libinit2.o)
    0x08000202   0x00000000   Code   RO         2699    .ARM.Collect$$libinit$$0000000A  c_w.l(libinit2.o)
    0x08000202   0x00000000   Code   RO         2701    .ARM.Collect$$libinit$$0000000C  c_w.l(libinit2.o)
    0x08000202   0x00000000   Code   RO         2703    .ARM.Collect$$libinit$$0000000E  c_w.l(libinit2.o)
    0x08000202   0x00000000   Code   RO         2706    .ARM.Collect$$libinit$$00000011  c_w.l(libinit2.o)
    0x08000202   0x00000000   Code   RO         2708    .ARM.Collect$$libinit$$00000013  c_w.l(libinit2.o)
    0x08000202   0x00000000   Code   RO         2710    .ARM.Collect$$libinit$$00000015  c_w.l(libinit2.o)
    0x08000202   0x00000000   Code   RO         2712    .ARM.Collect$$libinit$$00000017  c_w.l(libinit2.o)
    0x08000202   0x00000000   Code   RO         2714    .ARM.Collect$$libinit$$00000019  c_w.l(libinit2.o)
    0x08000202   0x00000000   Code   RO         2716    .ARM.Collect$$libinit$$0000001B  c_w.l(libinit2.o)
    0x08000202   0x00000000   Code   RO         2718    .ARM.Collect$$libinit$$0000001D  c_w.l(libinit2.o)
    0x08000202   0x00000000   Code   RO         2720    .ARM.Collect$$libinit$$0000001F  c_w.l(libinit2.o)
    0x08000202   0x00000000   Code   RO         2722    .ARM.Collect$$libinit$$00000021  c_w.l(libinit2.o)
    0x08000202   0x00000000   Code   RO         2724    .ARM.Collect$$libinit$$00000023  c_w.l(libinit2.o)
    0x08000202   0x00000000   Code   RO         2726    .ARM.Collect$$libinit$$00000025  c_w.l(libinit2.o)
    0x08000202   0x00000000   Code   RO         2730    .ARM.Collect$$libinit$$0000002C  c_w.l(libinit2.o)
    0x08000202   0x00000000   Code   RO         2732    .ARM.Collect$$libinit$$0000002E  c_w.l(libinit2.o)
    0x08000202   0x00000000   Code   RO         2734    .ARM.Collect$$libinit$$00000030  c_w.l(libinit2.o)
    0x08000202   0x00000000   Code   RO         2736    .ARM.Collect$$libinit$$00000032  c_w.l(libinit2.o)
    0x08000202   0x00000002   Code   RO         2737    .ARM.Collect$$libinit$$00000033  c_w.l(libinit2.o)
    0x08000204   0x00000002   Code   RO         2872    .ARM.Collect$$libshutdown$$00000000  c_w.l(libshutdown.o)
    0x08000206   0x00000000   Code   RO         2830    .ARM.Collect$$libshutdown$$00000002  c_w.l(libshutdown2.o)
    0x08000206   0x00000000   Code   RO         2832    .ARM.Collect$$libshutdown$$00000004  c_w.l(libshutdown2.o)
    0x08000206   0x00000000   Code   RO         2835    .ARM.Collect$$libshutdown$$00000007  c_w.l(libshutdown2.o)
    0x08000206   0x00000000   Code   RO         2838    .ARM.Collect$$libshutdown$$0000000A  c_w.l(libshutdown2.o)
    0x08000206   0x00000000   Code   RO         2840    .ARM.Collect$$libshutdown$$0000000C  c_w.l(libshutdown2.o)
    0x08000206   0x00000000   Code   RO         2843    .ARM.Collect$$libshutdown$$0000000F  c_w.l(libshutdown2.o)
    0x08000206   0x00000002   Code   RO         2844    .ARM.Collect$$libshutdown$$00000010  c_w.l(libshutdown2.o)
    0x08000208   0x00000000   Code   RO         2652    .ARM.Collect$$rtentry$$00000000  c_w.l(__rtentry.o)
    0x08000208   0x00000000   Code   RO         2749    .ARM.Collect$$rtentry$$00000002  c_w.l(__rtentry2.o)
    0x08000208   0x00000006   Code   RO         2761    .ARM.Collect$$rtentry$$00000004  c_w.l(__rtentry4.o)
    0x0800020e   0x00000000   Code   RO         2751    .ARM.Collect$$rtentry$$00000009  c_w.l(__rtentry2.o)
    0x0800020e   0x00000004   Code   RO         2752    .ARM.Collect$$rtentry$$0000000A  c_w.l(__rtentry2.o)
    0x08000212   0x00000000   Code   RO         2754    .ARM.Collect$$rtentry$$0000000C  c_w.l(__rtentry2.o)
    0x08000212   0x00000008   Code   RO         2755    .ARM.Collect$$rtentry$$0000000D  c_w.l(__rtentry2.o)
    0x0800021a   0x00000002   Code   RO         2817    .ARM.Collect$$rtexit$$00000000  c_w.l(rtexit.o)
    0x0800021c   0x00000000   Code   RO         2848    .ARM.Collect$$rtexit$$00000002  c_w.l(rtexit2.o)
    0x0800021c   0x00000004   Code   RO         2849    .ARM.Collect$$rtexit$$00000003  c_w.l(rtexit2.o)
    0x08000220   0x00000006   Code   RO         2850    .ARM.Collect$$rtexit$$00000004  c_w.l(rtexit2.o)
    0x08000226   0x00000002   PAD
    0x08000228   0x00000040   Code   RO         2489    .text               startup_stm32f407xx.o
    0x08000268   0x000000ee   Code   RO         2594    .text               c_w.l(lludivv7m.o)
    0x08000356   0x0000008a   Code   RO         2630    .text               c_w.l(rt_memcpy_v6.o)
    0x080003e0   0x00000006   Code   RO         2634    .text               c_w.l(heapauxi.o)
    0x080003e6   0x00000064   Code   RO         2689    .text               c_w.l(rt_memcpy_w.o)
    0x0800044a   0x00000002   PAD
    0x0800044c   0x00000008   Code   RO         2745    .text               c_w.l(libspace.o)
    0x08000454   0x00000002   Code   RO         2786    .text               c_w.l(use_no_semi.o)
    0x08000456   0x00000000   Code   RO         2788    .text               c_w.l(indicate_semi.o)
    0x08000456   0x0000004a   Code   RO         2789    .text               c_w.l(sys_stackheap_outer.o)
    0x080004a0   0x00000012   Code   RO         2795    .text               c_w.l(exit.o)
    0x080004b2   0x00000002   PAD
    0x080004b4   0x0000000c   Code   RO         2815    .text               c_w.l(sys_exit.o)
    0x080004c0   0x00000030   Code   RO         1017    i.CmdError          fatfs_sd_sdio.o
    0x080004f0   0x00000138   Code   RO         1018    i.CmdResp1Error     fatfs_sd_sdio.o
    0x08000628   0x0000004c   Code   RO         1019    i.CmdResp2Error     fatfs_sd_sdio.o
    0x08000674   0x00000038   Code   RO         1020    i.CmdResp3Error     fatfs_sd_sdio.o
    0x080006ac   0x000000a4   Code   RO         1021    i.CmdResp6Error     fatfs_sd_sdio.o
    0x08000750   0x0000004c   Code   RO         1022    i.CmdResp7Error     fatfs_sd_sdio.o
    0x0800079c   0x00000008   Code   RO         1023    i.DMA2_Stream3_IRQHandler  fatfs_sd_sdio.o
    0x080007a4   0x00000034   Code   RO         1333    i.DMA_ClearFlag     stm32f4xx_dma.o
    0x080007d8   0x00000016   Code   RO         1335    i.DMA_Cmd           stm32f4xx_dma.o
    0x080007ee   0x00000002   PAD
    0x080007f0   0x00000158   Code   RO         1336    i.DMA_DeInit        stm32f4xx_dma.o
    0x08000948   0x00000016   Code   RO         1339    i.DMA_FlowControllerConfig  stm32f4xx_dma.o
    0x0800095e   0x0000003a   Code   RO         1346    i.DMA_ITConfig      stm32f4xx_dma.o
    0x08000998   0x00000058   Code   RO         1347    i.DMA_Init          stm32f4xx_dma.o
    0x080009f0   0x0000019c   Code   RO         1024    i.FindSCR           fatfs_sd_sdio.o
    0x08000b8c   0x00000090   Code   RO         1466    i.GPIO_Init         stm32f4xx_gpio.o
    0x08000c1c   0x00000046   Code   RO         1467    i.GPIO_PinAFConfig  stm32f4xx_gpio.o
    0x08000c62   0x00000008   Code   RO         1476    i.GPIO_ToggleBits   stm32f4xx_gpio.o
    0x08000c6a   0x00000002   PAD
    0x08000c6c   0x00000078   Code   RO         2295    i.NVIC_Init         misc.o
    0x08000ce4   0x00000014   Code   RO         2296    i.NVIC_PriorityGroupConfig  misc.o
    0x08000cf8   0x00000020   Code   RO         1567    i.RCC_AHB1PeriphClockCmd  stm32f4xx_rcc.o
    0x08000d18   0x00000020   Code   RO         1579    i.RCC_APB2PeriphClockCmd  stm32f4xx_rcc.o
    0x08000d38   0x00000020   Code   RO         1581    i.RCC_APB2PeriphResetCmd  stm32f4xx_rcc.o
    0x08000d58   0x00000064   Code   RO         1587    i.RCC_DeInit        stm32f4xx_rcc.o
    0x08000dbc   0x000000e8   Code   RO         1588    i.RCC_GetClocksFreq  stm32f4xx_rcc.o
    0x08000ea4   0x0000011c   Code   RO         1026    i.SDEnWideBus       fatfs_sd_sdio.o
    0x08000fc0   0x0000000c   Code   RO         1907    i.SDIO_ClearITPendingBit  stm32f4xx_sdio.o
    0x08000fcc   0x0000000c   Code   RO         1908    i.SDIO_ClockCmd     stm32f4xx_sdio.o
    0x08000fd8   0x0000000c   Code   RO         1911    i.SDIO_DMACmd       stm32f4xx_sdio.o
    0x08000fe4   0x00000034   Code   RO         1912    i.SDIO_DataConfig   stm32f4xx_sdio.o
    0x08001018   0x00000016   Code   RO         1914    i.SDIO_DeInit       stm32f4xx_sdio.o
    0x0800102e   0x00000002   PAD
    0x08001030   0x0000000c   Code   RO         1915    i.SDIO_GetCommandResponse  stm32f4xx_sdio.o
    0x0800103c   0x00000018   Code   RO         1918    i.SDIO_GetFlagStatus  stm32f4xx_sdio.o
    0x08001054   0x00000018   Code   RO         1919    i.SDIO_GetITStatus  stm32f4xx_sdio.o
    0x0800106c   0x00000010   Code   RO         1920    i.SDIO_GetPowerState  stm32f4xx_sdio.o
    0x0800107c   0x00000018   Code   RO         1921    i.SDIO_GetResponse  stm32f4xx_sdio.o
    0x08001094   0x00000008   Code   RO         1027    i.SDIO_IRQHandler   fatfs_sd_sdio.o
    0x0800109c   0x00000030   Code   RO         1923    i.SDIO_Init         stm32f4xx_sdio.o
    0x080010cc   0x0000000c   Code   RO         1924    i.SDIO_ReadData     stm32f4xx_sdio.o
    0x080010d8   0x0000002c   Code   RO         1926    i.SDIO_SendCommand  stm32f4xx_sdio.o
    0x08001104   0x0000000c   Code   RO         1928    i.SDIO_SetPowerState  stm32f4xx_sdio.o
    0x08001110   0x00000016   Code   RO         1029    i.SD_Detect         fatfs_sd_sdio.o
    0x08001126   0x00000002   PAD
    0x08001128   0x00000094   Code   RO         1030    i.SD_EnableWideBusOperation  fatfs_sd_sdio.o
    0x080011bc   0x0000031c   Code   RO         1032    i.SD_GetCardInfo    fatfs_sd_sdio.o
    0x080014d8   0x00000026   Code   RO         1034    i.SD_GetState       fatfs_sd_sdio.o
    0x080014fe   0x0000001e   Code   RO         1035    i.SD_GetStatus      fatfs_sd_sdio.o
    0x0800151c   0x00000088   Code   RO         1038    i.SD_Init           fatfs_sd_sdio.o
    0x080015a4   0x00000138   Code   RO         1039    i.SD_InitializeCards  fatfs_sd_sdio.o
    0x080016dc   0x00000090   Code   RO         1040    i.SD_LowLevel_DMA_RxConfig  fatfs_sd_sdio.o
    0x0800176c   0x00000090   Code   RO         1041    i.SD_LowLevel_DMA_TxConfig  fatfs_sd_sdio.o
    0x080017fc   0x00000054   Code   RO         1042    i.SD_LowLevel_DeInit  fatfs_sd_sdio.o
    0x08001850   0x00000058   Code   RO         1043    i.SD_LowLevel_Init  fatfs_sd_sdio.o
    0x080018a8   0x000001a0   Code   RO         1045    i.SD_PowerON        fatfs_sd_sdio.o
    0x08001a48   0x00000028   Code   RO         1046    i.SD_ProcessDMAIRQ  fatfs_sd_sdio.o
    0x08001a70   0x000000b4   Code   RO         1047    i.SD_ProcessIRQSrc  fatfs_sd_sdio.o
    0x08001b24   0x00000100   Code   RO         1049    i.SD_ReadMultiBlocks  fatfs_sd_sdio.o
    0x08001c24   0x00000038   Code   RO         1051    i.SD_SelectDeselect  fatfs_sd_sdio.o
    0x08001c5c   0x00000054   Code   RO         1053    i.SD_SendStatus     fatfs_sd_sdio.o
    0x08001cb0   0x00000034   Code   RO         1054    i.SD_StopTransfer   fatfs_sd_sdio.o
    0x08001ce4   0x00000094   Code   RO         1055    i.SD_WaitReadOperation  fatfs_sd_sdio.o
    0x08001d78   0x00000084   Code   RO         1056    i.SD_WaitWriteOperation  fatfs_sd_sdio.o
    0x08001dfc   0x00000160   Code   RO         1058    i.SD_WriteMultiBlocks  fatfs_sd_sdio.o
    0x08001f5c   0x00000014   Code   RO         2344    i.SysTick32         delay.o
    0x08001f70   0x00000010   Code   RO         2346    i.SysTick_Handler   delay.o
    0x08001f80   0x00000010   Code   RO         2347    i.SysTick_Init      delay.o
    0x08001f90   0x000000c0   Code   RO         2496    i.SystemCoreClockUpdate  system_stm32f4xx.o
    0x08002050   0x00000064   Code   RO         2497    i.SystemInit        system_stm32f4xx.o
    0x080020b4   0x000000dc   Code   RO            4    i.System_Configuration  main.o
    0x08002190   0x00000004   Code   RO          188    i.TM_FATFS_CheckCardDetectPin  tm_stm32f4_fatfs.o
    0x08002194   0x0000003c   Code   RO          189    i.TM_FATFS_DriveSize  tm_stm32f4_fatfs.o
    0x080021d0   0x00000004   Code   RO         1060    i.TM_FATFS_SDIO_WriteEnabled  fatfs_sd_sdio.o
    0x080021d4   0x00000004   Code   RO          805    i.TM_FATFS_SDRAM_disk_initialize  diskio.o
    0x080021d8   0x00000006   Code   RO          806    i.TM_FATFS_SDRAM_disk_ioctl  diskio.o
    0x080021de   0x00000006   Code   RO          807    i.TM_FATFS_SDRAM_disk_read  diskio.o
    0x080021e4   0x00000004   Code   RO          808    i.TM_FATFS_SDRAM_disk_status  diskio.o
    0x080021e8   0x00000006   Code   RO          809    i.TM_FATFS_SDRAM_disk_write  diskio.o
    0x080021ee   0x00000002   PAD
    0x080021f0   0x0000008c   Code   RO         1061    i.TM_FATFS_SD_SDIO_disk_initialize  fatfs_sd_sdio.o
    0x0800227c   0x0000002a   Code   RO         1062    i.TM_FATFS_SD_SDIO_disk_ioctl  fatfs_sd_sdio.o
    0x080022a6   0x00000002   PAD
    0x080022a8   0x000000a8   Code   RO         1063    i.TM_FATFS_SD_SDIO_disk_read  fatfs_sd_sdio.o
    0x08002350   0x00000038   Code   RO         1064    i.TM_FATFS_SD_SDIO_disk_status  fatfs_sd_sdio.o
    0x08002388   0x000000ac   Code   RO         1065    i.TM_FATFS_SD_SDIO_disk_write  fatfs_sd_sdio.o
    0x08002434   0x00000004   Code   RO          820    i.TM_FATFS_SPI_FLASH_disk_initialize  diskio.o
    0x08002438   0x00000006   Code   RO          821    i.TM_FATFS_SPI_FLASH_disk_ioctl  diskio.o
    0x0800243e   0x00000006   Code   RO          822    i.TM_FATFS_SPI_FLASH_disk_read  diskio.o
    0x08002444   0x00000004   Code   RO          823    i.TM_FATFS_SPI_FLASH_disk_status  diskio.o
    0x08002448   0x00000006   Code   RO          824    i.TM_FATFS_SPI_FLASH_disk_write  diskio.o
    0x0800244e   0x00000004   Code   RO          825    i.TM_FATFS_USB_disk_initialize  diskio.o
    0x08002452   0x00000006   Code   RO          826    i.TM_FATFS_USB_disk_ioctl  diskio.o
    0x08002458   0x00000006   Code   RO          827    i.TM_FATFS_USB_disk_read  diskio.o
    0x0800245e   0x00000004   Code   RO          828    i.TM_FATFS_USB_disk_status  diskio.o
    0x08002462   0x00000006   Code   RO          829    i.TM_FATFS_USB_disk_write  diskio.o
    0x08002468   0x00000048   Code   RO          647    i.TM_GPIO_DeInit    tm_stm32f4_gpio.o
    0x080024b0   0x0000000e   Code   RO          650    i.TM_GPIO_GetPortSource  tm_stm32f4_gpio.o
    0x080024be   0x00000002   PAD
    0x080024c0   0x00000020   Code   RO          653    i.TM_GPIO_INT_EnableClock  tm_stm32f4_gpio.o
    0x080024e0   0x000000b0   Code   RO          654    i.TM_GPIO_INT_Init  tm_stm32f4_gpio.o
    0x08002590   0x0000006e   Code   RO          656    i.TM_GPIO_InitAlternate  tm_stm32f4_gpio.o
    0x080025fe   0x00000032   Code   RO          662    i.TM_GPIO_SetPullResistor  tm_stm32f4_gpio.o
    0x08002630   0x000000f4   Code   RO         2418    i.UART1_Config      uart.o
    0x08002724   0x00000018   Code   RO         2107    i.USART_Cmd         stm32f4xx_usart.o
    0x0800273c   0x0000004a   Code   RO         2113    i.USART_ITConfig    stm32f4xx_usart.o
    0x08002786   0x00000002   PAD
    0x08002788   0x000000d4   Code   RO         2114    i.USART_Init        stm32f4xx_usart.o
    0x0800285c   0x00000090   Code   RO          267    i.check_fs          ff.o
    0x080028ec   0x00000014   Code   RO          268    i.chk_chr           ff.o
    0x08002900   0x0000001a   Code   RO          269    i.clust2sect        ff.o
    0x0800291a   0x00000002   PAD
    0x0800291c   0x00000090   Code   RO          270    i.cmp_lfn           ff.o
    0x080029ac   0x000000d6   Code   RO          271    i.create_chain      ff.o
    0x08002a82   0x00000002   PAD
    0x08002a84   0x00000298   Code   RO          272    i.create_name       ff.o
    0x08002d1c   0x00000016   Code   RO         2350    i.delay_ms          delay.o
    0x08002d32   0x0000001e   Code   RO         2351    i.delay_us          delay.o
    0x08002d50   0x0000005c   Code   RO          273    i.dir_alloc         ff.o
    0x08002dac   0x000000ea   Code   RO          274    i.dir_find          ff.o
    0x08002e96   0x0000010e   Code   RO          275    i.dir_next          ff.o
    0x08002fa4   0x00000136   Code   RO          277    i.dir_register      ff.o
    0x080030da   0x0000009e   Code   RO          279    i.dir_sdi           ff.o
    0x08003178   0x00000028   Code   RO          830    i.disk_initialize   diskio.o
    0x080031a0   0x00000030   Code   RO          831    i.disk_ioctl        diskio.o
    0x080031d0   0x00000040   Code   RO          832    i.disk_read         diskio.o
    0x08003210   0x0000002c   Code   RO          833    i.disk_status       diskio.o
    0x0800323c   0x00000040   Code   RO          834    i.disk_write        diskio.o
    0x0800327c   0x00000020   Code   RO          283    i.f_close           ff.o
    0x0800329c   0x00000102   Code   RO          288    i.f_getfree         ff.o
    0x0800339e   0x00000002   PAD
    0x080033a0   0x0000005c   Code   RO          294    i.f_mount           ff.o
    0x080033fc   0x0000016a   Code   RO          295    i.f_open            ff.o
    0x08003566   0x00000274   Code   RO          297    i.f_printf          ff.o
    0x080037da   0x0000004a   Code   RO          299    i.f_puts            ff.o
    0x08003824   0x000001a0   Code   RO          300    i.f_read            ff.o
    0x080039c4   0x000000b0   Code   RO          305    i.f_sync            ff.o
    0x08003a74   0x000001d8   Code   RO          309    i.f_write           ff.o
    0x08003c4c   0x0000004c   Code   RO          760    i.ff_convert        unicode.o
    0x08003c98   0x00000038   Code   RO          761    i.ff_wtoupper       unicode.o
    0x08003cd0   0x00000398   Code   RO          310    i.find_volume       ff.o
    0x08004068   0x00000080   Code   RO          311    i.fit_lfn           ff.o
    0x080040e8   0x000000ae   Code   RO          312    i.follow_path       ff.o
    0x08004196   0x00000002   PAD
    0x08004198   0x000000b4   Code   RO          313    i.gen_numname       ff.o
    0x0800424c   0x000000f2   Code   RO          315    i.get_fat           ff.o
    0x0800433e   0x00000002   PAD
    0x08004340   0x00000008   Code   RO          835    i.get_fattime       diskio.o
    0x08004348   0x000000c0   Code   RO          317    i.get_ldnumber      ff.o
    0x08004408   0x00000020   Code   RO          318    i.ld_clust          ff.o
    0x08004428   0x000000e0   Code   RO            5    i.main              main.o
    0x08004508   0x00000026   Code   RO          319    i.mem_cmp           ff.o
    0x0800452e   0x0000001a   Code   RO          320    i.mem_cpy           ff.o
    0x08004548   0x00000014   Code   RO          321    i.mem_set           ff.o
    0x0800455c   0x00000034   Code   RO          322    i.move_window       ff.o
    0x08004590   0x00000142   Code   RO          325    i.put_fat           ff.o
    0x080046d2   0x0000004e   Code   RO          326    i.putc_bfd          ff.o
    0x08004720   0x0000006c   Code   RO          327    i.remove_chain      ff.o
    0x0800478c   0x00000010   Code   RO          328    i.st_clust          ff.o
    0x0800479c   0x00000020   Code   RO          329    i.sum_sfn           ff.o
    0x080047bc   0x000000c8   Code   RO          330    i.sync_fs           ff.o
    0x08004884   0x00000052   Code   RO          331    i.sync_window       ff.o
    0x080048d6   0x00000036   Code   RO          332    i.validate          ff.o
    0x0800490c   0x0000000a   Code   RO         2784    x$fpl$fpinit        fz_wm.l(fpinit.o)
    0x08004916   0x00000002   PAD
    0x08004918   0x000000e0   Data   RO          334    .constdata          ff.o
    0x080049f8   0x000004c0   Data   RO          762    .constdata          unicode.o
    0x08004eb8   0x00000018   Data   RO         2498    .constdata          system_stm32f4xx.o
    0x08004ed0   0x00000042   Data   RO          335    .conststring        ff.o
    0x08004f12   0x00000002   PAD
    0x08004f14   0x00000020   Data   RO         2873    Region$$Table       anon$$obj.o


    Execution Region RW_IRAM1 (Base: 0x20000000, Size: 0x00000cc0, Max: 0x00020000, ABSOLUTE)

    Base Addr    Size         Type   Attr      Idx    E Section Name        Object

    0x20000000   0x00000010   Data   RW            7    .data               main.o
    0x20000010   0x00000003   Data   RW          336    .data               ff.o
    0x20000013   0x00000001   PAD
    0x20000014   0x000000b4   Data   RW          836    .data               diskio.o
    0x200000c8   0x00000019   Data   RW         1068    .data               fatfs_sd_sdio.o
    0x200000e1   0x00000010   Data   RW         1620    .data               stm32f4xx_rcc.o
    0x200000f1   0x00000003   PAD
    0x200000f4   0x00000004   Data   RW         2352    .data               delay.o
    0x200000f8   0x00000004   Data   RW         2499    .data               system_stm32f4xx.o
    0x200000fc   0x00000458   Zero   RW            6    .bss                main.o
    0x20000554   0x00000024   Zero   RW          333    .bss                ff.o
    0x20000578   0x00000016   Zero   RW          663    .bss                tm_stm32f4_gpio.o
    0x2000058e   0x00000002   PAD
    0x20000590   0x000000cc   Zero   RW         1067    .bss                fatfs_sd_sdio.o
    0x2000065c   0x00000060   Zero   RW         2746    .bss                c_w.l(libspace.o)
    0x200006bc   0x00000004   PAD
    0x200006c0   0x00000200   Zero   RW         2487    HEAP                startup_stm32f407xx.o
    0x200008c0   0x00000400   Zero   RW         2486    STACK               startup_stm32f407xx.o


==============================================================================

Image component sizes


      Code (inc. data)   RO Data    RW Data    ZI Data      Debug   Object Name

       104          8          0          4          0       3248   delay.o
       346         32          0        180          0      14157   diskio.o
      5684        330          0         25        204      39556   fatfs_sd_sdio.o
      7682         78        290          3         36      40567   ff.o
       444        102          0         16       1112     302368   main.o
       140         24          0          0          0       1719   misc.o
        64         26        392          0       1536        868   startup_stm32f407xx.o
       586         40          0          0          0       5336   stm32f4xx_dma.o
       222          0          0          0          0       2549   stm32f4xx_gpio.o
       428         54          0         16          0       5516   stm32f4xx_rcc.o
       326         68          0          0          0      10245   stm32f4xx_sdio.o
       310          8          0          0          0       3138   stm32f4xx_usart.o
       292         40         24          4          0       1955   system_stm32f4xx.o
        64          4          0          0          0       5267   tm_stm32f4_fatfs.o
       454         16          0          0         22       5128   tm_stm32f4_gpio.o
       244         10          0          0          0      27006   uart.o
       132         16       1216          0          0       2499   unicode.o

    ----------------------------------------------------------------------
     17548        856       1956        252       2912     471122   Object Totals
         0          0         32          0          0          0   (incl. Generated)
        26          0          2          4          2          0   (incl. Padding)

    ----------------------------------------------------------------------

      Code (inc. data)   RO Data    RW Data    ZI Data      Debug   Library Member Name

         8          0          0          0          0         68   __main.o
         0          0          0          0          0          0   __rtentry.o
        12          0          0          0          0          0   __rtentry2.o
         6          0          0          0          0          0   __rtentry4.o
        52          8          0          0          0          0   __scatter.o
        26          0          0          0          0          0   __scatter_copy.o
        28          0          0          0          0          0   __scatter_zi.o
        18          0          0          0          0         80   exit.o
         6          0          0          0          0        152   heapauxi.o
         0          0          0          0          0          0   indicate_semi.o
         2          0          0          0          0          0   libinit.o
         6          0          0          0          0          0   libinit2.o
         2          0          0          0          0          0   libshutdown.o
         2          0          0          0          0          0   libshutdown2.o
         8          4          0          0         96         68   libspace.o
       238          0          0          0          0        100   lludivv7m.o
       138          0          0          0          0         68   rt_memcpy_v6.o
       100          0          0          0          0         80   rt_memcpy_w.o
         2          0          0          0          0          0   rtexit.o
        10          0          0          0          0          0   rtexit2.o
        12          4          0          0          0         68   sys_exit.o
        74          0          0          0          0         80   sys_stackheap_outer.o
         2          0          0          0          0         68   use_no_semi.o
        10          0          0          0          0        116   fpinit.o

    ----------------------------------------------------------------------
       772         16          0          0        100        948   Library Totals
        10          0          0          0          4          0   (incl. Padding)

    ----------------------------------------------------------------------

      Code (inc. data)   RO Data    RW Data    ZI Data      Debug   Library Name

       752         16          0          0         96        832   c_w.l
        10          0          0          0          0        116   fz_wm.l

    ----------------------------------------------------------------------
       772         16          0          0        100        948   Library Totals

    ----------------------------------------------------------------------

==============================================================================


      Code (inc. data)   RO Data    RW Data    ZI Data      Debug   

     18320        872       1956        252       3012     457358   Grand Totals
     18320        872       1956        252       3012     457358   ELF Image Totals
     18320        872       1956        252          0          0   ROM Totals

==============================================================================

    Total RO  Size (Code + RO Data)                20276 (  19.80kB)
    Total RW  Size (RW Data + ZI Data)              3264 (   3.19kB)
    Total ROM Size (Code + RO Data + RW Data)      20528 (  20.05kB)

==============================================================================

