Archive member included to satisfy reference by file (symbol)

c:/program files (x86)/embitz/1.11/share/em_armgcc/bin/../lib/gcc/arm-none-eabi/5.4.1/armv7e-m/fpu\libgcc.a(_arm_addsubdf3.o)
                              obj\debug\spl\src\tm_stm32f4_fatfs.o (__aeabi_ui2d)
c:/program files (x86)/embitz/1.11/share/em_armgcc/bin/../lib/gcc/arm-none-eabi/5.4.1/armv7e-m/fpu\libgcc.a(_arm_muldivdf3.o)
                              obj\debug\spl\src\tm_stm32f4_fatfs.o (__aeabi_dmul)
c:/program files (x86)/embitz/1.11/share/em_armgcc/bin/../lib/gcc/arm-none-eabi/5.4.1/armv7e-m/fpu\libgcc.a(_arm_fixunsdfsi.o)
                              obj\debug\spl\src\tm_stm32f4_fatfs.o (__aeabi_d2uiz)
c:/program files (x86)/embitz/1.11/share/em_armgcc/bin/../lib/gcc/arm-none-eabi/5.4.1/armv7e-m/fpu\libgcc.a(_aeabi_uldivmod.o)
                              obj\debug\spl\src\delay.o (__aeabi_uldivmod)
c:/program files (x86)/embitz/1.11/share/em_armgcc/bin/../lib/gcc/arm-none-eabi/5.4.1/armv7e-m/fpu\libgcc.a(_udivmoddi4.o)
                              c:/program files (x86)/embitz/1.11/share/em_armgcc/bin/../lib/gcc/arm-none-eabi/5.4.1/armv7e-m/fpu\libgcc.a(_aeabi_uldivmod.o) (__udivmoddi4)
c:/program files (x86)/embitz/1.11/share/em_armgcc/bin/../lib/gcc/arm-none-eabi/5.4.1/armv7e-m/fpu\libgcc.a(_dvmd_tls.o)
                              c:/program files (x86)/embitz/1.11/share/em_armgcc/bin/../lib/gcc/arm-none-eabi/5.4.1/armv7e-m/fpu\libgcc.a(_aeabi_uldivmod.o) (__aeabi_ldiv0)
c:/program files (x86)/embitz/1.11/share/em_armgcc/bin/../lib/gcc/arm-none-eabi/5.4.1/../../../../arm-none-eabi/lib/armv7e-m/fpu\libg_n.a(lib_a-atoi.o)
                              obj\debug\src\main.o (atoi)
c:/program files (x86)/embitz/1.11/share/em_armgcc/bin/../lib/gcc/arm-none-eabi/5.4.1/../../../../arm-none-eabi/lib/armv7e-m/fpu\libg_n.a(lib_a-exit.o)
                              c:/program files (x86)/embitz/1.11/share/em_armgcc/bin/../lib/gcc/arm-none-eabi/5.4.1/../../../../arm-none-eabi/lib/armv7e-m/fpu/crt0.o (exit)
c:/program files (x86)/embitz/1.11/share/em_armgcc/bin/../lib/gcc/arm-none-eabi/5.4.1/../../../../arm-none-eabi/lib/armv7e-m/fpu\libg_n.a(lib_a-impure.o)
                              c:/program files (x86)/embitz/1.11/share/em_armgcc/bin/../lib/gcc/arm-none-eabi/5.4.1/../../../../arm-none-eabi/lib/armv7e-m/fpu\libg_n.a(lib_a-exit.o) (_global_impure_ptr)
c:/program files (x86)/embitz/1.11/share/em_armgcc/bin/../lib/gcc/arm-none-eabi/5.4.1/../../../../arm-none-eabi/lib/armv7e-m/fpu\libg_n.a(lib_a-init.o)
                              c:/program files (x86)/embitz/1.11/share/em_armgcc/bin/../lib/gcc/arm-none-eabi/5.4.1/../../../../arm-none-eabi/lib/armv7e-m/fpu/crt0.o (__libc_init_array)
c:/program files (x86)/embitz/1.11/share/em_armgcc/bin/../lib/gcc/arm-none-eabi/5.4.1/../../../../arm-none-eabi/lib/armv7e-m/fpu\libg_n.a(lib_a-malloc.o)
                              obj\debug\spl\src\tm_stm32f4_fatfs.o (malloc)
c:/program files (x86)/embitz/1.11/share/em_armgcc/bin/../lib/gcc/arm-none-eabi/5.4.1/../../../../arm-none-eabi/lib/armv7e-m/fpu\libg_n.a(lib_a-memcpy-stub.o)
                              obj\debug\spl\src\fatfs_sd_sdio.o (memcpy)
c:/program files (x86)/embitz/1.11/share/em_armgcc/bin/../lib/gcc/arm-none-eabi/5.4.1/../../../../arm-none-eabi/lib/armv7e-m/fpu\libg_n.a(lib_a-memset.o)
                              c:/program files (x86)/embitz/1.11/share/em_armgcc/bin/../lib/gcc/arm-none-eabi/5.4.1/../../../../arm-none-eabi/lib/armv7e-m/fpu/crt0.o (memset)
c:/program files (x86)/embitz/1.11/share/em_armgcc/bin/../lib/gcc/arm-none-eabi/5.4.1/../../../../arm-none-eabi/lib/armv7e-m/fpu\libg_n.a(lib_a-nano-freer.o)
                              c:/program files (x86)/embitz/1.11/share/em_armgcc/bin/../lib/gcc/arm-none-eabi/5.4.1/../../../../arm-none-eabi/lib/armv7e-m/fpu\libg_n.a(lib_a-malloc.o) (_free_r)
c:/program files (x86)/embitz/1.11/share/em_armgcc/bin/../lib/gcc/arm-none-eabi/5.4.1/../../../../arm-none-eabi/lib/armv7e-m/fpu\libg_n.a(lib_a-nano-mallocr.o)
                              c:/program files (x86)/embitz/1.11/share/em_armgcc/bin/../lib/gcc/arm-none-eabi/5.4.1/../../../../arm-none-eabi/lib/armv7e-m/fpu\libg_n.a(lib_a-malloc.o) (_malloc_r)
c:/program files (x86)/embitz/1.11/share/em_armgcc/bin/../lib/gcc/arm-none-eabi/5.4.1/../../../../arm-none-eabi/lib/armv7e-m/fpu\libg_n.a(lib_a-printf.o)
                              obj\debug\src\main.o (printf)
c:/program files (x86)/embitz/1.11/share/em_armgcc/bin/../lib/gcc/arm-none-eabi/5.4.1/../../../../arm-none-eabi/lib/armv7e-m/fpu\libg_n.a(lib_a-sbrkr.o)
                              c:/program files (x86)/embitz/1.11/share/em_armgcc/bin/../lib/gcc/arm-none-eabi/5.4.1/../../../../arm-none-eabi/lib/armv7e-m/fpu\libg_n.a(lib_a-nano-mallocr.o) (_sbrk_r)
c:/program files (x86)/embitz/1.11/share/em_armgcc/bin/../lib/gcc/arm-none-eabi/5.4.1/../../../../arm-none-eabi/lib/armv7e-m/fpu\libg_n.a(lib_a-sprintf.o)
[...]
Memory Configuration

Name             Origin             Length             Attributes
ROM              0x08000000         0x00080000         xr
RAM              0x20000000         0x00020000         xrw
CCRAM            0x10000000         0x00010000         xrw
*default*        0x00000000         0xffffffff

Linker script and memory map

LOAD c:/program files (x86)/embitz/1.11/share/em_armgcc/bin/../lib/gcc/arm-none-eabi/5.4.1/armv7e-m/fpu/crti.o
LOAD c:/program files (x86)/embitz/1.11/share/em_armgcc/bin/../lib/gcc/arm-none-eabi/5.4.1/armv7e-m/fpu/crtbegin.o
LOAD c:/program files (x86)/embitz/1.11/share/em_armgcc/bin/../lib/gcc/arm-none-eabi/5.4.1/../../../../arm-none-eabi/lib/armv7e-m/fpu/crt0.o
                0x00000000                __HEAP_SIZE = 0x0
                0x00000100                __STACK_SIZE = 0x100

.text           0x08000000     0x93c4
 *(.isr_vector)
 .isr_vector    0x08000000      0x188 obj\debug\src\startup_stm32f4xx.o
                0x08000000                __isr_vector
 *(.text*)
 .text          0x08000188       0x5c c:/program files (x86)/embitz/1.11/share/em_armgcc/bin/../lib/gcc/arm-none-eabi/5.4.1/armv7e-m/fpu/crtbegin.o
 .text          0x080001e4       0x74 c:/program files (x86)/embitz/1.11/share/em_armgcc/bin/../lib/gcc/arm-none-eabi/5.4.1/../../../../arm-none-eabi/lib/armv7e-m/fpu/crt0.o
                0x080001e4                _start
                0x080001e4                _mainCRTStartup
 .text.SysTick_Init
                0x08000258       0x20 obj\debug\spl\src\delay.o
                0x08000258                SysTick_Init
 .text.SysTick_Handler
                0x08000278       0x1c obj\debug\spl\src\delay.o
                0x08000278                SysTick_Handler
 .text.SysTick32
                0x08000294       0x24 obj\debug\spl\src\delay.o
                0x08000294                SysTick32
 .text.delay_us
                0x080002b8       0x34 obj\debug\spl\src\delay.o
                0x080002b8                delay_us
 .text.delay_ms
                0x080002ec       0x28 obj\debug\spl\src\delay.o
                0x080002ec                delay_ms
 .text.disk_initialize
                0x08000314       0x44 obj\debug\spl\src\diskio.o
                0x08000314                disk_initialize
 .text.disk_status
                0x08000358       0x48 obj\debug\spl\src\diskio.o
                0x08000358                disk_status
 .text.disk_read
                0x080003a0       0x5c obj\debug\spl\src\diskio.o
                0x080003a0                disk_read
 .text.disk_write
                0x080003fc       0x5c obj\debug\spl\src\diskio.o
                0x080003fc                disk_write
 .text.disk_ioctl
                0x08000458       0x54 obj\debug\spl\src\diskio.o
                0x08000458                disk_ioctl
 .text.get_fattime
                0x080004ac       0x14 obj\debug\spl\src\diskio.o
                0x080004ac                get_fattime
 .text.TM_FATFS_USB_disk_initialize
                0x080004c0       0x10 obj\debug\spl\src\diskio.o
                0x080004c0                TM_FATFS_USB_disk_initialize
 .text.TM_FATFS_SDRAM_disk_initialize
                0x080004d0       0x10 obj\debug\spl\src\diskio.o
                0x080004d0                TM_FATFS_SDRAM_disk_initialize
 .text.TM_FATFS_SPI_FLASH_disk_initialize
                0x080004e0       0x10 obj\debug\spl\src\diskio.o
                0x080004e0                TM_FATFS_SPI_FLASH_disk_initialize
 .text.TM_FATFS_USB_disk_status
                0x080004f0       0x10 obj\debug\spl\src\diskio.o
                0x080004f0                TM_FATFS_USB_disk_status
 .text.TM_FATFS_SDRAM_disk_status
                0x08000500       0x10 obj\debug\spl\src\diskio.o
                0x08000500                TM_FATFS_SDRAM_disk_status
 .text.TM_FATFS_SPI_FLASH_disk_status
                0x08000510       0x10 obj\debug\spl\src\diskio.o
                0x08000510                TM_FATFS_SPI_FLASH_disk_status
 .text.TM_FATFS_USB_disk_ioctl
                0x08000520       0x1c obj\debug\spl\src\diskio.o
                0x08000520                TM_FATFS_USB_disk_ioctl
 .text.TM_FATFS_SDRAM_disk_ioctl
                0x0800053c       0x1c obj\debug\spl\src\diskio.o
                0x0800053c                TM_FATFS_SDRAM_disk_ioctl
 .text.TM_FATFS_SPI_FLASH_disk_ioctl
                0x08000558       0x1c obj\debug\spl\src\diskio.o
                0x08000558                TM_FATFS_SPI_FLASH_disk_ioctl
 .text.TM_FATFS_USB_disk_read
                0x08000574       0x1c obj\debug\spl\src\diskio.o
                0x08000574                TM_FATFS_USB_disk_read
 .text.TM_FATFS_SDRAM_disk_read
                0x08000590       0x1c obj\debug\spl\src\diskio.o
                0x08000590                TM_FATFS_SDRAM_disk_read
 .text.TM_FATFS_SPI_FLASH_disk_read
                0x080005ac       0x1c obj\debug\spl\src\diskio.o
                0x080005ac                TM_FATFS_SPI_FLASH_disk_read
 .text.TM_FATFS_USB_disk_write
                0x080005c8       0x1c obj\debug\spl\src\diskio.o
                0x080005c8                TM_FATFS_USB_disk_write
 .text.TM_FATFS_SDRAM_disk_write
                0x080005e4       0x1c obj\debug\spl\src\diskio.o
                0x080005e4                TM_FATFS_SDRAM_disk_write
 .text.TM_FATFS_SPI_FLASH_disk_write
                0x08000600       0x1c obj\debug\spl\src\diskio.o
                0x08000600                TM_FATFS_SPI_FLASH_disk_write
 .text.TM_FATFS_SDIO_WriteEnabled
                0x0800061c       0x10 obj\debug\spl\src\fatfs_sd_sdio.o
                0x0800061c                TM_FATFS_SDIO_WriteEnabled
 .text.TM_FATFS_SD_SDIO_disk_initialize
                0x0800062c       0xa8 obj\debug\spl\src\fatfs_sd_sdio.o
                0x0800062c                TM_FATFS_SD_SDIO_disk_initialize
 .text.TM_FATFS_SD_SDIO_disk_status
                0x080006d4       0x4c obj\debug\spl\src\fatfs_sd_sdio.o
                0x080006d4                TM_FATFS_SD_SDIO_disk_status
 .text.TM_FATFS_SD_SDIO_disk_read
                0x08000720      0x120 obj\debug\spl\src\fatfs_sd_sdio.o
                0x08000720                TM_FATFS_SD_SDIO_disk_read
 .text.TM_FATFS_SD_SDIO_disk_write
                0x08000840      0x128 obj\debug\spl\src\fatfs_sd_sdio.o
                0x08000840                TM_FATFS_SD_SDIO_disk_write
 .text.TM_FATFS_SD_SDIO_disk_ioctl
                0x08000968       0x4c obj\debug\spl\src\fatfs_sd_sdio.o
                0x08000968                TM_FATFS_SD_SDIO_disk_ioctl
 .text.SDIO_IRQHandler
                0x080009b4        0xc obj\debug\spl\src\fatfs_sd_sdio.o
                0x080009b4                SDIO_IRQHandler
 .text.DMA2_Stream3_IRQHandler
                0x080009c0        0xc obj\debug\spl\src\fatfs_sd_sdio.o
                0x080009c0                DMA2_Stream3_IRQHandler
 .text.SD_Init  0x080009cc       0xb8 obj\debug\spl\src\fatfs_sd_sdio.o
                0x080009cc                SD_Init
 .text.SD_GetStatus
                0x08000a84       0x30 obj\debug\spl\src\fatfs_sd_sdio.o
                0x08000a84                SD_GetStatus
 .text.SD_GetState
                0x08000ab4       0x40 obj\debug\spl\src\fatfs_sd_sdio.o
                0x08000ab4                SD_GetState
 .text.SD_Detect
                0x08000af4       0x24 obj\debug\spl\src\fatfs_sd_sdio.o
                0x08000af4                SD_Detect
 .text.SD_PowerON
                0x08000b18      0x22c obj\debug\spl\src\fatfs_sd_sdio.o
                0x08000b18                SD_PowerON
 .text.SD_InitializeCards
                0x08000d44      0x188 obj\debug\spl\src\fatfs_sd_sdio.o
                0x08000d44                SD_InitializeCards
 .text.SD_GetCardInfo
                0x08000ecc      0x580 obj\debug\spl\src\fatfs_sd_sdio.o
                0x08000ecc                SD_GetCardInfo
 .text.SD_EnableWideBusOperation
                0x0800144c       0xd8 obj\debug\spl\src\fatfs_sd_sdio.o
                0x0800144c                SD_EnableWideBusOperation
 .text.SD_SelectDeselect
                0x08001524       0x4c obj\debug\spl\src\fatfs_sd_sdio.o
                0x08001524                SD_SelectDeselect
 .text.SD_ReadMultiBlocks
                0x08001570      0x138 obj\debug\spl\src\fatfs_sd_sdio.o
                0x08001570                SD_ReadMultiBlocks
 .text.SD_WaitReadOperation
                0x080016a8       0xbc obj\debug\spl\src\fatfs_sd_sdio.o
                0x080016a8                SD_WaitReadOperation
 .text.SD_WriteMultiBlocks
                0x08001764      0x1b4 obj\debug\spl\src\fatfs_sd_sdio.o
                0x08001764                SD_WriteMultiBlocks
 .text.SD_WaitWriteOperation
                0x08001918       0xbc obj\debug\spl\src\fatfs_sd_sdio.o
                0x08001918                SD_WaitWriteOperation
 .text.SD_StopTransfer
                0x080019d4       0x48 obj\debug\spl\src\fatfs_sd_sdio.o
                0x080019d4                SD_StopTransfer
 .text.SD_SendStatus
                0x08001a1c       0x78 obj\debug\spl\src\fatfs_sd_sdio.o
                0x08001a1c                SD_SendStatus
 .text.SD_ProcessIRQSrc
                0x08001a94       0xd4 obj\debug\spl\src\fatfs_sd_sdio.o
                0x08001a94                SD_ProcessIRQSrc
 .text.SD_ProcessDMAIRQ
                0x08001b68       0x30 obj\debug\spl\src\fatfs_sd_sdio.o
                0x08001b68                SD_ProcessDMAIRQ
 .text.CmdError
                0x08001b98       0x50 obj\debug\spl\src\fatfs_sd_sdio.o
 .text.CmdResp7Error
                0x08001be8       0x7c obj\debug\spl\src\fatfs_sd_sdio.o
 .text.CmdResp1Error
                0x08001c64      0x1a4 obj\debug\spl\src\fatfs_sd_sdio.o
 .text.CmdResp3Error
                0x08001e08       0x54 obj\debug\spl\src\fatfs_sd_sdio.o
 .text.CmdResp2Error
                0x08001e5c       0x6c obj\debug\spl\src\fatfs_sd_sdio.o
 .text.CmdResp6Error
                0x08001ec8       0xd0 obj\debug\spl\src\fatfs_sd_sdio.o
 .text.SDEnWideBus
                0x08001f98      0x180 obj\debug\spl\src\fatfs_sd_sdio.o
 .text.FindSCR  0x08002118      0x204 obj\debug\spl\src\fatfs_sd_sdio.o
 .text.SD_LowLevel_DeInit
                0x0800231c       0x58 obj\debug\spl\src\fatfs_sd_sdio.o
                0x0800231c                SD_LowLevel_DeInit
 .text.SD_LowLevel_Init
                0x08002374       0x5c obj\debug\spl\src\fatfs_sd_sdio.o
                0x08002374                SD_LowLevel_Init
 .text.SD_LowLevel_DMA_TxConfig
                0x080023d0       0xa0 obj\debug\spl\src\fatfs_sd_sdio.o
                0x080023d0                SD_LowLevel_DMA_TxConfig
 .text.SD_LowLevel_DMA_RxConfig
                0x08002470       0xa4 obj\debug\spl\src\fatfs_sd_sdio.o
                0x08002470                SD_LowLevel_DMA_RxConfig
 .text.mem_cpy  0x08002514       0x3c obj\debug\spl\src\ff.o
 .text.mem_set  0x08002550       0x34 obj\debug\spl\src\ff.o
 .text.mem_cmp  0x08002584       0x50 obj\debug\spl\src\ff.o
 .text.chk_chr  0x080025d4       0x38 obj\debug\spl\src\ff.o
 .text.sync_window
                0x0800260c       0x88 obj\debug\spl\src\ff.o
 .text.move_window
                0x08002694       0x5c obj\debug\spl\src\ff.o
 .text.sync_fs  0x080026f0      0x13c obj\debug\spl\src\ff.o
 .text.clust2sect
                0x0800282c       0x40 obj\debug\spl\src\ff.o
                0x0800282c                clust2sect
 .text.get_fat  0x0800286c      0x174 obj\debug\spl\src\ff.o
                0x0800286c                get_fat
 .text.put_fat  0x080029e0      0x210 obj\debug\spl\src\ff.o
                0x080029e0                put_fat
 .text.remove_chain
                0x08002bf0       0xa8 obj\debug\spl\src\ff.o
 .text.create_chain
                0x08002c98      0x128 obj\debug\spl\src\ff.o
 .text.dir_sdi  0x08002dc0      0x100 obj\debug\spl\src\ff.o
 .text.dir_next
                0x08002ec0      0x1a8 obj\debug\spl\src\ff.o
 .text.dir_alloc
                0x08003068       0x8c obj\debug\spl\src\ff.o
 .text.ld_clust
                0x080030f4       0x5c obj\debug\spl\src\ff.o
 .text.st_clust
                0x08003150       0x48 obj\debug\spl\src\ff.o
 .text.cmp_lfn  0x08003198       0xdc obj\debug\spl\src\ff.o
 .text.fit_lfn  0x08003274       0xec obj\debug\spl\src\ff.o
 .text.gen_numname
                0x08003360      0x11c obj\debug\spl\src\ff.o
 .text.sum_sfn  0x0800347c       0x44 obj\debug\spl\src\ff.o
 .text.dir_find
                0x080034c0      0x168 obj\debug\spl\src\ff.o
 .text.dir_register
                0x08003628      0x200 obj\debug\spl\src\ff.o
 .text.create_name
                0x08003828      0x3f8 obj\debug\spl\src\ff.o
 .text.follow_path
                0x08003c20      0x108 obj\debug\spl\src\ff.o
 .text.get_ldnumber
                0x08003d28      0x10c obj\debug\spl\src\ff.o
 .text.check_fs
                0x08003e34       0xd0 obj\debug\spl\src\ff.o
 .text.find_volume
                0x08003f04      0x568 obj\debug\spl\src\ff.o
 .text.validate
                0x0800446c       0x5c obj\debug\spl\src\ff.o
 .text.f_mount  0x080044c8       0x88 obj\debug\spl\src\ff.o
                0x080044c8                f_mount
 .text.f_open   0x08004550      0x344 obj\debug\spl\src\ff.o
                0x08004550                f_open
 .text.f_read   0x08004894      0x270 obj\debug\spl\src\ff.o
                0x08004894                f_read
 .text.f_sync   0x08004b04      0x148 obj\debug\spl\src\ff.o
                0x08004b04                f_sync
 .text.f_close  0x08004c4c       0x38 obj\debug\spl\src\ff.o
                0x08004c4c                f_close
 .text.NVIC_PriorityGroupConfig
                0x08004c84       0x28 obj\debug\spl\src\misc.o
                0x08004c84                NVIC_PriorityGroupConfig
 .text.NVIC_Init
                0x08004cac       0xc4 obj\debug\spl\src\misc.o
                0x08004cac                NVIC_Init
 .text.DMA_DeInit
                0x08004d70      0x1a8 obj\debug\spl\src\stm32f4xx_dma.o
                0x08004d70                DMA_DeInit
 .text.DMA_Init
                0x08004f18       0xb0 obj\debug\spl\src\stm32f4xx_dma.o
                0x08004f18                DMA_Init
 .text.DMA_Cmd  0x08004fc8       0x38 obj\debug\spl\src\stm32f4xx_dma.o
                0x08004fc8                DMA_Cmd
 .text.DMA_FlowControllerConfig
                0x08005000       0x38 obj\debug\spl\src\stm32f4xx_dma.o
                0x08005000                DMA_FlowControllerConfig
 .text.DMA_ClearFlag
                0x08005038       0x5c obj\debug\spl\src\stm32f4xx_dma.o
                0x08005038                DMA_ClearFlag
 .text.DMA_ITConfig
                0x08005094       0x74 obj\debug\spl\src\stm32f4xx_dma.o
                0x08005094                DMA_ITConfig
 .text.GPIO_Init
                0x08005108      0x11c obj\debug\spl\src\stm32f4xx_gpio.o
                0x08005108                GPIO_Init
 .text.GPIO_PinAFConfig
                0x08005224       0x94 obj\debug\spl\src\stm32f4xx_gpio.o
                0x08005224                GPIO_PinAFConfig
 .text.RCC_DeInit
                0x080052b8       0x50 obj\debug\spl\src\stm32f4xx_rcc.o
                0x080052b8                RCC_DeInit
 .text.RCC_GetClocksFreq
                0x08005308      0x154 obj\debug\spl\src\stm32f4xx_rcc.o
                0x08005308                RCC_GetClocksFreq
 .text.RCC_AHB1PeriphClockCmd
                0x0800545c       0x40 obj\debug\spl\src\stm32f4xx_rcc.o
                0x0800545c                RCC_AHB1PeriphClockCmd
 .text.RCC_APB2PeriphClockCmd
                0x0800549c       0x40 obj\debug\spl\src\stm32f4xx_rcc.o
                0x0800549c                RCC_APB2PeriphClockCmd
 .text.RCC_APB2PeriphResetCmd
                0x080054dc       0x40 obj\debug\spl\src\stm32f4xx_rcc.o
                0x080054dc                RCC_APB2PeriphResetCmd
 .text.SDIO_DeInit
                0x0800551c       0x1c obj\debug\spl\src\stm32f4xx_sdio.o
                0x0800551c                SDIO_DeInit
 .text.SDIO_Init
                0x08005538       0x60 obj\debug\spl\src\stm32f4xx_sdio.o
                0x08005538                SDIO_Init
 .text.SDIO_ClockCmd
                0x08005598       0x20 obj\debug\spl\src\stm32f4xx_sdio.o
                0x08005598                SDIO_ClockCmd
 .text.SDIO_SetPowerState
                0x080055b8       0x20 obj\debug\spl\src\stm32f4xx_sdio.o
                0x080055b8                SDIO_SetPowerState
 .text.SDIO_GetPowerState
                0x080055d8       0x1c obj\debug\spl\src\stm32f4xx_sdio.o
                0x080055d8                SDIO_GetPowerState
 .text.SDIO_SendCommand
                0x080055f4       0x58 obj\debug\spl\src\stm32f4xx_sdio.o
                0x080055f4                SDIO_SendCommand
 .text.SDIO_GetCommandResponse
                0x0800564c       0x18 obj\debug\spl\src\stm32f4xx_sdio.o
                0x0800564c                SDIO_GetCommandResponse
 .text.SDIO_GetResponse
                0x08005664       0x28 obj\debug\spl\src\stm32f4xx_sdio.o
                0x08005664                SDIO_GetResponse
 .text.SDIO_DataConfig
                0x0800568c       0x5c obj\debug\spl\src\stm32f4xx_sdio.o
                0x0800568c                SDIO_DataConfig
 .text.SDIO_ReadData
                0x080056e8       0x18 obj\debug\spl\src\stm32f4xx_sdio.o
                0x080056e8                SDIO_ReadData
 .text.SDIO_DMACmd
                0x08005700       0x20 obj\debug\spl\src\stm32f4xx_sdio.o
                0x08005700                SDIO_DMACmd
 .text.SDIO_GetFlagStatus
                0x08005720       0x34 obj\debug\spl\src\stm32f4xx_sdio.o
                0x08005720                SDIO_GetFlagStatus
 .text.SDIO_GetITStatus
                0x08005754       0x34 obj\debug\spl\src\stm32f4xx_sdio.o
                0x08005754                SDIO_GetITStatus
 .text.SDIO_ClearITPendingBit
                0x08005788       0x20 obj\debug\spl\src\stm32f4xx_sdio.o
                0x08005788                SDIO_ClearITPendingBit
 .text.TIM_TimeBaseInit
                0x080057a8       0xd8 obj\debug\spl\src\stm32f4xx_tim.o
                0x080057a8                TIM_TimeBaseInit
 .text.TIM_ARRPreloadConfig
                0x08005880       0x40 obj\debug\spl\src\stm32f4xx_tim.o
                0x08005880                TIM_ARRPreloadConfig
 .text.TIM_Cmd  0x080058c0       0x40 obj\debug\spl\src\stm32f4xx_tim.o
                0x080058c0                TIM_Cmd
 .text.TIM_OC1Init
                0x08005900       0xf4 obj\debug\spl\src\stm32f4xx_tim.o
                0x08005900                TIM_OC1Init
 .text.TIM_OC2Init
                0x080059f4      0x110 obj\debug\spl\src\stm32f4xx_tim.o
                0x080059f4                TIM_OC2Init
 .text.TIM_OC3Init
                0x08005b04      0x10c obj\debug\spl\src\stm32f4xx_tim.o
                0x08005b04                TIM_OC3Init
 .text.TIM_OC1PreloadConfig
                0x08005c10       0x38 obj\debug\spl\src\stm32f4xx_tim.o
                0x08005c10                TIM_OC1PreloadConfig
 .text.TIM_OC2PreloadConfig
                0x08005c48       0x3c obj\debug\spl\src\stm32f4xx_tim.o
                0x08005c48                TIM_OC2PreloadConfig
 .text.TIM_OC3PreloadConfig
                0x08005c84       0x38 obj\debug\spl\src\stm32f4xx_tim.o
                0x08005c84                TIM_OC3PreloadConfig
 .text.TIM_CtrlPWMOutputs
                0x08005cbc       0x4c obj\debug\spl\src\stm32f4xx_tim.o
                0x08005cbc                TIM_CtrlPWMOutputs
 .text.USART_Init
                0x08005d08      0x174 obj\debug\spl\src\stm32f4xx_usart.o
                0x08005d08                USART_Init
 .text.USART_Cmd
                0x08005e7c       0x40 obj\debug\spl\src\stm32f4xx_usart.o
                0x08005e7c                USART_Cmd
 .text.USART_ITConfig
                0x08005ebc       0x90 obj\debug\spl\src\stm32f4xx_usart.o
                0x08005ebc                USART_ITConfig
 .text.TM_FATFS_CheckCardDetectPin
                0x08005f4c       0x18 obj\debug\spl\src\tm_stm32f4_fatfs.o
                0x08005f4c                TM_FATFS_CheckCardDetectPin
 .text.TM_GPIO_InitAlternate
                0x08005f64       0xa8 obj\debug\spl\src\tm_stm32f4_gpio.o
                0x08005f64                TM_GPIO_InitAlternate
 .text.TM_GPIO_DeInit
                0x0800600c       0x80 obj\debug\spl\src\tm_stm32f4_gpio.o
                0x0800600c                TM_GPIO_DeInit
 .text.TM_GPIO_SetPullResistor
                0x0800608c       0x64 obj\debug\spl\src\tm_stm32f4_gpio.o
                0x0800608c                TM_GPIO_SetPullResistor
 .text.TM_GPIO_GetPortSource
                0x080060f0       0x24 obj\debug\spl\src\tm_stm32f4_gpio.o
                0x080060f0                TM_GPIO_GetPortSource
 .text.TM_GPIO_INT_EnableClock
                0x08006114       0x30 obj\debug\spl\src\tm_stm32f4_gpio.o
                0x08006114                TM_GPIO_INT_EnableClock
 .text.TM_GPIO_INT_Init
                0x08006144      0x10c obj\debug\spl\src\tm_stm32f4_gpio.o
                0x08006144                TM_GPIO_INT_Init
 .text.NVIC_EnableIRQ
                0x08006250       0x34 obj\debug\spl\src\uart.o
 .text.UART1_Config
                0x08006284       0xe4 obj\debug\spl\src\uart.o
                0x08006284                UART1_Config
 .text._write   0x08006368       0x50 obj\debug\spl\src\uart.o
                0x08006368                _write
 .text.ff_convert
                0x080063b8       0x78 obj\debug\spl\src\unicode.o
                0x080063b8                ff_convert
 .text.ff_wtoupper
                0x08006430       0x5c obj\debug\spl\src\unicode.o
                0x08006430                ff_wtoupper
 .text.System_Configuration
                0x0800648c       0xe0 obj\debug\src\main.o
                0x0800648c                System_Configuration
 .text.TIM_PWM_Configuration
                0x0800656c       0xec obj\debug\src\main.o
                0x0800656c                TIM_PWM_Configuration
 .text.Button_Config
                0x08006658       0x38 obj\debug\src\main.o
 .text.seconds_to_time
                0x08006690      0x10c obj\debug\src\main.o
                0x08006690                seconds_to_time
 .text.main     0x0800679c      0x668 obj\debug\src\main.o
                0x0800679c                main
 .text          0x08006e04      0x108 obj\debug\src\startup_stm32f4xx.o
                0x08006e04                Reset_Handler
                0x08006e4a                NMI_Handler
                0x08006e4c                HardFault_Handler
                0x08006e4e                MemManage_Handler
                0x08006e50                BusFault_Handler
                0x08006e52                UsageFault_Handler
                0x08006e54                SVC_Handler
                0x08006e56                DebugMon_Handler
                0x08006e58                PendSV_Handler
                0x08006e5c                Default_Handler
                0x08006e5e                WWDG_IRQHandler
                0x08006e60                PVD_IRQHandler
                0x08006e62                TAMP_STAMP_IRQHandler
                0x08006e64                RTC_WKUP_IRQHandler
                0x08006e66                FLASH_IRQHandler
                0x08006e68                RCC_IRQHandler
                0x08006e6a                EXTI0_IRQHandler
                0x08006e6c                EXTI1_IRQHandler
                0x08006e6e                EXTI2_IRQHandler
                0x08006e70                EXTI3_IRQHandler
                0x08006e72                EXTI4_IRQHandler
                0x08006e74                DMA1_Stream0_IRQHandler
                0x08006e76                DMA1_Stream1_IRQHandler
                0x08006e78                DMA1_Stream2_IRQHandler
                0x08006e7a                DMA1_Stream3_IRQHandler
                0x08006e7c                DMA1_Stream4_IRQHandler
                0x08006e7e                DMA1_Stream5_IRQHandler
                0x08006e80                DMA1_Stream6_IRQHandler
                0x08006e82                ADC_IRQHandler
                0x08006e84                CAN1_TX_IRQHandler
                0x08006e86                CAN1_RX0_IRQHandler
                0x08006e88                CAN1_RX1_IRQHandler
                0x08006e8a                CAN1_SCE_IRQHandler
                0x08006e8c                EXTI9_5_IRQHandler
                0x08006e8e                TIM1_BRK_TIM9_IRQHandler
                0x08006e90                TIM1_UP_TIM10_IRQHandler
                0x08006e92                TIM1_TRG_COM_TIM11_IRQHandler
                0x08006e94                TIM1_CC_IRQHandler
                0x08006e96                TIM2_IRQHandler
                0x08006e98                TIM3_IRQHandler
                0x08006e9a                TIM4_IRQHandler
                0x08006e9c                I2C1_EV_IRQHandler
                0x08006e9e                I2C1_ER_IRQHandler
                0x08006ea0                I2C2_EV_IRQHandler
                0x08006ea2                I2C2_ER_IRQHandler
                0x08006ea4                SPI1_IRQHandler
                0x08006ea6                SPI2_IRQHandler
                0x08006ea8                USART1_IRQHandler
                0x08006eaa                USART2_IRQHandler
                0x08006eac                USART3_IRQHandler
                0x08006eae                EXTI15_10_IRQHandler
                0x08006eb0                RTC_Alarm_IRQHandler
                0x08006eb2                OTG_FS_WKUP_IRQHandler
                0x08006eb4                TIM8_BRK_TIM12_IRQHandler
                0x08006eb6                TIM8_UP_TIM13_IRQHandler
                0x08006eb8                TIM8_TRG_COM_TIM14_IRQHandler
                0x08006eba                TIM8_CC_IRQHandler
                0x08006ebc                DMA1_Stream7_IRQHandler
                0x08006ebe                FSMC_IRQHandler
                0x08006ec2                TIM5_IRQHandler
                0x08006ec4                SPI3_IRQHandler
                0x08006ec6                UART4_IRQHandler
                0x08006ec8                UART5_IRQHandler
                0x08006eca                TIM6_DAC_IRQHandler
                0x08006ecc                TIM7_IRQHandler
                0x08006ece                DMA2_Stream0_IRQHandler
                0x08006ed0                DMA2_Stream1_IRQHandler
                0x08006ed2                DMA2_Stream2_IRQHandler
                0x08006ed6                DMA2_Stream4_IRQHandler
                0x08006ed8                ETH_IRQHandler
                0x08006eda                ETH_WKUP_IRQHandler
                0x08006edc                CAN2_TX_IRQHandler
                0x08006ede                CAN2_RX0_IRQHandler
                0x08006ee0                CAN2_RX1_IRQHandler
                0x08006ee2                CAN2_SCE_IRQHandler
                0x08006ee4                OTG_FS_IRQHandler
                0x08006ee6                DMA2_Stream5_IRQHandler
                0x08006ee8                DMA2_Stream6_IRQHandler
                0x08006eea                DMA2_Stream7_IRQHandler
                0x08006eec                USART6_IRQHandler
                0x08006eee                I2C3_EV_IRQHandler
                0x08006ef0                I2C3_ER_IRQHandler
                0x08006ef2                OTG_HS_EP1_OUT_IRQHandler
                0x08006ef4                OTG_HS_EP1_IN_IRQHandler
                0x08006ef6                OTG_HS_WKUP_IRQHandler
                0x08006ef8                OTG_HS_IRQHandler
                0x08006efa                DCMI_IRQHandler
                0x08006efc                CRYP_IRQHandler
                0x08006efe                HASH_RNG_IRQHandler
                0x08006f00                FPU_IRQHandler
 .text.SystemInit
                0x08006f0c       0x6c obj\debug\src\system_stm32f4xx.o
                0x08006f0c                SystemInit
 .text.SystemCoreClockUpdate
                0x08006f78       0xfc obj\debug\src\system_stm32f4xx.o
                0x08006f78                SystemCoreClockUpdate
 .text.SetSysClock
                0x08007074       0xf8 obj\debug\src\system_stm32f4xx.o
 .text          0x0800716c      0x370 c:/program files (x86)/embitz/1.11/share/em_armgcc/bin/../lib/gcc/arm-none-eabi/5.4.1/armv7e-m/fpu\libgcc.a(_arm_addsubdf3.o)
                0x0800716c                __aeabi_drsub
                0x08007174                __aeabi_dsub
                0x08007174                __subdf3
                0x08007178                __aeabi_dadd
                0x08007178                __adddf3
                0x080073f0                __floatunsidf
                0x080073f0                __aeabi_ui2d
                0x08007410                __floatsidf
                0x08007410                __aeabi_i2d
                0x08007434                __aeabi_f2d
                0x08007434                __extendsfdf2
                0x08007470                __floatundidf
                0x08007470                __aeabi_ul2d
                0x08007480                __floatdidf
                0x08007480                __aeabi_l2d
 .text.atoi     0x080074dc        0x8 c:/program files (x86)/embitz/1.11/share/em_armgcc/bin/../lib/gcc/arm-none-eabi/5.4.1/../../../../arm-none-eabi/lib/armv7e-m/fpu\libg_n.a(lib_a-atoi.o)
                0x080074dc                atoi
 .text.exit     0x080074e4       0x28 c:/program files (x86)/embitz/1.11/share/em_armgcc/bin/../lib/gcc/arm-none-eabi/5.4.1/../../../../arm-none-eabi/lib/armv7e-m/fpu\libg_n.a(lib_a-exit.o)
                0x080074e4                exit
 .text.__libc_init_array
                0x0800750c       0x4c c:/program files (x86)/embitz/1.11/share/em_armgcc/bin/../lib/gcc/arm-none-eabi/5.4.1/../../../../arm-none-eabi/lib/armv7e-m/fpu\libg_n.a(lib_a-init.o)
                0x0800750c                __libc_init_array
 .text.malloc   0x08007558       0x10 c:/program files (x86)/embitz/1.11/share/em_armgcc/bin/../lib/gcc/arm-none-eabi/5.4.1/../../../../arm-none-eabi/lib/armv7e-m/fpu\libg_n.a(lib_a-malloc.o)
                0x08007558                malloc
 .text.memcpy   0x08007568       0x16 c:/program files (x86)/embitz/1.11/share/em_armgcc/bin/../lib/gcc/arm-none-eabi/5.4.1/../../../../arm-none-eabi/lib/armv7e-m/fpu\libg_n.a(lib_a-memcpy-stub.o)
                0x08007568                memcpy
 .text.memset   0x0800757e       0x10 c:/program files (x86)/embitz/1.11/share/em_armgcc/bin/../lib/gcc/arm-none-eabi/5.4.1/../../../../arm-none-eabi/lib/armv7e-m/fpu\libg_n.a(lib_a-memset.o)
                0x0800757e                memset
 *fill*         0x0800758e        0x2 
 .text._free_r  0x08007590       0x9c c:/program files (x86)/embitz/1.11/share/em_armgcc/bin/../lib/gcc/arm-none-eabi/5.4.1/../../../../arm-none-eabi/lib/armv7e-m/fpu\libg_n.a(lib_a-nano-freer.o)
                0x08007590                _free_r
 .text._malloc_r
                0x0800762c       0xbc c:/program files (x86)/embitz/1.11/share/em_armgcc/bin/../lib/gcc/arm-none-eabi/5.4.1/../../../../arm-none-eabi/lib/armv7e-m/fpu\libg_n.a(lib_a-nano-mallocr.o)
                0x0800762c                _malloc_r
 .text.printf   0x080076e8       0x30 c:/program files (x86)/embitz/1.11/share/em_armgcc/bin/../lib/gcc/arm-none-eabi/5.4.1/../../../../arm-none-eabi/lib/armv7e-m/fpu\libg_n.a(lib_a-printf.o)
                0x080076e8                iprintf
                0x080076e8                printf
 .text._sbrk_r  0x08007718       0x20 c:/program files (x86)/embitz/1.11/share/em_armgcc/bin/../lib/gcc/arm-none-eabi/5.4.1/../../../../arm-none-eabi/lib/armv7e-m/fpu\libg_n.a(lib_a-sbrkr.o)
                0x08007718                _sbrk_r
 .text.sprintf  0x08007738       0x48 c:/program files (x86)/embitz/1.11/share/em_armgcc/bin/../lib/gcc/arm-none-eabi/5.4.1/../../../../arm-none-eabi/lib/armv7e-m/fpu\libg_n.a(lib_a-sprintf.o)
                0x08007738                siprintf
                0x08007738                sprintf
 .text.strchr   0x08007780       0x1c c:/program files (x86)/embitz/1.11/share/em_armgcc/bin/../lib/gcc/arm-none-eabi/5.4.1/../../../../arm-none-eabi/lib/armv7e-m/fpu\libg_n.a(lib_a-strchr.o)
                0x08007780                strchr
 .text.strncpy  0x0800779c       0x26 c:/program files (x86)/embitz/1.11/share/em_armgcc/bin/../lib/gcc/arm-none-eabi/5.4.1/../../../../arm-none-eabi/lib/armv7e-m/fpu\libg_n.a(lib_a-strncpy.o)
                0x0800779c                strncpy
 *fill*         0x080077c2        0x2 
 .text._strtol_r
                0x080077c4      0x10c c:/program files (x86)/embitz/1.11/share/em_armgcc/bin/../lib/gcc/arm-none-eabi/5.4.1/../../../../arm-none-eabi/lib/armv7e-m/fpu\libg_n.a(lib_a-strtol.o)
                0x080077c4                _strtol_r
 .text.strtol   0x080078d0       0x14 c:/program files (x86)/embitz/1.11/share/em_armgcc/bin/../lib/gcc/arm-none-eabi/5.4.1/../../../../arm-none-eabi/lib/armv7e-m/fpu\libg_n.a(lib_a-strtol.o)
                0x080078d0                strtol
 .text._cleanup_r
                0x080078e4        0xc c:/program files (x86)/embitz/1.11/share/em_armgcc/bin/../lib/gcc/arm-none-eabi/5.4.1/../../../../arm-none-eabi/lib/armv7e-m/fpu\libg_n.a(lib_a-findfp.o)
                0x080078e4                _cleanup_r
 .text.std.isra.0
                0x080078f0       0x48 c:/program files (x86)/embitz/1.11/share/em_armgcc/bin/../lib/gcc/arm-none-eabi/5.4.1/../../../../arm-none-eabi/lib/armv7e-m/fpu\libg_n.a(lib_a-findfp.o)
 .text.__sfmoreglue
                0x08007938       0x2c c:/program files (x86)/embitz/1.11/share/em_armgcc/bin/../lib/gcc/arm-none-eabi/5.4.1/../../../../arm-none-eabi/lib/armv7e-m/fpu\libg_n.a(lib_a-findfp.o)
                0x08007938                __sfmoreglue
 .text.__sinit  0x08007964       0x60 c:/program files (x86)/embitz/1.11/share/em_armgcc/bin/../lib/gcc/arm-none-eabi/5.4.1/../../../../arm-none-eabi/lib/armv7e-m/fpu\libg_n.a(lib_a-findfp.o)
                0x08007964                __sinit
 .text.__sfp    0x080079c4       0x78 c:/program files (x86)/embitz/1.11/share/em_armgcc/bin/../lib/gcc/arm-none-eabi/5.4.1/../../../../arm-none-eabi/lib/armv7e-m/fpu\libg_n.a(lib_a-findfp.o)
                0x080079c4                __sfp
 .text._fwalk_reent
                0x08007a3c       0x3c c:/program files (x86)/embitz/1.11/share/em_armgcc/bin/../lib/gcc/arm-none-eabi/5.4.1/../../../../arm-none-eabi/lib/armv7e-m/fpu\libg_n.a(lib_a-fwalk.o)
                0x08007a3c                _fwalk_reent
 .text.__malloc_lock
                0x08007a78        0x2 c:/program files (x86)/embitz/1.11/share/em_armgcc/bin/../lib/gcc/arm-none-eabi/5.4.1/../../../../arm-none-eabi/lib/armv7e-m/fpu\libg_n.a(lib_a-mlock.o)
                0x08007a78                __malloc_lock
 .text.__malloc_unlock
                0x08007a7a        0x2 c:/program files (x86)/embitz/1.11/share/em_armgcc/bin/../lib/gcc/arm-none-eabi/5.4.1/../../../../arm-none-eabi/lib/armv7e-m/fpu\libg_n.a(lib_a-mlock.o)
                0x08007a7a                __malloc_unlock
 .text.__ssputs_r
                0x08007a7c       0xb2 c:/program files (x86)/embitz/1.11/share/em_armgcc/bin/../lib/gcc/arm-none-eabi/5.4.1/../../../../arm-none-eabi/lib/armv7e-m/fpu\libg_n.a(lib_a-nano-svfprintf.o)
                0x08007a7c                __ssputs_r
 *fill*         0x08007b2e        0x2 
 .text._svfprintf_r
                0x08007b30      0x1e8 c:/program files (x86)/embitz/1.11/share/em_armgcc/bin/../lib/gcc/arm-none-eabi/5.4.1/../../../../arm-none-eabi/lib/armv7e-m/fpu\libg_n.a(lib_a-nano-svfprintf.o)
                0x08007b30                _svfiprintf_r
                0x08007b30                _svfprintf_r
 .text.__sfputc_r
                0x08007d18       0x30 c:/program files (x86)/embitz/1.11/share/em_armgcc/bin/../lib/gcc/arm-none-eabi/5.4.1/../../../../arm-none-eabi/lib/armv7e-m/fpu\libg_n.a(lib_a-nano-vfprintf.o)
 .text.__sfputs_r
                0x08007d48       0x24 c:/program files (x86)/embitz/1.11/share/em_armgcc/bin/../lib/gcc/arm-none-eabi/5.4.1/../../../../arm-none-eabi/lib/armv7e-m/fpu\libg_n.a(lib_a-nano-vfprintf.o)
                0x08007d48                __sfputs_r
 .text._vfprintf_r
                0x08007d6c      0x238 c:/program files (x86)/embitz/1.11/share/em_armgcc/bin/../lib/gcc/arm-none-eabi/5.4.1/../../../../arm-none-eabi/lib/armv7e-m/fpu\libg_n.a(lib_a-nano-vfprintf.o)
                0x08007d6c                _vfprintf_r
                0x08007d6c                _vfiprintf_r
 .text._printf_common
                0x08007fa4       0xec c:/program files (x86)/embitz/1.11/share/em_armgcc/bin/../lib/gcc/arm-none-eabi/5.4.1/../../../../arm-none-eabi/lib/armv7e-m/fpu\libg_n.a(lib_a-nano-vfprintf_i.o)
                0x08007fa4                _printf_common
 .text._printf_i
                0x08008090      0x24c c:/program files (x86)/embitz/1.11/share/em_armgcc/bin/../lib/gcc/arm-none-eabi/5.4.1/../../../../arm-none-eabi/lib/armv7e-m/fpu\libg_n.a(lib_a-nano-vfprintf_i.o)
                0x08008090                _printf_i
 .text.__sread  0x080082dc       0x22 c:/program files (x86)/embitz/1.11/share/em_armgcc/bin/../lib/gcc/arm-none-eabi/5.4.1/../../../../arm-none-eabi/lib/armv7e-m/fpu\libg_n.a(lib_a-stdio.o)
                0x080082dc                __sread
 .text.__swrite
                0x080082fe       0x38 c:/program files (x86)/embitz/1.11/share/em_armgcc/bin/../lib/gcc/arm-none-eabi/5.4.1/../../../../arm-none-eabi/lib/armv7e-m/fpu\libg_n.a(lib_a-stdio.o)
                0x080082fe                __swrite
 .text.__sseek  0x08008336       0x24 c:/program files (x86)/embitz/1.11/share/em_armgcc/bin/../lib/gcc/arm-none-eabi/5.4.1/../../../../arm-none-eabi/lib/armv7e-m/fpu\libg_n.a(lib_a-stdio.o)
                0x08008336                __sseek
 .text.__sclose
                0x0800835a        0x8 c:/program files (x86)/embitz/1.11/share/em_armgcc/bin/../lib/gcc/arm-none-eabi/5.4.1/../../../../arm-none-eabi/lib/armv7e-m/fpu\libg_n.a(lib_a-stdio.o)
                0x0800835a                __sclose
 *fill*         0x08008362        0x2 
 .text.__swbuf_r
                0x08008364       0xa8 c:/program files (x86)/embitz/1.11/share/em_armgcc/bin/../lib/gcc/arm-none-eabi/5.4.1/../../../../arm-none-eabi/lib/armv7e-m/fpu\libg_n.a(lib_a-wbuf.o)
                0x08008364                __swbuf_r
 .text._write_r
                0x0800840c       0x24 c:/program files (x86)/embitz/1.11/share/em_armgcc/bin/../lib/gcc/arm-none-eabi/5.4.1/../../../../arm-none-eabi/lib/armv7e-m/fpu\libg_n.a(lib_a-writer.o)
                0x0800840c                _write_r
 .text.__swsetup_r
                0x08008430       0xdc c:/program files (x86)/embitz/1.11/share/em_armgcc/bin/../lib/gcc/arm-none-eabi/5.4.1/../../../../arm-none-eabi/lib/armv7e-m/fpu\libg_n.a(lib_a-wsetup.o)
                0x08008430                __swsetup_r
 .text._close_r
                0x0800850c       0x20 c:/program files (x86)/embitz/1.11/share/em_armgcc/bin/../lib/gcc/arm-none-eabi/5.4.1/../../../../arm-none-eabi/lib/armv7e-m/fpu\libg_n.a(lib_a-closer.o)
                0x0800850c                _close_r
 .text.__sflush_r
                0x0800852c      0x110 c:/program files (x86)/embitz/1.11/share/em_armgcc/bin/../lib/gcc/arm-none-eabi/5.4.1/../../../../arm-none-eabi/lib/armv7e-m/fpu\libg_n.a(lib_a-fflush.o)
                0x0800852c                __sflush_r
 .text._fflush_r
                0x0800863c       0x54 c:/program files (x86)/embitz/1.11/share/em_armgcc/bin/../lib/gcc/arm-none-eabi/5.4.1/../../../../arm-none-eabi/lib/armv7e-m/fpu\libg_n.a(lib_a-fflush.o)
                0x0800863c                _fflush_r
 .text._lseek_r
                0x08008690       0x24 c:/program files (x86)/embitz/1.11/share/em_armgcc/bin/../lib/gcc/arm-none-eabi/5.4.1/../../../../arm-none-eabi/lib/armv7e-m/fpu\libg_n.a(lib_a-lseekr.o)
                0x08008690                _lseek_r
 .text.__swhatbuf_r
                0x080086b4       0x46 c:/program files (x86)/embitz/1.11/share/em_armgcc/bin/../lib/gcc/arm-none-eabi/5.4.1/../../../../arm-none-eabi/lib/armv7e-m/fpu\libg_n.a(lib_a-makebuf.o)
                0x080086b4                __swhatbuf_r
 *fill*         0x080086fa        0x2 
 .text.__smakebuf_r
                0x080086fc       0x78 c:/program files (x86)/embitz/1.11/share/em_armgcc/bin/../lib/gcc/arm-none-eabi/5.4.1/../../../../arm-none-eabi/lib/armv7e-m/fpu\libg_n.a(lib_a-makebuf.o)
                0x080086fc                __smakebuf_r
 *fill*         0x08008774        0xc 
 .text          0x08008780       0xa0 c:/program files (x86)/embitz/1.11/share/em_armgcc/bin/../lib/gcc/arm-none-eabi/5.4.1/../../../../arm-none-eabi/lib/armv7e-m/fpu\libg_n.a(lib_a-memchr.o)
                0x08008780                memchr
 .text.memmove  0x08008820       0x36 c:/program files (x86)/embitz/1.11/share/em_armgcc/bin/../lib/gcc/arm-none-eabi/5.4.1/../../../../arm-none-eabi/lib/armv7e-m/fpu\libg_n.a(lib_a-memmove.o)
                0x08008820                memmove
 .text._realloc_r
                0x08008856       0x4c c:/program files (x86)/embitz/1.11/share/em_armgcc/bin/../lib/gcc/arm-none-eabi/5.4.1/../../../../arm-none-eabi/lib/armv7e-m/fpu\libg_n.a(lib_a-nano-reallocr.o)
                0x08008856                _realloc_r
 *fill*         0x080088a2        0x2 
 .text._read_r  0x080088a4       0x24 c:/program files (x86)/embitz/1.11/share/em_armgcc/bin/../lib/gcc/arm-none-eabi/5.4.1/../../../../arm-none-eabi/lib/armv7e-m/fpu\libg_n.a(lib_a-readr.o)
                0x080088a4                _read_r
 .text._fstat_r
                0x080088c8       0x24 c:/program files (x86)/embitz/1.11/share/em_armgcc/bin/../lib/gcc/arm-none-eabi/5.4.1/../../../../arm-none-eabi/lib/armv7e-m/fpu\libg_n.a(lib_a-fstatr.o)
                0x080088c8                _fstat_r
 .text._isatty_r
                0x080088ec       0x20 c:/program files (x86)/embitz/1.11/share/em_armgcc/bin/../lib/gcc/arm-none-eabi/5.4.1/../../../../arm-none-eabi/lib/armv7e-m/fpu\libg_n.a(lib_a-isattyr.o)
                0x080088ec                _isatty_r
 .text._malloc_usable_size_r
                0x0800890c       0x14 c:/program files (x86)/embitz/1.11/share/em_armgcc/bin/../lib/gcc/arm-none-eabi/5.4.1/../../../../arm-none-eabi/lib/armv7e-m/fpu\libg_n.a(lib_a-nano-msizer.o)
                0x0800890c                _malloc_usable_size_r
 .text._close   0x08008920       0x10 c:/program files (x86)/embitz/1.11/share/em_armgcc/bin/../lib/gcc/arm-none-eabi/5.4.1/../../../../arm-none-eabi/lib/armv7e-m/fpu\libnosys_s.a(close.o)
                0x08008920                _close
 .text._fstat   0x08008930       0x10 c:/program files (x86)/embitz/1.11/share/em_armgcc/bin/../lib/gcc/arm-none-eabi/5.4.1/../../../../arm-none-eabi/lib/armv7e-m/fpu\libnosys_s.a(fstat.o)
                0x08008930                _fstat
 .text._isatty  0x08008940       0x10 c:/program files (x86)/embitz/1.11/share/em_armgcc/bin/../lib/gcc/arm-none-eabi/5.4.1/../../../../arm-none-eabi/lib/armv7e-m/fpu\libnosys_s.a(isatty.o)
                0x08008940                _isatty
 .text._lseek   0x08008950       0x10 c:/program files (x86)/embitz/1.11/share/em_armgcc/bin/../lib/gcc/arm-none-eabi/5.4.1/../../../../arm-none-eabi/lib/armv7e-m/fpu\libnosys_s.a(lseek.o)
                0x08008950                _lseek
 .text._read    0x08008960       0x10 c:/program files (x86)/embitz/1.11/share/em_armgcc/bin/../lib/gcc/arm-none-eabi/5.4.1/../../../../arm-none-eabi/lib/armv7e-m/fpu\libnosys_s.a(read.o)
                0x08008960                _read
 .text._sbrk    0x08008970       0x1c c:/program files (x86)/embitz/1.11/share/em_armgcc/bin/../lib/gcc/arm-none-eabi/5.4.1/../../../../arm-none-eabi/lib/armv7e-m/fpu\libnosys_s.a(sbrk.o)
                0x08008970                _sbrk
 .text._exit    0x0800898c        0x2 c:/program files (x86)/embitz/1.11/share/em_armgcc/bin/../lib/gcc/arm-none-eabi/5.4.1/../../../../arm-none-eabi/lib/armv7e-m/fpu\libnosys_s.a(_exit.o)
                0x0800898c                _exit
 *(.init)
 *fill*         0x0800898e        0x2 
 .init          0x08008990        0x4 c:/program files (x86)/embitz/1.11/share/em_armgcc/bin/../lib/gcc/arm-none-eabi/5.4.1/armv7e-m/fpu/crti.o
                0x08008990                _init
 .init          0x08008994        0x8 c:/program files (x86)/embitz/1.11/share/em_armgcc/bin/../lib/gcc/arm-none-eabi/5.4.1/armv7e-m/fpu/crtn.o
 *(.fini)
 .fini          0x0800899c        0x4 c:/program files (x86)/embitz/1.11/share/em_armgcc/bin/../lib/gcc/arm-none-eabi/5.4.1/armv7e-m/fpu/crti.o
                0x0800899c                _fini
 .fini          0x080089a0        0x8 c:/program files (x86)/embitz/1.11/share/em_armgcc/bin/../lib/gcc/arm-none-eabi/5.4.1/armv7e-m/fpu/crtn.o
 *crtbegin.o(.ctors)
 *crtbegin?.o(.ctors)
 *(EXCLUDE_FILE(*crtend.o *crtend?.o) .ctors)
 *(SORT(.ctors.*))
 *(.ctors)
 *crtbegin.o(.dtors)
 *crtbegin?.o(.dtors)
 *(EXCLUDE_FILE(*crtend.o *crtend?.o) .dtors)
 *(SORT(.dtors.*))
 *(.dtors)
 *(.rodata*)
 .rodata.ExCvt  0x080089a8       0x80 obj\debug\spl\src\ff.o
 .rodata.LfnOfs
                0x08008a28        0xd obj\debug\spl\src\ff.o
 *fill*         0x08008a35        0x3 
 .rodata        0x08008a38       0x9a obj\debug\spl\src\ff.o
 *fill*         0x08008ad2        0x2 
 .rodata.str.4839
                0x08008ad4       0x24 obj\debug\spl\src\ff.o
 .rodata.Tbl    0x08008af8      0x100 obj\debug\spl\src\unicode.o
 .rodata.tbl_lower.4377
                0x08008bf8      0x1e0 obj\debug\spl\src\unicode.o
 .rodata.tbl_upper.4378
                0x08008dd8      0x1e0 obj\debug\spl\src\unicode.o
 .rodata        0x08008fb8      0x26a obj\debug\src\main.o
 .rodata.str1.1
                0x08009222        0x2 c:/program files (x86)/embitz/1.11/share/em_armgcc/bin/../lib/gcc/arm-none-eabi/5.4.1/../../../../arm-none-eabi/lib/armv7e-m/fpu\libg_n.a(lib_a-impure.o)
 .rodata._global_impure_ptr
                0x08009224        0x4 c:/program files (x86)/embitz/1.11/share/em_armgcc/bin/../lib/gcc/arm-none-eabi/5.4.1/../../../../arm-none-eabi/lib/armv7e-m/fpu\libg_n.a(lib_a-impure.o)
                0x08009224                _global_impure_ptr
 .rodata._ctype_
                0x08009228      0x101 c:/program files (x86)/embitz/1.11/share/em_armgcc/bin/../lib/gcc/arm-none-eabi/5.4.1/../../../../arm-none-eabi/lib/armv7e-m/fpu\libg_n.a(lib_a-ctype_.o)
                0x08009228                _ctype_
 *fill*         0x08009329        0x3 
 .rodata.__sf_fake_stdin
                0x0800932c       0x20 c:/program files (x86)/embitz/1.11/share/em_armgcc/bin/../lib/gcc/arm-none-eabi/5.4.1/../../../../arm-none-eabi/lib/armv7e-m/fpu\libg_n.a(lib_a-findfp.o)
                0x0800932c                __sf_fake_stdin
 .rodata.__sf_fake_stdout
                0x0800934c       0x20 c:/program files (x86)/embitz/1.11/share/em_armgcc/bin/../lib/gcc/arm-none-eabi/5.4.1/../../../../arm-none-eabi/lib/armv7e-m/fpu\libg_n.a(lib_a-findfp.o)
                0x0800934c                __sf_fake_stdout
 .rodata.__sf_fake_stderr
                0x0800936c       0x20 c:/program files (x86)/embitz/1.11/share/em_armgcc/bin/../lib/gcc/arm-none-eabi/5.4.1/../../../../arm-none-eabi/lib/armv7e-m/fpu\libg_n.a(lib_a-findfp.o)
                0x0800936c                __sf_fake_stderr
 .rodata.str1.1
                0x0800938c       0x11 c:/program files (x86)/embitz/1.11/share/em_armgcc/bin/../lib/gcc/arm-none-eabi/5.4.1/../../../../arm-none-eabi/lib/armv7e-m/fpu\libg_n.a(lib_a-nano-svfprintf.o)
 .rodata.str1.1
                0x0800939d       0x11 c:/program files (x86)/embitz/1.11/share/em_armgcc/bin/../lib/gcc/arm-none-eabi/5.4.1/../../../../arm-none-eabi/lib/armv7e-m/fpu\libg_n.a(lib_a-nano-vfprintf.o)
 .rodata.str1.1
                0x0800939d       0x22 c:/program files (x86)/embitz/1.11/share/em_armgcc/bin/../lib/gcc/arm-none-eabi/5.4.1/../../../../arm-none-eabi/lib/armv7e-m/fpu\libg_n.a(lib_a-nano-vfprintf_i.o)
 *(.eh_frame*)
 *fill*         0x080093bf        0x1 
 .eh_frame      0x080093c0        0x0 c:/program files (x86)/embitz/1.11/share/em_armgcc/bin/../lib/gcc/arm-none-eabi/5.4.1/armv7e-m/fpu/crtbegin.o
 .eh_frame      0x080093c0        0x4 c:/program files (x86)/embitz/1.11/share/em_armgcc/bin/../lib/gcc/arm-none-eabi/5.4.1/armv7e-m/fpu/crtend.o

.glue_7         0x080093c4        0x0
 .glue_7        0x080093c4        0x0 linker stubs

.glue_7t        0x080093c4        0x0
 .glue_7t       0x080093c4        0x0 linker stubs

.vfp11_veneer   0x080093c4        0x0
 .vfp11_veneer  0x080093c4        0x0 linker stubs

.v4_bx          0x080093c4        0x0
 .v4_bx         0x080093c4        0x0 linker stubs

.iplt           0x080093c4        0x0
 .iplt          0x080093c4        0x0 c:/program files (x86)/embitz/1.11/share/em_armgcc/bin/../lib/gcc/arm-none-eabi/5.4.1/armv7e-m/fpu/crtbegin.o

.ARM.extab
 *(.ARM.extab* .gnu.linkonce.armextab.*)
                0x080093c4                __exidx_start = .

.ARM.exidx      0x080093c4        0x8
 *(.ARM.exidx* .gnu.linkonce.armexidx.*)
 .ARM.exidx     0x080093c4        0x8 c:/program files (x86)/embitz/1.11/share/em_armgcc/bin/../lib/gcc/arm-none-eabi/5.4.1/../../../../arm-none-eabi/lib/armv7e-m/fpu/crt0.o
                0x080093cc                __exidx_end = .
                0x080093cc                __etext = .

.rel.dyn        0x080093cc        0x0
 .rel.iplt      0x080093cc        0x0 c:/program files (x86)/embitz/1.11/share/em_armgcc/bin/../lib/gcc/arm-none-eabi/5.4.1/armv7e-m/fpu/crtbegin.o

.data           0x20000000      0x150 load address 0x080093cc
                0x20000000                __data_start__ = .
 *(vtable)
 *(.data*)
 .data.SysTickCounter
                0x20000000        0x4 obj\debug\spl\src\delay.o
                0x20000000                SysTickCounter
 .data.FATFS_LowLevelDrivers
                0x20000004       0xb4 obj\debug\spl\src\diskio.o
                0x20000004                FATFS_LowLevelDrivers
 .data.TM_FATFS_SD_SDIO_Stat
                0x200000b8        0x1 obj\debug\spl\src\fatfs_sd_sdio.o
 *fill*         0x200000b9        0x3 
 .data.APBAHBPrescTable
                0x200000bc       0x10 obj\debug\spl\src\stm32f4xx_rcc.o
 .data.SystemCoreClock
                0x200000cc        0x4 obj\debug\src\system_stm32f4xx.o
                0x200000cc                SystemCoreClock
 .data.AHBPrescTable
                0x200000d0       0x10 obj\debug\src\system_stm32f4xx.o
                0x200000d0                AHBPrescTable
 .data.impure_data
                0x200000e0       0x60 c:/program files (x86)/embitz/1.11/share/em_armgcc/bin/../lib/gcc/arm-none-eabi/5.4.1/../../../../arm-none-eabi/lib/armv7e-m/fpu\libg_n.a(lib_a-impure.o)
 .data._impure_ptr
                0x20000140        0x4 c:/program files (x86)/embitz/1.11/share/em_armgcc/bin/../lib/gcc/arm-none-eabi/5.4.1/../../../../arm-none-eabi/lib/armv7e-m/fpu\libg_n.a(lib_a-impure.o)
                0x20000140                _impure_ptr
 .data.__ctype_ptr__
                0x20000144        0x4 c:/program files (x86)/embitz/1.11/share/em_armgcc/bin/../lib/gcc/arm-none-eabi/5.4.1/../../../../arm-none-eabi/lib/armv7e-m/fpu\libg_n.a(lib_a-ctype_.o)
                0x20000144                __ctype_ptr__
                0x20000148                . = ALIGN (0x4)
                0x20000148                PROVIDE (__preinit_array_start, .)
 *(.preinit_array)
                0x20000148                PROVIDE (__preinit_array_end, .)
                0x20000148                . = ALIGN (0x4)
                0x20000148                PROVIDE (__init_array_start, .)
 *(SORT(.init_array.*))
 *(.init_array)
 .init_array    0x20000148        0x4 c:/program files (x86)/embitz/1.11/share/em_armgcc/bin/../lib/gcc/arm-none-eabi/5.4.1/armv7e-m/fpu/crtbegin.o
                0x2000014c                PROVIDE (__init_array_end, .)
                0x2000014c                . = ALIGN (0x4)
                [!provide]                PROVIDE (__fini_array_start, .)
 *(SORT(.fini_array.*))
 *(.fini_array)
 .fini_array    0x2000014c        0x4 c:/program files (x86)/embitz/1.11/share/em_armgcc/bin/../lib/gcc/arm-none-eabi/5.4.1/armv7e-m/fpu/crtbegin.o
                [!provide]                PROVIDE (__fini_array_end, .)
                0x20000150                . = ALIGN (0x4)
                0x20000150                __data_end__ = .

.jcr            0x20000150        0x0 load address 0x0800951c
 .jcr           0x20000150        0x0 c:/program files (x86)/embitz/1.11/share/em_armgcc/bin/../lib/gcc/arm-none-eabi/5.4.1/armv7e-m/fpu/crtbegin.o

.igot.plt       0x20000150        0x0 load address 0x0800951c
 .igot.plt      0x20000150        0x0 c:/program files (x86)/embitz/1.11/share/em_armgcc/bin/../lib/gcc/arm-none-eabi/5.4.1/armv7e-m/fpu/crtbegin.o

.bss            0x20000150      0x874 load address 0x08009520
                0x20000150                __bss_start__ = .
 *(.bss*)
 .bss           0x20000150       0x1c c:/program files (x86)/embitz/1.11/share/em_armgcc/bin/../lib/gcc/arm-none-eabi/5.4.1/armv7e-m/fpu/crtbegin.o
 .bss.CardType  0x2000016c        0x4 obj\debug\spl\src\fatfs_sd_sdio.o
 .bss.CSD_Tab   0x20000170       0x10 obj\debug\spl\src\fatfs_sd_sdio.o
 .bss.CID_Tab   0x20000180       0x10 obj\debug\spl\src\fatfs_sd_sdio.o
 .bss.RCA       0x20000190        0x4 obj\debug\spl\src\fatfs_sd_sdio.o
 .bss.StopCondition
                0x20000194        0x4 obj\debug\spl\src\fatfs_sd_sdio.o
                0x20000194                StopCondition
 .bss.TransferError
                0x20000198        0x1 obj\debug\spl\src\fatfs_sd_sdio.o
                0x20000198                TransferError
 *fill*         0x20000199        0x3 
 .bss.TransferEnd
                0x2000019c        0x4 obj\debug\spl\src\fatfs_sd_sdio.o
                0x2000019c                TransferEnd
 .bss.DMAEndOfTransfer
                0x200001a0        0x4 obj\debug\spl\src\fatfs_sd_sdio.o
                0x200001a0                DMAEndOfTransfer
 .bss.FatFs     0x200001a4       0x24 obj\debug\spl\src\ff.o
 .bss.Fsid      0x200001c8        0x2 obj\debug\spl\src\ff.o
 .bss.CurrVol   0x200001ca        0x1 obj\debug\spl\src\ff.o
 *fill*         0x200001cb        0x1 
 .bss.GPIO_UsedPins
                0x200001cc       0x16 obj\debug\spl\src\tm_stm32f4_gpio.o
 *fill*         0x200001e2        0x2 
 .bss.__malloc_sbrk_start
                0x200001e4        0x4 c:/program files (x86)/embitz/1.11/share/em_armgcc/bin/../lib/gcc/arm-none-eabi/5.4.1/../../../../arm-none-eabi/lib/armv7e-m/fpu\libg_n.a(lib_a-nano-mallocr.o)
                0x200001e4                __malloc_sbrk_start
 .bss.__malloc_free_list
                0x200001e8        0x4 c:/program files (x86)/embitz/1.11/share/em_armgcc/bin/../lib/gcc/arm-none-eabi/5.4.1/../../../../arm-none-eabi/lib/armv7e-m/fpu\libg_n.a(lib_a-nano-mallocr.o)
                0x200001e8                __malloc_free_list
 .bss.heap_end.4169
                0x200001ec        0x4 c:/program files (x86)/embitz/1.11/share/em_armgcc/bin/../lib/gcc/arm-none-eabi/5.4.1/../../../../arm-none-eabi/lib/armv7e-m/fpu\libnosys_s.a(sbrk.o)
 *(COMMON)
 COMMON         0x200001f0       0xa0 obj\debug\spl\src\fatfs_sd_sdio.o
                0x200001f0                SDIO_CmdInitStructure
                0x20000208                SDCardInfo
                0x20000260                SDIO_InitStructure
                0x20000278                SDIO_DataInitStructure
 COMMON         0x20000290      0x730 obj\debug\src\main.o
                0x20000290                TIM_TimeBaseStructure
                0x2000029c                FatFs
                0x200004d0                br
                0x200004d4                filename
                0x200004d8                buffer2
                0x200004dc                TIM_OCInitStructure
                0x200004f0                bw
                0x200004f4                fr
                0x200004f8                GPIO_InitStructure
                0x20000500                data_hump
                0x20000504                buffer4
                0x20000508                Rxbuffer
                0x200006fc                header
                0x20000730                data_temp
                0x20000734                pFile
                0x20000958                test_buff
                0x200009bc                width
 COMMON         0x200009c0        0x4 c:/program files (x86)/embitz/1.11/share/em_armgcc/bin/../lib/gcc/arm-none-eabi/5.4.1/../../../../arm-none-eabi/lib/armv7e-m/fpu\libg_n.a(lib_a-reent.o)
                0x200009c0                errno
                0x200009c4                __bss_end__ = .

.heap           0x200009c8        0x0
                0x200009c8                __end__ = .
                0x200009c8                end = __end__
 *(.heap*)
 .heap          0x200009c8        0x0 obj\debug\src\startup_stm32f4xx.o
                0x200009c8                __HeapLimit = .

.stack_dummy    0x200009c8      0x100
 *(.stack)
 .stack         0x200009c8      0x100 obj\debug\src\startup_stm32f4xx.o
                0x20020000                __StackTop = (ORIGIN (RAM) + LENGTH (RAM))
                0x2001ff00                __StackLimit = (__StackTop - SIZEOF (.stack_dummy))
                0x20020000                PROVIDE (__stack, __StackTop)
                0x00000001                ASSERT ((__StackLimit >= __HeapLimit), region RAM overflowed with stack)
LOAD obj\debug\spl\src\delay.o
LOAD obj\debug\spl\src\diskio.o
LOAD obj\debug\spl\src\fatfs_sd_sdio.o
LOAD obj\debug\spl\src\ff.o
LOAD obj\debug\spl\src\misc.o
LOAD obj\debug\spl\src\stm32f4xx_adc.o
LOAD obj\debug\spl\src\stm32f4xx_can.o
LOAD obj\debug\spl\src\stm32f4xx_crc.o
LOAD obj\debug\spl\src\stm32f4xx_cryp.o
LOAD obj\debug\spl\src\stm32f4xx_cryp_aes.o
LOAD obj\debug\spl\src\stm32f4xx_cryp_des.o
LOAD obj\debug\spl\src\stm32f4xx_cryp_tdes.o
LOAD obj\debug\spl\src\stm32f4xx_dac.o
LOAD obj\debug\spl\src\stm32f4xx_dbgmcu.o
LOAD obj\debug\spl\src\stm32f4xx_dcmi.o
LOAD obj\debug\spl\src\stm32f4xx_dma.o
LOAD obj\debug\spl\src\stm32f4xx_exti.o
LOAD obj\debug\spl\src\stm32f4xx_flash.o
LOAD obj\debug\spl\src\stm32f4xx_fsmc.o
LOAD obj\debug\spl\src\stm32f4xx_gpio.o
LOAD obj\debug\spl\src\stm32f4xx_hash.o
LOAD obj\debug\spl\src\stm32f4xx_hash_md5.o
LOAD obj\debug\spl\src\stm32f4xx_hash_sha1.o
LOAD obj\debug\spl\src\stm32f4xx_i2c.o
LOAD obj\debug\spl\src\stm32f4xx_iwdg.o
LOAD obj\debug\spl\src\stm32f4xx_pwr.o
LOAD obj\debug\spl\src\stm32f4xx_rcc.o
LOAD obj\debug\spl\src\stm32f4xx_rng.o
LOAD obj\debug\spl\src\stm32f4xx_rtc.o
LOAD obj\debug\spl\src\stm32f4xx_sdio.o
LOAD obj\debug\spl\src\stm32f4xx_spi.o
LOAD obj\debug\spl\src\stm32f4xx_syscfg.o
LOAD obj\debug\spl\src\stm32f4xx_tim.o
LOAD obj\debug\spl\src\stm32f4xx_usart.o
LOAD obj\debug\spl\src\stm32f4xx_wwdg.o
LOAD obj\debug\spl\src\syscall.o
LOAD obj\debug\spl\src\tm_stm32f4_fatfs.o
LOAD obj\debug\spl\src\tm_stm32f4_gpio.o
LOAD obj\debug\spl\src\uart.o
LOAD obj\debug\spl\src\unicode.o
LOAD obj\debug\src\main.o
LOAD obj\debug\src\startup_stm32f4xx.o
LOAD obj\debug\src\system_stm32f4xx.o
START GROUP
LOAD c:/program files (x86)/embitz/1.11/share/em_armgcc/bin/../lib/gcc/arm-none-eabi/5.4.1/armv7e-m/fpu\libgcc.a
LOAD c:/program files (x86)/embitz/1.11/share/em_armgcc/bin/../lib/gcc/arm-none-eabi/5.4.1/../../../../arm-none-eabi/lib/armv7e-m/fpu\libg_n.a
LOAD c:/program files (x86)/embitz/1.11/share/em_armgcc/bin/../lib/gcc/arm-none-eabi/5.4.1/../../../../arm-none-eabi/lib/armv7e-m/fpu\libc_n.a
END GROUP
START GROUP
LOAD c:/program files (x86)/embitz/1.11/share/em_armgcc/bin/../lib/gcc/arm-none-eabi/5.4.1/armv7e-m/fpu\libgcc.a
LOAD c:/program files (x86)/embitz/1.11/share/em_armgcc/bin/../lib/gcc/arm-none-eabi/5.4.1/../../../../arm-none-eabi/lib/armv7e-m/fpu\libc_n.a
LOAD c:/program files (x86)/embitz/1.11/share/em_armgcc/bin/../lib/gcc/arm-none-eabi/5.4.1/../../../../arm-none-eabi/lib/armv7e-m/fpu\libnosys_s.a
END GROUP
LOAD c:/program files (x86)/embitz/1.11/share/em_armgcc/bin/../lib/gcc/arm-none-eabi/5.4.1/armv7e-m/fpu/crtend.o
LOAD c:/program files (x86)/embitz/1.11/share/em_armgcc/bin/../lib/gcc/arm-none-eabi/5.4.1/armv7e-m/fpu/crtn.o
OUTPUT(bin\Debug\ngoaivi.elf elf32-littlearm)

.ARM.attributes
                0x00000000       0x30
 .ARM.attributes
                0x00000000       0x22 c:/program files (x86)/embitz/1.11/share/em_armgcc/bin/../lib/gcc/arm-none-eabi/5.4.1/armv7e-m/fpu/crti.o
 .ARM.attributes
                0x00000022       0x34 c:/program files (x86)/embitz/1.11/share/em_armgcc/bin/../lib/gcc/arm-none-eabi/5.4.1/armv7e-m/fpu/crtbegin.o
 .ARM.attributes
                0x00000056       0x20 c:/program files (x86)/embitz/1.11/share/em_armgcc/bin/../lib/gcc/arm-none-eabi/5.4.1/../../../../arm-none-eabi/lib/armv7e-m/fpu/crt0.o
 .ARM.attributes
                0x00000076       0x39 obj\debug\spl\src\delay.o
 .ARM.attributes
                0x000000af       0x39 obj\debug\spl\src\diskio.o
 .ARM.attributes
                0x000000e8       0x39 obj\debug\spl\src\fatfs_sd_sdio.o
 .ARM.attributes
                0x00000121       0x39 obj\debug\spl\src\ff.o
 .ARM.attributes
                0x0000015a       0x39 obj\debug\spl\src\misc.o
 .ARM.attributes
                0x00000193       0x39 obj\debug\spl\src\stm32f4xx_dma.o
 .ARM.attributes
                0x000001cc       0x39 obj\debug\spl\src\stm32f4xx_gpio.o
 .ARM.attributes
                0x00000205       0x39 obj\debug\spl\src\stm32f4xx_rcc.o
 .ARM.attributes
                0x0000023e       0x39 obj\debug\spl\src\stm32f4xx_sdio.o
 .ARM.attributes
                0x00000277       0x39 obj\debug\spl\src\stm32f4xx_tim.o
 .ARM.attributes
                0x000002b0       0x39 obj\debug\spl\src\stm32f4xx_usart.o
 .ARM.attributes
                0x000002e9       0x39 obj\debug\spl\src\tm_stm32f4_fatfs.o
 .ARM.attributes
                0x00000322       0x39 obj\debug\spl\src\tm_stm32f4_gpio.o
 .ARM.attributes
                0x0000035b       0x39 obj\debug\spl\src\uart.o
 .ARM.attributes
                0x00000394       0x39 obj\debug\spl\src\unicode.o
 .ARM.attributes
                0x000003cd       0x39 obj\debug\src\main.o
 .ARM.attributes
                0x00000406       0x1f obj\debug\src\startup_stm32f4xx.o
 .ARM.attributes
                0x00000425       0x39 obj\debug\src\system_stm32f4xx.o
 .ARM.attributes
                0x0000045e       0x22 c:/program files (x86)/embitz/1.11/share/em_armgcc/bin/../lib/gcc/arm-none-eabi/5.4.1/armv7e-m/fpu\libgcc.a(_arm_addsubdf3.o)
 .ARM.attributes
                0x00000480       0x34 c:/program files (x86)/embitz/1.11/share/em_armgcc/bin/../lib/gcc/arm-none-eabi/5.4.1/../../../../arm-none-eabi/lib/armv7e-m/fpu\libg_n.a(lib_a-atoi.o)
 .ARM.attributes
                0x000004b4       0x34 c:/program files (x86)/embitz/1.11/share/em_armgcc/bin/../lib/gcc/arm-none-eabi/5.4.1/../../../../arm-none-eabi/lib/armv7e-m/fpu\libg_n.a(lib_a-exit.o)
 .ARM.attributes
                0x000004e8       0x34 c:/program files (x86)/embitz/1.11/share/em_armgcc/bin/../lib/gcc/arm-none-eabi/5.4.1/../../../../arm-none-eabi/lib/armv7e-m/fpu\libg_n.a(lib_a-impure.o)
 .ARM.attributes
                0x0000051c       0x34 c:/program files (x86)/embitz/1.11/share/em_armgcc/bin/../lib/gcc/arm-none-eabi/5.4.1/../../../../arm-none-eabi/lib/armv7e-m/fpu\libg_n.a(lib_a-init.o)
 .ARM.attributes
                0x00000550       0x34 c:/program files (x86)/embitz/1.11/share/em_armgcc/bin/../lib/gcc/arm-none-eabi/5.4.1/../../../../arm-none-eabi/lib/armv7e-m/fpu\libg_n.a(lib_a-malloc.o)
 .ARM.attributes
                0x00000584       0x34 c:/program files (x86)/embitz/1.11/share/em_armgcc/bin/../lib/gcc/arm-none-eabi/5.4.1/../../../../arm-none-eabi/lib/armv7e-m/fpu\libg_n.a(lib_a-memcpy-stub.o)
 .ARM.attributes
                0x000005b8       0x34 c:/program files (x86)/embitz/1.11/share/em_armgcc/bin/../lib/gcc/arm-none-eabi/5.4.1/../../../../arm-none-eabi/lib/armv7e-m/fpu\libg_n.a(lib_a-memset.o)
 .ARM.attributes
                0x000005ec       0x34 c:/program files (x86)/embitz/1.11/share/em_armgcc/bin/../lib/gcc/arm-none-eabi/5.4.1/../../../../arm-none-eabi/lib/armv7e-m/fpu\libg_n.a(lib_a-nano-freer.o)
 .ARM.attributes
                0x00000620       0x34 c:/program files (x86)/embitz/1.11/share/em_armgcc/bin/../lib/gcc/arm-none-eabi/5.4.1/../../../../arm-none-eabi/lib/armv7e-m/fpu\libg_n.a(lib_a-nano-mallocr.o)
 .ARM.attributes
                0x00000654       0x34 c:/program files (x86)/embitz/1.11/share/em_armgcc/bin/../lib/gcc/arm-none-eabi/5.4.1/../../../../arm-none-eabi/lib/armv7e-m/fpu\libg_n.a(lib_a-printf.o)
 .ARM.attributes
                0x00000688       0x34 c:/program files (x86)/embitz/1.11/share/em_armgcc/bin/../lib/gcc/arm-none-eabi/5.4.1/../../../../arm-none-eabi/lib/armv7e-m/fpu\libg_n.a(lib_a-sbrkr.o)
 .ARM.attributes
                0x000006bc       0x34 c:/program files (x86)/embitz/1.11/share/em_armgcc/bin/../lib/gcc/arm-none-eabi/5.4.1/../../../../arm-none-eabi/lib/armv7e-m/fpu\libg_n.a(lib_a-sprintf.o)
 .ARM.attributes
                0x000006f0       0x34 c:/program files (x86)/embitz/1.11/share/em_armgcc/bin/../lib/gcc/arm-none-eabi/5.4.1/../../../../arm-none-eabi/lib/armv7e-m/fpu\libg_n.a(lib_a-strchr.o)
 .ARM.attributes
                0x00000724       0x34 c:/program files (x86)/embitz/1.11/share/em_armgcc/bin/../lib/gcc/arm-none-eabi/5.4.1/../../../../arm-none-eabi/lib/armv7e-m/fpu\libg_n.a(lib_a-strncpy.o)
 .ARM.attributes
                0x00000758       0x34 c:/program files (x86)/embitz/1.11/share/em_armgcc/bin/../lib/gcc/arm-none-eabi/5.4.1/../../../../arm-none-eabi/lib/armv7e-m/fpu\libg_n.a(lib_a-strtol.o)
 .ARM.attributes
                0x0000078c       0x34 c:/program files (x86)/embitz/1.11/share/em_armgcc/bin/../lib/gcc/arm-none-eabi/5.4.1/../../../../arm-none-eabi/lib/armv7e-m/fpu\libg_n.a(lib_a-ctype_.o)
 .ARM.attributes
                0x000007c0       0x34 c:/program files (x86)/embitz/1.11/share/em_armgcc/bin/../lib/gcc/arm-none-eabi/5.4.1/../../../../arm-none-eabi/lib/armv7e-m/fpu\libg_n.a(lib_a-findfp.o)
 .ARM.attributes
                0x000007f4       0x34 c:/program files (x86)/embitz/1.11/share/em_armgcc/bin/../lib/gcc/arm-none-eabi/5.4.1/../../../../arm-none-eabi/lib/armv7e-m/fpu\libg_n.a(lib_a-fwalk.o)
 .ARM.attributes
                0x00000828       0x34 c:/program files (x86)/embitz/1.11/share/em_armgcc/bin/../lib/gcc/arm-none-eabi/5.4.1/../../../../arm-none-eabi/lib/armv7e-m/fpu\libg_n.a(lib_a-mlock.o)
 .ARM.attributes
                0x0000085c       0x34 c:/program files (x86)/embitz/1.11/share/em_armgcc/bin/../lib/gcc/arm-none-eabi/5.4.1/../../../../arm-none-eabi/lib/armv7e-m/fpu\libg_n.a(lib_a-nano-svfprintf.o)
 .ARM.attributes
                0x00000890       0x34 c:/program files (x86)/embitz/1.11/share/em_armgcc/bin/../lib/gcc/arm-none-eabi/5.4.1/../../../../arm-none-eabi/lib/armv7e-m/fpu\libg_n.a(lib_a-nano-vfprintf.o)
 .ARM.attributes
                0x000008c4       0x34 c:/program files (x86)/embitz/1.11/share/em_armgcc/bin/../lib/gcc/arm-none-eabi/5.4.1/../../../../arm-none-eabi/lib/armv7e-m/fpu\libg_n.a(lib_a-nano-vfprintf_i.o)
 .ARM.attributes
                0x000008f8       0x34 c:/program files (x86)/embitz/1.11/share/em_armgcc/bin/../lib/gcc/arm-none-eabi/5.4.1/../../../../arm-none-eabi/lib/armv7e-m/fpu\libg_n.a(lib_a-reent.o)
 .ARM.attributes
                0x0000092c       0x34 c:/program files (x86)/embitz/1.11/share/em_armgcc/bin/../lib/gcc/arm-none-eabi/5.4.1/../../../../arm-none-eabi/lib/armv7e-m/fpu\libg_n.a(lib_a-stdio.o)
 .ARM.attributes
                0x00000960       0x34 c:/program files (x86)/embitz/1.11/share/em_armgcc/bin/../lib/gcc/arm-none-eabi/5.4.1/../../../../arm-none-eabi/lib/armv7e-m/fpu\libg_n.a(lib_a-wbuf.o)
 .ARM.attributes
                0x00000994       0x34 c:/program files (x86)/embitz/1.11/share/em_armgcc/bin/../lib/gcc/arm-none-eabi/5.4.1/../../../../arm-none-eabi/lib/armv7e-m/fpu\libg_n.a(lib_a-writer.o)
 .ARM.attributes
                0x000009c8       0x34 c:/program files (x86)/embitz/1.11/share/em_armgcc/bin/../lib/gcc/arm-none-eabi/5.4.1/../../../../arm-none-eabi/lib/armv7e-m/fpu\libg_n.a(lib_a-wsetup.o)
 .ARM.attributes
                0x000009fc       0x34 c:/program files (x86)/embitz/1.11/share/em_armgcc/bin/../lib/gcc/arm-none-eabi/5.4.1/../../../../arm-none-eabi/lib/armv7e-m/fpu\libg_n.a(lib_a-closer.o)
 .ARM.attributes
                0x00000a30       0x34 c:/program files (x86)/embitz/1.11/share/em_armgcc/bin/../lib/gcc/arm-none-eabi/5.4.1/../../../../arm-none-eabi/lib/armv7e-m/fpu\libg_n.a(lib_a-fflush.o)
 .ARM.attributes
                0x00000a64       0x34 c:/program files (x86)/embitz/1.11/share/em_armgcc/bin/../lib/gcc/arm-none-eabi/5.4.1/../../../../arm-none-eabi/lib/armv7e-m/fpu\libg_n.a(lib_a-lseekr.o)
 .ARM.attributes
                0x00000a98       0x34 c:/program files (x86)/embitz/1.11/share/em_armgcc/bin/../lib/gcc/arm-none-eabi/5.4.1/../../../../arm-none-eabi/lib/armv7e-m/fpu\libg_n.a(lib_a-makebuf.o)
 .ARM.attributes
                0x00000acc       0x20 c:/program files (x86)/embitz/1.11/share/em_armgcc/bin/../lib/gcc/arm-none-eabi/5.4.1/../../../../arm-none-eabi/lib/armv7e-m/fpu\libg_n.a(lib_a-memchr.o)
 .ARM.attributes
                0x00000aec       0x34 c:/program files (x86)/embitz/1.11/share/em_armgcc/bin/../lib/gcc/arm-none-eabi/5.4.1/../../../../arm-none-eabi/lib/armv7e-m/fpu\libg_n.a(lib_a-memmove.o)
 .ARM.attributes
                0x00000b20       0x34 c:/program files (x86)/embitz/1.11/share/em_armgcc/bin/../lib/gcc/arm-none-eabi/5.4.1/../../../../arm-none-eabi/lib/armv7e-m/fpu\libg_n.a(lib_a-nano-reallocr.o)
 .ARM.attributes
                0x00000b54       0x34 c:/program files (x86)/embitz/1.11/share/em_armgcc/bin/../lib/gcc/arm-none-eabi/5.4.1/../../../../arm-none-eabi/lib/armv7e-m/fpu\libg_n.a(lib_a-readr.o)
 .ARM.attributes
                0x00000b88       0x34 c:/program files (x86)/embitz/1.11/share/em_armgcc/bin/../lib/gcc/arm-none-eabi/5.4.1/../../../../arm-none-eabi/lib/armv7e-m/fpu\libg_n.a(lib_a-fstatr.o)
 .ARM.attributes
                0x00000bbc       0x34 c:/program files (x86)/embitz/1.11/share/em_armgcc/bin/../lib/gcc/arm-none-eabi/5.4.1/../../../../arm-none-eabi/lib/armv7e-m/fpu\libg_n.a(lib_a-isattyr.o)
 .ARM.attributes
                0x00000bf0       0x34 c:/program files (x86)/embitz/1.11/share/em_armgcc/bin/../lib/gcc/arm-none-eabi/5.4.1/../../../../arm-none-eabi/lib/armv7e-m/fpu\libg_n.a(lib_a-nano-msizer.o)
 .ARM.attributes
                0x00000c24       0x34 c:/program files (x86)/embitz/1.11/share/em_armgcc/bin/../lib/gcc/arm-none-eabi/5.4.1/../../../../arm-none-eabi/lib/armv7e-m/fpu\libnosys_s.a(close.o)
 .ARM.attributes
                0x00000c58       0x34 c:/program files (x86)/embitz/1.11/share/em_armgcc/bin/../lib/gcc/arm-none-eabi/5.4.1/../../../../arm-none-eabi/lib/armv7e-m/fpu\libnosys_s.a(fstat.o)
 .ARM.attributes
                0x00000c8c       0x34 c:/program files (x86)/embitz/1.11/share/em_armgcc/bin/../lib/gcc/arm-none-eabi/5.4.1/../../../../arm-none-eabi/lib/armv7e-m/fpu\libnosys_s.a(isatty.o)
 .ARM.attributes
                0x00000cc0       0x34 c:/program files (x86)/embitz/1.11/share/em_armgcc/bin/../lib/gcc/arm-none-eabi/5.4.1/../../../../arm-none-eabi/lib/armv7e-m/fpu\libnosys_s.a(lseek.o)
 .ARM.attributes
                0x00000cf4       0x34 c:/program files (x86)/embitz/1.11/share/em_armgcc/bin/../lib/gcc/arm-none-eabi/5.4.1/../../../../arm-none-eabi/lib/armv7e-m/fpu\libnosys_s.a(read.o)
 .ARM.attributes
                0x00000d28       0x34 c:/program files (x86)/embitz/1.11/share/em_armgcc/bin/../lib/gcc/arm-none-eabi/5.4.1/../../../../arm-none-eabi/lib/armv7e-m/fpu\libnosys_s.a(sbrk.o)
 .ARM.attributes
                0x00000d5c       0x34 c:/program files (x86)/embitz/1.11/share/em_armgcc/bin/../lib/gcc/arm-none-eabi/5.4.1/../../../../arm-none-eabi/lib/armv7e-m/fpu\libnosys_s.a(_exit.o)
 .ARM.attributes
                0x00000d90       0x34 c:/program files (x86)/embitz/1.11/share/em_armgcc/bin/../lib/gcc/arm-none-eabi/5.4.1/armv7e-m/fpu/crtend.o
 .ARM.attributes
                0x00000dc4       0x22 c:/program files (x86)/embitz/1.11/share/em_armgcc/bin/../lib/gcc/arm-none-eabi/5.4.1/armv7e-m/fpu/crtn.o

.comment        0x00000000       0x6e
 .comment       0x00000000       0x6e obj\debug\spl\src\delay.o
                                 0x6f (size before relaxing)
 .comment       0x0000006e       0x6f obj\debug\spl\src\diskio.o
 .comment       0x0000006e       0x6f obj\debug\spl\src\fatfs_sd_sdio.o
 .comment       0x0000006e       0x6f obj\debug\spl\src\ff.o
 .comment       0x0000006e       0x6f obj\debug\spl\src\misc.o
 .comment       0x0000006e       0x6f obj\debug\spl\src\stm32f4xx_dma.o
 .comment       0x0000006e       0x6f obj\debug\spl\src\stm32f4xx_gpio.o
 .comment       0x0000006e       0x6f obj\debug\spl\src\stm32f4xx_rcc.o
 .comment       0x0000006e       0x6f obj\debug\spl\src\stm32f4xx_sdio.o
 .comment       0x0000006e       0x6f obj\debug\spl\src\stm32f4xx_tim.o
 .comment       0x0000006e       0x6f obj\debug\spl\src\stm32f4xx_usart.o
 .comment       0x0000006e       0x6f obj\debug\spl\src\tm_stm32f4_fatfs.o
 .comment       0x0000006e       0x6f obj\debug\spl\src\tm_stm32f4_gpio.o
 .comment       0x0000006e       0x6f obj\debug\spl\src\uart.o
 .comment       0x0000006e       0x6f obj\debug\spl\src\unicode.o
 .comment       0x0000006e       0x6f obj\debug\src\main.o
 .comment       0x0000006e       0x6f obj\debug\src\system_stm32f4xx.o

.debug_info     0x00000000     0xcbda
 .debug_info    0x00000000      0x20e obj\debug\spl\src\delay.o
 .debug_info    0x0000020e      0x893 obj\debug\spl\src\diskio.o
 .debug_info    0x00000aa1     0x1d6f obj\debug\spl\src\fatfs_sd_sdio.o
 .debug_info    0x00002810     0x25d0 obj\debug\spl\src\ff.o
 .debug_info    0x00004de0      0x55e obj\debug\spl\src\misc.o
 .debug_info    0x0000533e      0x749 obj\debug\spl\src\stm32f4xx_dma.o
 .debug_info    0x00005a87      0x622 obj\debug\spl\src\stm32f4xx_gpio.o
 .debug_info    0x000060a9      0xc6b obj\debug\spl\src\stm32f4xx_rcc.o
 .debug_info    0x00006d14      0x805 obj\debug\spl\src\stm32f4xx_sdio.o
 .debug_info    0x00007519     0x1c71 obj\debug\spl\src\stm32f4xx_tim.o
 .debug_info    0x0000918a      0x9d2 obj\debug\spl\src\stm32f4xx_usart.o
 .debug_info    0x00009b5c      0x8a1 obj\debug\spl\src\tm_stm32f4_fatfs.o
 .debug_info    0x0000a3fd      0x845 obj\debug\spl\src\tm_stm32f4_gpio.o
 .debug_info    0x0000ac42      0x959 obj\debug\spl\src\uart.o
 .debug_info    0x0000b59b      0x166 obj\debug\spl\src\unicode.o
 .debug_info    0x0000b701      0xe98 obj\debug\src\main.o
 .debug_info    0x0000c599       0x74 obj\debug\src\startup_stm32f4xx.o
 .debug_info    0x0000c60d      0x5cd obj\debug\src\system_stm32f4xx.o

.debug_abbrev   0x00000000     0x1ae3
 .debug_abbrev  0x00000000      0x126 obj\debug\spl\src\delay.o
 .debug_abbrev  0x00000126      0x19d obj\debug\spl\src\diskio.o
 .debug_abbrev  0x000002c3      0x279 obj\debug\spl\src\fatfs_sd_sdio.o
 .debug_abbrev  0x0000053c      0x1ff obj\debug\spl\src\ff.o
 .debug_abbrev  0x0000073b      0x14c obj\debug\spl\src\misc.o
 .debug_abbrev  0x00000887      0x15c obj\debug\spl\src\stm32f4xx_dma.o
 .debug_abbrev  0x000009e3      0x1ac obj\debug\spl\src\stm32f4xx_gpio.o
 .debug_abbrev  0x00000b8f      0x1ea obj\debug\spl\src\stm32f4xx_rcc.o
 .debug_abbrev  0x00000d79      0x17e obj\debug\spl\src\stm32f4xx_sdio.o
 .debug_abbrev  0x00000ef7      0x18e obj\debug\spl\src\stm32f4xx_tim.o
 .debug_abbrev  0x00001085      0x15c obj\debug\spl\src\stm32f4xx_usart.o
 .debug_abbrev  0x000011e1      0x191 obj\debug\spl\src\tm_stm32f4_fatfs.o
 .debug_abbrev  0x00001372      0x156 obj\debug\spl\src\tm_stm32f4_gpio.o
 .debug_abbrev  0x000014c8      0x1fd obj\debug\spl\src\uart.o
 .debug_abbrev  0x000016c5       0x9c obj\debug\spl\src\unicode.o
 .debug_abbrev  0x00001761      0x231 obj\debug\src\main.o
 .debug_abbrev  0x00001992       0x14 obj\debug\src\startup_stm32f4xx.o
 .debug_abbrev  0x000019a6      0x13d obj\debug\src\system_stm32f4xx.o

.debug_aranges  0x00000000      0xf30
 .debug_aranges
                0x00000000       0x60 obj\debug\spl\src\delay.o
 .debug_aranges
                0x00000060      0x118 obj\debug\spl\src\diskio.o
 .debug_aranges
                0x00000178      0x1a8 obj\debug\spl\src\fatfs_sd_sdio.o
 .debug_aranges
                0x00000320      0x228 obj\debug\spl\src\ff.o
 .debug_aranges
                0x00000548       0x40 obj\debug\spl\src\misc.o
 .debug_aranges
                0x00000588       0xb0 obj\debug\spl\src\stm32f4xx_dma.o
 .debug_aranges
                0x00000638       0x88 obj\debug\spl\src\stm32f4xx_gpio.o
 .debug_aranges
                0x000006c0      0x178 obj\debug\spl\src\stm32f4xx_rcc.o
 .debug_aranges
                0x00000838      0x108 obj\debug\spl\src\stm32f4xx_sdio.o
 .debug_aranges
                0x00000940      0x2f8 obj\debug\spl\src\stm32f4xx_tim.o
 .debug_aranges
                0x00000c38      0x100 obj\debug\spl\src\stm32f4xx_usart.o
 .debug_aranges
                0x00000d38       0x58 obj\debug\spl\src\tm_stm32f4_fatfs.o
 .debug_aranges
                0x00000d90       0x98 obj\debug\spl\src\tm_stm32f4_gpio.o
 .debug_aranges
                0x00000e28       0x50 obj\debug\spl\src\uart.o
 .debug_aranges
                0x00000e78       0x28 obj\debug\spl\src\unicode.o
 .debug_aranges
                0x00000ea0       0x40 obj\debug\src\main.o
 .debug_aranges
                0x00000ee0       0x20 obj\debug\src\startup_stm32f4xx.o
 .debug_aranges
                0x00000f00       0x30 obj\debug\src\system_stm32f4xx.o

.debug_ranges   0x00000000      0xe00
 .debug_ranges  0x00000000       0x50 obj\debug\spl\src\delay.o
 .debug_ranges  0x00000050      0x108 obj\debug\spl\src\diskio.o
 .debug_ranges  0x00000158      0x198 obj\debug\spl\src\fatfs_sd_sdio.o
 .debug_ranges  0x000002f0      0x218 obj\debug\spl\src\ff.o
 .debug_ranges  0x00000508       0x30 obj\debug\spl\src\misc.o
 .debug_ranges  0x00000538       0xa0 obj\debug\spl\src\stm32f4xx_dma.o
 .debug_ranges  0x000005d8       0x78 obj\debug\spl\src\stm32f4xx_gpio.o
 .debug_ranges  0x00000650      0x168 obj\debug\spl\src\stm32f4xx_rcc.o
 .debug_ranges  0x000007b8       0xf8 obj\debug\spl\src\stm32f4xx_sdio.o
 .debug_ranges  0x000008b0      0x2e8 obj\debug\spl\src\stm32f4xx_tim.o
 .debug_ranges  0x00000b98       0xf0 obj\debug\spl\src\stm32f4xx_usart.o
 .debug_ranges  0x00000c88       0x48 obj\debug\spl\src\tm_stm32f4_fatfs.o
 .debug_ranges  0x00000cd0       0x88 obj\debug\spl\src\tm_stm32f4_gpio.o
 .debug_ranges  0x00000d58       0x40 obj\debug\spl\src\uart.o
 .debug_ranges  0x00000d98       0x18 obj\debug\spl\src\unicode.o
 .debug_ranges  0x00000db0       0x30 obj\debug\src\main.o
 .debug_ranges  0x00000de0       0x20 obj\debug\src\system_stm32f4xx.o

.debug_macro    0x00000000    0x131cc
 .debug_macro   0x00000000      0x1c6 obj\debug\spl\src\delay.o
 .debug_macro   0x000001c6      0x8aa obj\debug\spl\src\delay.o
 .debug_macro   0x00000a70       0x5d obj\debug\spl\src\delay.o
 .debug_macro   0x00000acd       0x35 obj\debug\spl\src\delay.o
 .debug_macro   0x00000b02       0x22 obj\debug\spl\src\delay.o
 .debug_macro   0x00000b24       0x87 obj\debug\spl\src\delay.o
 .debug_macro   0x00000bab       0x44 obj\debug\spl\src\delay.o
 .debug_macro   0x00000bef       0xfd obj\debug\spl\src\delay.o
 .debug_macro   0x00000cec       0x5e obj\debug\spl\src\delay.o
 .debug_macro   0x00000d4a      0x1df obj\debug\spl\src\delay.o
 .debug_macro   0x00000f29       0x18 obj\debug\spl\src\delay.o
 .debug_macro   0x00000f41       0x42 obj\debug\spl\src\delay.o
 .debug_macro   0x00000f83      0x8cb obj\debug\spl\src\delay.o
 .debug_macro   0x0000184e     0x81c3 obj\debug\spl\src\delay.o
 .debug_macro   0x00009a11      0x44e obj\debug\spl\src\delay.o
 .debug_macro   0x00009e5f      0x3cf obj\debug\spl\src\delay.o
 .debug_macro   0x0000a22e      0x111 obj\debug\spl\src\delay.o
 .debug_macro   0x0000a33f      0x182 obj\debug\spl\src\delay.o
 .debug_macro   0x0000a4c1       0xb2 obj\debug\spl\src\delay.o
 .debug_macro   0x0000a573      0x146 obj\debug\spl\src\delay.o
 .debug_macro   0x0000a6b9      0x477 obj\debug\spl\src\delay.o
 .debug_macro   0x0000ab30       0xac obj\debug\spl\src\delay.o
 .debug_macro   0x0000abdc      0x241 obj\debug\spl\src\delay.o
 .debug_macro   0x0000ae1d      0x279 obj\debug\spl\src\delay.o
 .debug_macro   0x0000b096       0xb5 obj\debug\spl\src\delay.o
 .debug_macro   0x0000b14b      0x265 obj\debug\spl\src\delay.o
 .debug_macro   0x0000b3b0      0x2b1 obj\debug\spl\src\delay.o
 .debug_macro   0x0000b661       0x64 obj\debug\spl\src\delay.o
 .debug_macro   0x0000b6c5       0xa6 obj\debug\spl\src\delay.o
 .debug_macro   0x0000b76b      0x538 obj\debug\spl\src\delay.o
 .debug_macro   0x0000bca3       0x40 obj\debug\spl\src\delay.o
 .debug_macro   0x0000bce3      0x57a obj\debug\spl\src\delay.o
 .debug_macro   0x0000c25d      0x341 obj\debug\spl\src\delay.o
 .debug_macro   0x0000c59e      0x36a obj\debug\spl\src\delay.o
 .debug_macro   0x0000c908       0xdf obj\debug\spl\src\delay.o
 .debug_macro   0x0000c9e7      0x73b obj\debug\spl\src\delay.o
 .debug_macro   0x0000d122      0x220 obj\debug\spl\src\delay.o
 .debug_macro   0x0000d342       0x34 obj\debug\spl\src\delay.o
 .debug_macro   0x0000d376       0x7f obj\debug\spl\src\delay.o
 .debug_macro   0x0000d3f5       0x35 obj\debug\spl\src\delay.o
 .debug_macro   0x0000d42a      0x3f2 obj\debug\spl\src\diskio.o
 .debug_macro   0x0000d81c       0x16 obj\debug\spl\src\diskio.o
 .debug_macro   0x0000d832       0x10 obj\debug\spl\src\diskio.o
 .debug_macro   0x0000d842       0x16 obj\debug\spl\src\diskio.o
 .debug_macro   0x0000d858       0xa0 obj\debug\spl\src\diskio.o
 .debug_macro   0x0000d8f8       0xdc obj\debug\spl\src\diskio.o
 .debug_macro   0x0000d9d4       0xf5 obj\debug\spl\src\diskio.o
 .debug_macro   0x0000dac9       0xaf obj\debug\spl\src\diskio.o
 .debug_macro   0x0000db78       0x52 obj\debug\spl\src\diskio.o
 .debug_macro   0x0000dbca       0x35 obj\debug\spl\src\diskio.o
 .debug_macro   0x0000dbff       0x9c obj\debug\spl\src\diskio.o
 .debug_macro   0x0000dc9b      0x174 obj\debug\spl\src\diskio.o
 .debug_macro   0x0000de0f       0x52 obj\debug\spl\src\diskio.o
 .debug_macro   0x0000de61       0x1f obj\debug\spl\src\diskio.o
 .debug_macro   0x0000de80       0x43 obj\debug\spl\src\diskio.o
 .debug_macro   0x0000dec3       0x20 obj\debug\spl\src\diskio.o
 .debug_macro   0x0000dee3      0x187 obj\debug\spl\src\diskio.o
 .debug_macro   0x0000e06a      0x30d obj\debug\spl\src\diskio.o
 .debug_macro   0x0000e377       0x10 obj\debug\spl\src\diskio.o
 .debug_macro   0x0000e387       0x35 obj\debug\spl\src\diskio.o
 .debug_macro   0x0000e3bc       0x16 obj\debug\spl\src\diskio.o
 .debug_macro   0x0000e3d2       0x16 obj\debug\spl\src\diskio.o
 .debug_macro   0x0000e3e8       0x29 obj\debug\spl\src\diskio.o
 .debug_macro   0x0000e411       0x1c obj\debug\spl\src\diskio.o
 .debug_macro   0x0000e42d       0x10 obj\debug\spl\src\diskio.o
 .debug_macro   0x0000e43d       0x10 obj\debug\spl\src\diskio.o
 .debug_macro   0x0000e44d       0x1c obj\debug\spl\src\diskio.o
 .debug_macro   0x0000e469       0x52 obj\debug\spl\src\diskio.o
 .debug_macro   0x0000e4bb       0x40 obj\debug\spl\src\diskio.o
 .debug_macro   0x0000e4fb       0x10 obj\debug\spl\src\diskio.o
 .debug_macro   0x0000e50b       0x40 obj\debug\spl\src\diskio.o
 .debug_macro   0x0000e54b       0xd7 obj\debug\spl\src\diskio.o
 .debug_macro   0x0000e622       0x16 obj\debug\spl\src\diskio.o
 .debug_macro   0x0000e638      0x189 obj\debug\spl\src\diskio.o
 .debug_macro   0x0000e7c1       0x19 obj\debug\spl\src\diskio.o
 .debug_macro   0x0000e7da      0x400 obj\debug\spl\src\diskio.o
 .debug_macro   0x0000ebda      0x3c4 obj\debug\spl\src\fatfs_sd_sdio.o
 .debug_macro   0x0000ef9e      0x2a4 obj\debug\spl\src\ff.o
 .debug_macro   0x0000f242       0x58 obj\debug\spl\src\ff.o
 .debug_macro   0x0000f29a      0x1c6 obj\debug\spl\src\misc.o
 .debug_macro   0x0000f460       0x79 obj\debug\spl\src\misc.o
 .debug_macro   0x0000f4d9      0x214 obj\debug\spl\src\stm32f4xx_dma.o
 .debug_macro   0x0000f6ed      0x471 obj\debug\spl\src\stm32f4xx_dma.o
 .debug_macro   0x0000fb5e      0x1c0 obj\debug\spl\src\stm32f4xx_gpio.o
 .debug_macro   0x0000fd1e      0x25f obj\debug\spl\src\stm32f4xx_gpio.o
 .debug_macro   0x0000ff7d      0x268 obj\debug\spl\src\stm32f4xx_rcc.o
 .debug_macro   0x000101e5      0x532 obj\debug\spl\src\stm32f4xx_rcc.o
 .debug_macro   0x00010717      0x28c obj\debug\spl\src\stm32f4xx_sdio.o
 .debug_macro   0x000109a3      0x33b obj\debug\spl\src\stm32f4xx_sdio.o
 .debug_macro   0x00010cde      0x1ea obj\debug\spl\src\stm32f4xx_tim.o
 .debug_macro   0x00010ec8      0x735 obj\debug\spl\src\stm32f4xx_tim.o
 .debug_macro   0x000115fd      0x1d8 obj\debug\spl\src\stm32f4xx_usart.o
 .debug_macro   0x000117d5      0x21a obj\debug\spl\src\stm32f4xx_usart.o
 .debug_macro   0x000119ef      0x3aa obj\debug\spl\src\tm_stm32f4_fatfs.o
 .debug_macro   0x00011d99      0x1d2 obj\debug\spl\src\tm_stm32f4_gpio.o
 .debug_macro   0x00011f6b       0xa9 obj\debug\spl\src\tm_stm32f4_gpio.o
 .debug_macro   0x00012014      0x318 obj\debug\spl\src\uart.o
 .debug_macro   0x0001232c       0x16 obj\debug\spl\src\uart.o
 .debug_macro   0x00012342       0x97 obj\debug\spl\src\uart.o
 .debug_macro   0x000123d9       0xfd obj\debug\spl\src\uart.o
 .debug_macro   0x000124d6       0x70 obj\debug\spl\src\uart.o
 .debug_macro   0x00012546       0x3e obj\debug\spl\src\unicode.o
 .debug_macro   0x00012584      0x432 obj\debug\src\main.o
 .debug_macro   0x000129b6       0x16 obj\debug\src\main.o
 .debug_macro   0x000129cc       0x10 obj\debug\src\main.o
 .debug_macro   0x000129dc       0xee obj\debug\src\main.o
 .debug_macro   0x00012aca       0x16 obj\debug\src\main.o
 .debug_macro   0x00012ae0      0x513 obj\debug\src\main.o
 .debug_macro   0x00012ff3      0x1d9 obj\debug\src\system_stm32f4xx.o

.debug_line     0x00000000     0x8bc0
 .debug_line    0x00000000      0x521 obj\debug\spl\src\delay.o
 .debug_line    0x00000521      0x871 obj\debug\spl\src\diskio.o
 .debug_line    0x00000d92     0x1002 obj\debug\spl\src\fatfs_sd_sdio.o
 .debug_line    0x00001d94     0x16ce obj\debug\spl\src\ff.o
 .debug_line    0x00003462      0x4d4 obj\debug\spl\src\misc.o
 .debug_line    0x00003936      0x6b7 obj\debug\spl\src\stm32f4xx_dma.o
 .debug_line    0x00003fed      0x5ec obj\debug\spl\src\stm32f4xx_gpio.o
 .debug_line    0x000045d9      0x832 obj\debug\spl\src\stm32f4xx_rcc.o
 .debug_line    0x00004e0b      0x6c5 obj\debug\spl\src\stm32f4xx_sdio.o
 .debug_line    0x000054d0      0xd4e obj\debug\spl\src\stm32f4xx_tim.o
 .debug_line    0x0000621e      0x731 obj\debug\spl\src\stm32f4xx_usart.o
 .debug_line    0x0000694f      0x77a obj\debug\spl\src\tm_stm32f4_fatfs.o
 .debug_line    0x000070c9      0x65f obj\debug\spl\src\tm_stm32f4_gpio.o
 .debug_line    0x00007728      0x65c obj\debug\spl\src\uart.o
 .debug_line    0x00007d84       0xd4 obj\debug\spl\src\unicode.o
 .debug_line    0x00007e58      0x7ab obj\debug\src\main.o
 .debug_line    0x00008603       0xcc obj\debug\src\startup_stm32f4xx.o
 .debug_line    0x000086cf      0x4f1 obj\debug\src\system_stm32f4xx.o

.debug_str      0x00000000    0x633aa
 .debug_str     0x00000000    0x5660e obj\debug\spl\src\delay.o
                              0x567b6 (size before relaxing)
 .debug_str     0x0005660e     0x62b2 obj\debug\spl\src\diskio.o
                              0x5ca6e (size before relaxing)
 .debug_str     0x0005c8c0     0x1669 obj\debug\spl\src\fatfs_sd_sdio.o
                              0x5ddfa (size before relaxing)
 .debug_str     0x0005df29      0xe65 obj\debug\spl\src\ff.o
                               0x3d9f (size before relaxing)
 .debug_str     0x0005ed8e      0x191 obj\debug\spl\src\misc.o
                              0x56965 (size before relaxing)
 .debug_str     0x0005ef1f      0x548 obj\debug\spl\src\stm32f4xx_dma.o
                              0x56dcb (size before relaxing)
 .debug_str     0x0005f467      0x225 obj\debug\spl\src\stm32f4xx_gpio.o
                              0x56a10 (size before relaxing)
 .debug_str     0x0005f68c      0xa0a obj\debug\spl\src\stm32f4xx_rcc.o
                              0x57291 (size before relaxing)
 .debug_str     0x00060096      0x801 obj\debug\spl\src\stm32f4xx_sdio.o
                              0x570fe (size before relaxing)
 .debug_str     0x00060897      0xc1f obj\debug\spl\src\stm32f4xx_tim.o
                              0x57404 (size before relaxing)
 .debug_str     0x000614b6      0x52a obj\debug\spl\src\stm32f4xx_usart.o
                              0x56d20 (size before relaxing)
 .debug_str     0x000619e0      0x1a5 obj\debug\spl\src\tm_stm32f4_fatfs.o
                              0x5b440 (size before relaxing)
 .debug_str     0x00061b85      0x1fb obj\debug\spl\src\tm_stm32f4_gpio.o
                              0x56fd8 (size before relaxing)
 .debug_str     0x00061d80      0x29b obj\debug\spl\src\uart.o
                              0x5ad14 (size before relaxing)
 .debug_str     0x0006201b       0x47 obj\debug\spl\src\unicode.o
                               0x2c0c (size before relaxing)
 .debug_str     0x00062062     0x12ab obj\debug\src\main.o
                              0x5e101 (size before relaxing)
 .debug_str     0x0006330d       0x9d obj\debug\src\system_stm32f4xx.o
                              0x56951 (size before relaxing)

.debug_frame    0x00000000     0x4c94
 .debug_frame   0x00000000      0x13c obj\debug\spl\src\delay.o
 .debug_frame   0x0000013c      0x4a4 obj\debug\spl\src\diskio.o
 .debug_frame   0x000005e0      0x73c obj\debug\spl\src\fatfs_sd_sdio.o
 .debug_frame   0x00000d1c      0x9fc obj\debug\spl\src\ff.o
 .debug_frame   0x00001718       0xd8 obj\debug\spl\src\misc.o
 .debug_frame   0x000017f0      0x308 obj\debug\spl\src\stm32f4xx_dma.o
 .debug_frame   0x00001af8      0x23c obj\debug\spl\src\stm32f4xx_gpio.o
 .debug_frame   0x00001d34      0x6d4 obj\debug\spl\src\stm32f4xx_rcc.o
 .debug_frame   0x00002408      0x48c obj\debug\spl\src\stm32f4xx_sdio.o
 .debug_frame   0x00002894      0xe54 obj\debug\spl\src\stm32f4xx_tim.o
 .debug_frame   0x000036e8      0x490 obj\debug\spl\src\stm32f4xx_usart.o
 .debug_frame   0x00003b78      0x140 obj\debug\spl\src\tm_stm32f4_fatfs.o
 .debug_frame   0x00003cb8      0x274 obj\debug\spl\src\tm_stm32f4_gpio.o
 .debug_frame   0x00003f2c      0x114 obj\debug\spl\src\uart.o
 .debug_frame   0x00004040       0x60 obj\debug\spl\src\unicode.o
 .debug_frame   0x000040a0       0xc8 obj\debug\src\main.o
 .debug_frame   0x00004168       0x7c obj\debug\src\system_stm32f4xx.o
 .debug_frame   0x000041e4       0x30 c:/program files (x86)/embitz/1.11/share/em_armgcc/bin/../lib/gcc/arm-none-eabi/5.4.1/../../../../arm-none-eabi/lib/armv7e-m/fpu\libg_n.a(lib_a-atoi.o)
 .debug_frame   0x00004214       0x28 c:/program files (x86)/embitz/1.11/share/em_armgcc/bin/../lib/gcc/arm-none-eabi/5.4.1/../../../../arm-none-eabi/lib/armv7e-m/fpu\libg_n.a(lib_a-exit.o)
 .debug_frame   0x0000423c       0x2c c:/program files (x86)/embitz/1.11/share/em_armgcc/bin/../lib/gcc/arm-none-eabi/5.4.1/../../../../arm-none-eabi/lib/armv7e-m/fpu\libg_n.a(lib_a-init.o)
 .debug_frame   0x00004268       0x30 c:/program files (x86)/embitz/1.11/share/em_armgcc/bin/../lib/gcc/arm-none-eabi/5.4.1/../../../../arm-none-eabi/lib/armv7e-m/fpu\libg_n.a(lib_a-malloc.o)
 .debug_frame   0x00004298       0x28 c:/program files (x86)/embitz/1.11/share/em_armgcc/bin/../lib/gcc/arm-none-eabi/5.4.1/../../../../arm-none-eabi/lib/armv7e-m/fpu\libg_n.a(lib_a-memcpy-stub.o)
 .debug_frame   0x000042c0       0x20 c:/program files (x86)/embitz/1.11/share/em_armgcc/bin/../lib/gcc/arm-none-eabi/5.4.1/../../../../arm-none-eabi/lib/armv7e-m/fpu\libg_n.a(lib_a-memset.o)
 .debug_frame   0x000042e0       0x38 c:/program files (x86)/embitz/1.11/share/em_armgcc/bin/../lib/gcc/arm-none-eabi/5.4.1/../../../../arm-none-eabi/lib/armv7e-m/fpu\libg_n.a(lib_a-nano-freer.o)
 .debug_frame   0x00004318       0x2c c:/program files (x86)/embitz/1.11/share/em_armgcc/bin/../lib/gcc/arm-none-eabi/5.4.1/../../../../arm-none-eabi/lib/armv7e-m/fpu\libg_n.a(lib_a-nano-mallocr.o)
 .debug_frame   0x00004344       0x74 c:/program files (x86)/embitz/1.11/share/em_armgcc/bin/../lib/gcc/arm-none-eabi/5.4.1/../../../../arm-none-eabi/lib/armv7e-m/fpu\libg_n.a(lib_a-printf.o)
 .debug_frame   0x000043b8       0x2c c:/program files (x86)/embitz/1.11/share/em_armgcc/bin/../lib/gcc/arm-none-eabi/5.4.1/../../../../arm-none-eabi/lib/armv7e-m/fpu\libg_n.a(lib_a-sbrkr.o)
 .debug_frame   0x000043e4       0x70 c:/program files (x86)/embitz/1.11/share/em_armgcc/bin/../lib/gcc/arm-none-eabi/5.4.1/../../../../arm-none-eabi/lib/armv7e-m/fpu\libg_n.a(lib_a-sprintf.o)
 .debug_frame   0x00004454       0x20 c:/program files (x86)/embitz/1.11/share/em_armgcc/bin/../lib/gcc/arm-none-eabi/5.4.1/../../../../arm-none-eabi/lib/armv7e-m/fpu\libg_n.a(lib_a-strchr.o)
 .debug_frame   0x00004474       0x28 c:/program files (x86)/embitz/1.11/share/em_armgcc/bin/../lib/gcc/arm-none-eabi/5.4.1/../../../../arm-none-eabi/lib/armv7e-m/fpu\libg_n.a(lib_a-strncpy.o)
 .debug_frame   0x0000449c       0x44 c:/program files (x86)/embitz/1.11/share/em_armgcc/bin/../lib/gcc/arm-none-eabi/5.4.1/../../../../arm-none-eabi/lib/armv7e-m/fpu\libg_n.a(lib_a-strtol.o)
 .debug_frame   0x000044e0      0x11c c:/program files (x86)/embitz/1.11/share/em_armgcc/bin/../lib/gcc/arm-none-eabi/5.4.1/../../../../arm-none-eabi/lib/armv7e-m/fpu\libg_n.a(lib_a-findfp.o)
 .debug_frame   0x000045fc       0x54 c:/program files (x86)/embitz/1.11/share/em_armgcc/bin/../lib/gcc/arm-none-eabi/5.4.1/../../../../arm-none-eabi/lib/armv7e-m/fpu\libg_n.a(lib_a-fwalk.o)
 .debug_frame   0x00004650       0x30 c:/program files (x86)/embitz/1.11/share/em_armgcc/bin/../lib/gcc/arm-none-eabi/5.4.1/../../../../arm-none-eabi/lib/armv7e-m/fpu\libg_n.a(lib_a-mlock.o)
 .debug_frame   0x00004680       0x90 c:/program files (x86)/embitz/1.11/share/em_armgcc/bin/../lib/gcc/arm-none-eabi/5.4.1/../../../../arm-none-eabi/lib/armv7e-m/fpu\libg_n.a(lib_a-nano-svfprintf.o)
 .debug_frame   0x00004710       0xac c:/program files (x86)/embitz/1.11/share/em_armgcc/bin/../lib/gcc/arm-none-eabi/5.4.1/../../../../arm-none-eabi/lib/armv7e-m/fpu\libg_n.a(lib_a-nano-vfprintf.o)
 .debug_frame   0x000047bc       0x60 c:/program files (x86)/embitz/1.11/share/em_armgcc/bin/../lib/gcc/arm-none-eabi/5.4.1/../../../../arm-none-eabi/lib/armv7e-m/fpu\libg_n.a(lib_a-nano-vfprintf_i.o)